D/OpenGLRenderer( 1635): bindFramebuffer 0xb8c1d420, old 1, new 0
D/Surface ( 1635): Surface::setBuffersDimensions(this=0xb8e8d308,w=720,h=1280)
D/OpenGLRenderer( 1635): compose layer 0xb8f4e408 at (0.000000, 0.000000, 674.000000, 84.000000), alpha 255, swap 0, ignoreTrasform 0, translateform {0x13 [0.900000 0.000000 0.000000 56.700012] [0.000000 0.900000 0.000000 245.700012] [0.000000 0.000000 1.000000 0.000000] [0.000000 0.000000 0.000000 1.000000]} <0xb8eccaa0>
D/SurfaceFlinger(  260): requestNextVsync(260)
D/SurfaceFlinger(  260): postEvent(1635, v/c=1451)
D/SurfaceFlinger(  260): postEvent(260, v/c=1902)
D/DisplayEventReceiver( 1635): rev(0xb8bb6880) w/ vsync, t=151170164477, id=0, c=1451
D/SurfaceFlinger(  260): requestNextVsync(260)
D/SurfaceFlinger(  260): requestNextVsync(260)
V/ViewRootImpl( 1635): scheduleTraversals: mTraversalBarrier = 401,this = ViewRoot{3e08fb49 com.android.systemui/com.android.systemui.recents.RecentsActivity,ident = 5}
V/DisplayEventReceiver( 1635): call nativeScheduleVsync mReceiverPtr = -1195677568
D/SurfaceFlinger(  260): requestNextVsync(1635)
V/ViewRootImpl( 1635): ViewRoot performTraversals+ : mFirst = false, this = ViewRoot{3e08fb49 com.android.systemui/com.android.systemui.recents.RecentsActivity,ident = 5}
D/OpenGLRenderer( 1635): push layer 0xb8f4e408, textureSize (704, 128), layerSize (674.00,84.00), alpha 255 <0xb8eccaa0>
D/OpenGLRenderer( 1635): DrawFrameTask 0xb8e90810, canUnblockUiThread 1, canDrawThisFrame 1
D/OpenGLRenderer( 1635): --defer layer start (674x84, Layer 0xb8f4e408) frame#6 <0xb8f4ccb0>
D/OpenGLRenderer( 1635): --defer layer end frame#6 <0xb8f4ccb0>
D/OpenGLRenderer( 1635): Rendering into layer 0xb8f4e408, fbo 1, alpha 255
V/ViewRootImpl( 1635): ViewRoot performTraversals and draw- : mResizeBuffer = null, mResizeAlpha = 0, this = ViewRoot{3e08fb49 com.android.systemui/com.android.systemui.recents.RecentsActivity,ident = 5} frame#33 (cancelDraw = false)
D/OpenGLRenderer( 1635): bindFramebuffer 0xb8c1d420, old 0, new 1
D/OpenGLRenderer( 1635): --flush layer start (674x84, Layer 0xb8f4e408) frame#6 <0xb8f4ccb0>
D/OpenGLRenderer( 1635): compose layer 0xb8f9c6e8 at (18.000000, 18.000000, 54.000000, 54.000000), alpha 22, swap 0, ignoreTrasform 0, translateform {0x11 [1.000000 0.000000 0.000000 596.000000] [0.000000 1.000000 0.000000 6.000000] [0.000000 0.000000 1.000000 0.000000] [0.000000 0.000000 0.000000 1.000000]} <0xb8f4ccb0>
D/OpenGLRenderer( 1635): --flush layer end frame#6 <0xb8f4ccb0>
D/OpenGLRenderer( 1635): Finished rendering into layer 0xb8f4e408, fbo 1, alpha 255
D/OpenGLRenderer( 1635): bindFramebuffer 0xb8c1d420, old 1, new 0
D/Surface ( 1635): Surface::setBuffersDimensions(this=0xb8e8d308,w=720,h=1280)
D/OpenGLRenderer( 1635): compose layer 0xb8f4e408 at (0.000000, 0.000000, 674.000000, 84.000000), alpha 255, swap 0, ignoreTrasform 0, translateform {0x13 [0.900000 0.000000 0.000000 56.700012] [0.000000 0.900000 0.000000 245.700012] [0.000000 0.000000 1.000000 0.000000] [0.000000 0.000000 0.000000 1.000000]} <0xb8eccaa0>
D/SurfaceFlinger(  260): requestNextVsync(260)
D/SurfaceFlinger(  260): postEvent(260, v/c=1903)
D/SurfaceFlinger(  260): postEvent(1635, v/c=1452)
D/DisplayEventReceiver( 1635): rev(0xb8bb6880) w/ vsync, t=151185845831, id=0, c=1452
D/SurfaceFlinger(  260): requestNextVsync(260)
D/SurfaceFlinger(  260): requestNextVsync(260)
V/ViewRootImpl( 1635): scheduleTraversals: mTraversalBarrier = 402,this = ViewRoot{3e08fb49 com.android.systemui/com.android.systemui.recents.RecentsActivity,ident = 5}
V/DisplayEventReceiver( 1635): call nativeScheduleVsync mReceiverPtr = -1195677568
D/SurfaceFlinger(  260): requestNextVsync(1635)
V/ViewRootImpl( 1635): ViewRoot performTraversals+ : mFirst = false, this = ViewRoot{3e08fb49 com.android.systemui/com.android.systemui.recents.RecentsActivity,ident = 5}
D/OpenGLRenderer( 1635): push layer 0xb8f4e408, textureSize (704, 128), layerSize (674.00,84.00), alpha 255 <0xb8eccaa0>
D/OpenGLRenderer( 1635): DrawFrameTask 0xb8e90810, canUnblockUiThread 1, canDrawThisFrame 1
D/OpenGLRenderer( 1635): --defer layer start (674x84, Layer 0xb8f4e408) frame#7 <0xb8f4ccb0>
D/OpenGLRenderer( 1635): --defer layer end frame#7 <0xb8f4ccb0>
D/OpenGLRenderer( 1635): Rendering into layer 0xb8f4e408, fbo 1, alpha 255
D/OpenGLRenderer( 1635): bindFramebuffer 0xb8c1d420, old 0, new 1
D/OpenGLRenderer( 1635): --flush layer start (674x84, Layer 0xb8f4e408) frame#7 <0xb8f4ccb0>
V/ViewRootImpl( 1635): ViewRoot performTraversals and draw- : mResizeBuffer = null, mResizeAlpha = 0, this = ViewRoot{3e08fb49 com.android.systemui/com.android.systemui.recents.RecentsActivity,ident = 5} frame#34 (cancelDraw = false)
D/OpenGLRenderer( 1635): compose layer 0xb8f9c6e8 at (18.000000, 18.000000, 54.000000, 54.000000), alpha 36, swap 0, ignoreTrasform 0, translateform {0x11 [1.000000 0.000000 0.000000 596.000000] [0.000000 1.000000 0.000000 6.000000] [0.000000 0.000000 1.000000 0.000000] [0.000000 0.000000 0.000000 1.000000]} <0xb8f4ccb0>
D/OpenGLRenderer( 1635): --flush layer end frame#7 <0xb8f4ccb0>
D/OpenGLRenderer( 1635): Finished rendering into layer 0xb8f4e408, fbo 1, alpha 255
D/OpenGLRenderer( 1635): bindFramebuffer 0xb8c1d420, old 1, new 0
D/Surface ( 1635): Surface::setBuffersDimensions(this=0xb8e8d308,w=720,h=1280)
D/OpenGLRenderer( 1635): compose layer 0xb8f4e408 at (0.000000, 0.000000, 674.000000, 84.000000), alpha 255, swap 0, ignoreTrasform 0, translateform {0x13 [0.900000 0.000000 0.000000 56.700012] [0.000000 0.900000 0.000000 245.700012] [0.000000 0.000000 1.000000 0.000000] [0.000000 0.000000 0.000000 1.000000]} <0xb8eccaa0>
D/SurfaceFlinger(  260): requestNextVsync(260)
D/SurfaceFlinger(  260): postEvent(260, v/c=1904)
D/SurfaceFlinger(  260): postEvent(1635, v/c=1453)
D/DisplayEventReceiver( 1635): rev(0xb8bb6880) w/ vsync, t=151201386750, id=0, c=1453
D/SurfaceFlinger(  260): requestNextVsync(260)
D/SurfaceFlinger(  260): requestNextVsync(260)
V/ViewRootImpl( 1635): scheduleTraversals: mTraversalBarrier = 403,this = ViewRoot{3e08fb49 com.android.systemui/com.android.systemui.recents.RecentsActivity,ident = 5}
V/DisplayEventReceiver( 1635): call nativeScheduleVsync mReceiverPtr = -1195677568
D/SurfaceFlinger(  260): requestNextVsync(1635)
V/ViewRootImpl( 1635): ViewRoot performTraversals+ : mFirst = false, this = ViewRoot{3e08fb49 com.android.systemui/com.android.systemui.recents.RecentsActivity,ident = 5}
D/OpenGLRenderer( 1635): push layer 0xb8f4e408, textureSize (704, 128), layerSize (674.00,84.00), alpha 255 <0xb8eccaa0>
D/OpenGLRenderer( 1635): DrawFrameTask 0xb8e90810, canUnblockUiThread 1, canDrawThisFrame 1
D/OpenGLRenderer( 1635): --defer layer start (674x84, Layer 0xb8f4e408) frame#8 <0xb8f4ccb0>
D/OpenGLRenderer( 1635): --defer layer end frame#8 <0xb8f4ccb0>
D/OpenGLRenderer( 1635): Rendering into layer 0xb8f4e408, fbo 1, alpha 255
D/OpenGLRenderer( 1635): bindFramebuffer 0xb8c1d420, old 0, new 1
D/OpenGLRenderer( 1635): --flush layer start (674x84, Layer 0xb8f4e408) frame#8 <0xb8f4ccb0>
V/ViewRootImpl( 1635): ViewRoot performTraversals and draw- : mResizeBuffer = null, mResizeAlpha = 0, this = ViewRoot{3e08fb49 com.android.systemui/com.android.systemui.recents.RecentsActivity,ident = 5} frame#35 (cancelDraw = false)
D/OpenGLRenderer( 1635): compose layer 0xb8f9c6e8 at (18.000000, 18.000000, 54.000000, 54.000000), alpha 54, swap 0, ignoreTrasform 0, translateform {0x11 [1.000000 0.000000 0.000000 596.000000] [0.000000 1.000000 0.000000 6.000000] [0.000000 0.000000 1.000000 0.000000] [0.000000 0.000000 0.000000 1.000000]} <0xb8f4ccb0>
D/OpenGLRenderer( 1635): --flush layer end frame#8 <0xb8f4ccb0>
D/OpenGLRenderer( 1635): Finished rendering into layer 0xb8f4e408, fbo 1, alpha 255
D/OpenGLRenderer( 1635): bindFramebuffer 0xb8c1d420, old 1, new 0
D/Surface ( 1635): Surface::setBuffersDimensions(this=0xb8e8d308,w=720,h=1280)
D/OpenGLRenderer( 1635): compose layer 0xb8f4e408 at (0.000000, 0.000000, 674.000000, 84.000000), alpha 255, swap 0, ignoreTrasform 0, translateform {0x13 [0.900000 0.000000 0.000000 56.700012] [0.000000 0.900000 0.000000 245.700012] [0.000000 0.000000 1.000000 0.000000] [0.000000 0.000000 0.000000 1.000000]} <0xb8eccaa0>
D/SurfaceFlinger(  260): requestNextVsync(260)
D/SurfaceFlinger(  260): postEvent(260, v/c=1905)
D/SurfaceFlinger(  260): postEvent(1635, v/c=1454)
D/DisplayEventReceiver( 1635): rev(0xb8bb6880) w/ vsync, t=151217071519, id=0, c=1454
D/SurfaceFlinger(  260): requestNextVsync(260)
D/SurfaceFlinger(  260): requestNextVsync(260)
V/ViewRootImpl( 1635): scheduleTraversals: mTraversalBarrier = 404,this = ViewRoot{3e08fb49 com.android.systemui/com.android.systemui.recents.RecentsActivity,ident = 5}
V/DisplayEventReceiver( 1635): call nativeScheduleVsync mReceiverPtr = -1195677568
D/SurfaceFlinger(  260): requestNextVsync(1635)
V/ViewRootImpl( 1635): ViewRoot performTraversals+ : mFirst = false, this = ViewRoot{3e08fb49 com.android.systemui/com.android.systemui.recents.RecentsActivity,ident = 5}
D/OpenGLRenderer( 1635): push layer 0xb8f4e408, textureSize (704, 128), layerSize (674.00,84.00), alpha 255 <0xb8eccaa0>
D/OpenGLRenderer( 1635): DrawFrameTask 0xb8e90810, canUnblockUiThread 1, canDrawThisFrame 1
D/OpenGLRenderer( 1635): --defer layer start (674x84, Layer 0xb8f4e408) frame#9 <0xb8f4ccb0>
D/OpenGLRenderer( 1635): --defer layer end frame#9 <0xb8f4ccb0>
V/ViewRootImpl( 1635): ViewRoot performTraversals and draw- : mResizeBuffer = null, mResizeAlpha = 0, this = ViewRoot{3e08fb49 com.android.systemui/com.android.systemui.recents.RecentsActivity,ident = 5} frame#36 (cancelDraw = false)
D/OpenGLRenderer( 1635): Rendering into layer 0xb8f4e408, fbo 1, alpha 255
D/OpenGLRenderer( 1635): bindFramebuffer 0xb8c1d420, old 0, new 1
D/OpenGLRenderer( 1635): --flush layer start (674x84, Layer 0xb8f4e408) frame#9 <0xb8f4ccb0>
D/OpenGLRenderer( 1635): compose layer 0xb8f9c6e8 at (18.000000, 18.000000, 54.000000, 54.000000), alpha 74, swap 0, ignoreTrasform 0, translateform {0x11 [1.000000 0.000000 0.000000 596.000000] [0.000000 1.000000 0.000000 6.000000] [0.000000 0.000000 1.000000 0.000000] [0.000000 0.000000 0.000000 1.000000]} <0xb8f4ccb0>
D/OpenGLRenderer( 1635): --flush layer end frame#9 <0xb8f4ccb0>
D/OpenGLRenderer( 1635): Finished rendering into layer 0xb8f4e408, fbo 1, alpha 255
D/OpenGLRenderer( 1635): bindFramebuffer 0xb8c1d420, old 1, new 0
D/Surface ( 1635): Surface::setBuffersDimensions(this=0xb8e8d308,w=720,h=1280)
D/OpenGLRenderer( 1635): compose layer 0xb8f4e408 at (0.000000, 0.000000, 674.000000, 84.000000), alpha 255, swap 0, ignoreTrasform 0, translateform {0x13 [0.900000 0.000000 0.000000 56.700012] [0.000000 0.900000 0.000000 245.700012] [0.000000 0.000000 1.000000 0.000000] [0.000000 0.000000 0.000000 1.000000]} <0xb8eccaa0>
D/SurfaceFlinger(  260): requestNextVsync(260)
D/SurfaceFlinger(  260): postEvent(260, v/c=1906)
D/SurfaceFlinger(  260): postEvent(1635, v/c=1455)
D/DisplayEventReceiver( 1635): rev(0xb8bb6880) w/ vsync, t=151232756288, id=0, c=1455
D/SurfaceFlinger(  260): requestNextVsync(260)
D/SurfaceFlinger(  260): requestNextVsync(260)
V/ViewRootImpl( 1635): scheduleTraversals: mTraversalBarrier = 405,this = ViewRoot{3e08fb49 com.android.systemui/com.android.systemui.recents.RecentsActivity,ident = 5}
V/DisplayEventReceiver( 1635): call nativeScheduleVsync mReceiverPtr = -1195677568
D/SurfaceFlinger(  260): requestNextVsync(1635)
V/ViewRootImpl( 1635): ViewRoot performTraversals+ : mFirst = false, this = ViewRoot{3e08fb49 com.android.systemui/com.android.systemui.recents.RecentsActivity,ident = 5}
D/OpenGLRenderer( 1635): push layer 0xb8f4e408, textureSize (704, 128), layerSize (674.00,84.00), alpha 255 <0xb8eccaa0>
D/OpenGLRenderer( 1635): DrawFrameTask 0xb8e90810, canUnblockUiThread 1, canDrawThisFrame 1
D/OpenGLRenderer( 1635): --defer layer start (674x84, Layer 0xb8f4e408) frame#10 <0xb8f4ccb0>
D/OpenGLRenderer( 1635): --defer layer end frame#10 <0xb8f4ccb0>
D/OpenGLRenderer( 1635): Rendering into layer 0xb8f4e408, fbo 1, alpha 255
D/OpenGLRenderer( 1635): bindFramebuffer 0xb8c1d420, old 0, new 1
V/ViewRootImpl( 1635): ViewRoot performTraversals and draw- : mResizeBuffer = null, mResizeAlpha = 0, this = ViewRoot{3e08fb49 com.android.systemui/com.android.systemui.recents.RecentsActivity,ident = 5} frame#37 (cancelDraw = false)
D/OpenGLRenderer( 1635): --flush layer start (674x84, Layer 0xb8f4e408) frame#10 <0xb8f4ccb0>
D/OpenGLRenderer( 1635): compose layer 0xb8f9c6e8 at (18.000000, 18.000000, 54.000000, 54.000000), alpha 95, swap 0, ignoreTrasform 0, translateform {0x11 [1.000000 0.000000 0.000000 596.000000] [0.000000 1.000000 0.000000 6.000000] [0.000000 0.000000 1.000000 0.000000] [0.000000 0.000000 0.000000 1.000000]} <0xb8f4ccb0>
D/OpenGLRenderer( 1635): --flush layer end frame#10 <0xb8f4ccb0>
D/OpenGLRenderer( 1635): Finished rendering into layer 0xb8f4e408, fbo 1, alpha 255
D/OpenGLRenderer( 1635): bindFramebuffer 0xb8c1d420, old 1, new 0
D/Surface ( 1635): Surface::setBuffersDimensions(this=0xb8e8d308,w=720,h=1280)
D/OpenGLRenderer( 1635): compose layer 0xb8f4e408 at (0.000000, 0.000000, 674.000000, 84.000000), alpha 255, swap 0, ignoreTrasform 0, translateform {0x13 [0.900000 0.000000 0.000000 56.700012] [0.000000 0.900000 0.000000 245.700012] [0.000000 0.000000 1.000000 0.000000] [0.000000 0.000000 0.000000 1.000000]} <0xb8eccaa0>
D/SurfaceFlinger(  260): requestNextVsync(260)
D/SurfaceFlinger(  260): postEvent(260, v/c=1907)
D/SurfaceFlinger(  260): postEvent(1635, v/c=1456)
D/DisplayEventReceiver( 1635): rev(0xb8bb6880) w/ vsync, t=151248441057, id=0, c=1456
D/SurfaceFlinger(  260): requestNextVsync(260)
D/SurfaceFlinger(  260): requestNextVsync(260)
V/ViewRootImpl( 1635): scheduleTraversals: mTraversalBarrier = 406,this = ViewRoot{3e08fb49 com.android.systemui/com.android.systemui.recents.RecentsActivity,ident = 5}
V/DisplayEventReceiver( 1635): call nativeScheduleVsync mReceiverPtr = -1195677568
D/SurfaceFlinger(  260): requestNextVsync(1635)
V/ViewRootImpl( 1635): ViewRoot performTraversals+ : mFirst = false, this = ViewRoot{3e08fb49 com.android.systemui/com.android.systemui.recents.RecentsActivity,ident = 5}
D/OpenGLRenderer( 1635): push layer 0xb8f4e408, textureSize (704, 128), layerSize (674.00,84.00), alpha 255 <0xb8eccaa0>
D/OpenGLRenderer( 1635): DrawFrameTask 0xb8e90810, canUnblockUiThread 1, canDrawThisFrame 1
D/OpenGLRenderer( 1635): --defer layer start (674x84, Layer 0xb8f4e408) frame#11 <0xb8f4ccb0>
D/OpenGLRenderer( 1635): --defer layer end frame#11 <0xb8f4ccb0>
D/OpenGLRenderer( 1635): Rendering into layer 0xb8f4e408, fbo 1, alpha 255
D/OpenGLRenderer( 1635): bindFramebuffer 0xb8c1d420, old 0, new 1
V/ViewRootImpl( 1635): ViewRoot performTraversals and draw- : mResizeBuffer = null, mResizeAlpha = 0, this = ViewRoot{3e08fb49 com.android.systemui/com.android.systemui.recents.RecentsActivity,ident = 5} frame#38 (cancelDraw = false)
D/OpenGLRenderer( 1635): --flush layer start (674x84, Layer 0xb8f4e408) frame#11 <0xb8f4ccb0>
D/OpenGLRenderer( 1635): compose layer 0xb8f9c6e8 at (18.000000, 18.000000, 54.000000, 54.000000), alpha 119, swap 0, ignoreTrasform 0, translateform {0x11 [1.000000 0.000000 0.000000 596.000000] [0.000000 1.000000 0.000000 6.000000] [0.000000 0.000000 1.000000 0.000000] [0.000000 0.000000 0.000000 1.000000]} <0xb8f4ccb0>
D/OpenGLRenderer( 1635): --flush layer end frame#11 <0xb8f4ccb0>
D/OpenGLRenderer( 1635): Finished rendering into layer 0xb8f4e408, fbo 1, alpha 255
D/OpenGLRenderer( 1635): bindFramebuffer 0xb8c1d420, old 1, new 0
D/Surface ( 1635): Surface::setBuffersDimensions(this=0xb8e8d308,w=720,h=1280)
D/OpenGLRenderer( 1635): compose layer 0xb8f4e408 at (0.000000, 0.000000, 674.000000, 84.000000), alpha 255, swap 0, ignoreTrasform 0, translateform {0x13 [0.900000 0.000000 0.000000 56.700012] [0.000000 0.900000 0.000000 245.700012] [0.000000 0.000000 1.000000 0.000000] [0.000000 0.000000 0.000000 1.000000]} <0xb8eccaa0>
D/SurfaceFlinger(  260): requestNextVsync(260)
D/SurfaceFlinger(  260): postEvent(260, v/c=1908)
D/SurfaceFlinger(  260): postEvent(1635, v/c=1457)
D/DisplayEventReceiver( 1635): rev(0xb8bb6880) w/ vsync, t=151264125826, id=0, c=1457
D/SurfaceFlinger(  260): requestNextVsync(260)
D/SurfaceFlinger(  260): requestNextVsync(260)
I/SurfaceFlinger(  260): [Built-in Screen (type:0)] fps:9.969318,dur:1003.08,max:861.67,min:14.66
V/ViewRootImpl( 1635): scheduleTraversals: mTraversalBarrier = 407,this = ViewRoot{3e08fb49 com.android.systemui/com.android.systemui.recents.RecentsActivity,ident = 5}
V/DisplayEventReceiver( 1635): call nativeScheduleVsync mReceiverPtr = -1195677568
V/ViewRootImpl( 1635): ViewRoot performTraversals+ : mFirst = false, this = ViewRoot{3e08fb49 com.android.systemui/com.android.systemui.recents.RecentsActivity,ident = 5}
D/SurfaceFlinger(  260): requestNextVsync(1635)
D/OpenGLRenderer( 1635): push layer 0xb8f4e408, textureSize (704, 128), layerSize (674.00,84.00), alpha 255 <0xb8eccaa0>
D/OpenGLRenderer( 1635): DrawFrameTask 0xb8e90810, canUnblockUiThread 1, canDrawThisFrame 1
D/OpenGLRenderer( 1635): --defer layer start (674x84, Layer 0xb8f4e408) frame#12 <0xb8f4ccb0>
D/OpenGLRenderer( 1635): --defer layer end frame#12 <0xb8f4ccb0>
D/OpenGLRenderer( 1635): Rendering into layer 0xb8f4e408, fbo 1, alpha 255
D/OpenGLRenderer( 1635): bindFramebuffer 0xb8c1d420, old 0, new 1
D/OpenGLRenderer( 1635): --flush layer start (674x84, Layer 0xb8f4e408) frame#12 <0xb8f4ccb0>
V/ViewRootImpl( 1635): ViewRoot performTraversals and draw- : mResizeBuffer = null, mResizeAlpha = 0, this = ViewRoot{3e08fb49 com.android.systemui/com.android.systemui.recents.RecentsActivity,ident = 5} frame#39 (cancelDraw = false)
D/OpenGLRenderer( 1635): compose layer 0xb8f9c6e8 at (18.000000, 18.000000, 54.000000, 54.000000), alpha 145, swap 0, ignoreTrasform 0, translateform {0x11 [1.000000 0.000000 0.000000 596.000000] [0.000000 1.000000 0.000000 6.000000] [0.000000 0.000000 1.000000 0.000000] [0.000000 0.000000 0.000000 1.000000]} <0xb8f4ccb0>
D/OpenGLRenderer( 1635): --flush layer end frame#12 <0xb8f4ccb0>
D/OpenGLRenderer( 1635): Finished rendering into layer 0xb8f4e408, fbo 1, alpha 255
D/OpenGLRenderer( 1635): bindFramebuffer 0xb8c1d420, old 1, new 0
D/Surface ( 1635): Surface::setBuffersDimensions(this=0xb8e8d308,w=720,h=1280)
D/OpenGLRenderer( 1635): compose layer 0xb8f4e408 at (0.000000, 0.000000, 674.000000, 84.000000), alpha 255, swap 0, ignoreTrasform 0, translateform {0x13 [0.900000 0.000000 0.000000 56.700012] [0.000000 0.900000 0.000000 245.700012] [0.000000 0.000000 1.000000 0.000000] [0.000000 0.000000 0.000000 1.000000]} <0xb8eccaa0>
D/SurfaceFlinger(  260): requestNextVsync(260)
D/SurfaceFlinger(  260): postEvent(260, v/c=1909)
D/SurfaceFlinger(  260): postEvent(1635, v/c=1458)
D/DisplayEventReceiver( 1635): rev(0xb8bb6880) w/ vsync, t=151279810595, id=0, c=1458
D/SurfaceFlinger(  260): requestNextVsync(260)
V/ViewRootImpl( 1635): scheduleTraversals: mTraversalBarrier = 408,this = ViewRoot{3e08fb49 com.android.systemui/com.android.systemui.recents.RecentsActivity,ident = 5}
D/SurfaceFlinger(  260): requestNextVsync(260)
V/DisplayEventReceiver( 1635): call nativeScheduleVsync mReceiverPtr = -1195677568
D/SurfaceFlinger(  260): requestNextVsync(1635)
V/ViewRootImpl( 1635): ViewRoot performTraversals+ : mFirst = false, this = ViewRoot{3e08fb49 com.android.systemui/com.android.systemui.recents.RecentsActivity,ident = 5}
D/OpenGLRenderer( 1635): push layer 0xb8f4e408, textureSize (704, 128), layerSize (674.00,84.00), alpha 255 <0xb8eccaa0>
D/OpenGLRenderer( 1635): DrawFrameTask 0xb8e90810, canUnblockUiThread 1, canDrawThisFrame 1
D/OpenGLRenderer( 1635): --defer layer start (674x84, Layer 0xb8f4e408) frame#13 <0xb8f4ccb0>
D/OpenGLRenderer( 1635): --defer layer end frame#13 <0xb8f4ccb0>
D/OpenGLRenderer( 1635): Rendering into layer 0xb8f4e408, fbo 1, alpha 255
D/OpenGLRenderer( 1635): bindFramebuffer 0xb8c1d420, old 0, new 1
D/OpenGLRenderer( 1635): --flush layer start (674x84, Layer 0xb8f4e408) frame#13 <0xb8f4ccb0>
V/ViewRootImpl( 1635): ViewRoot performTraversals and draw- : mResizeBuffer = null, mResizeAlpha = 0, this = ViewRoot{3e08fb49 com.android.systemui/com.android.systemui.recents.RecentsActivity,ident = 5} frame#40 (cancelDraw = false)
D/OpenGLRenderer( 1635): compose layer 0xb8f9c6e8 at (18.000000, 18.000000, 54.000000, 54.000000), alpha 171, swap 0, ignoreTrasform 0, translateform {0x11 [1.000000 0.000000 0.000000 596.000000] [0.000000 1.000000 0.000000 6.000000] [0.000000 0.000000 1.000000 0.000000] [0.000000 0.000000 0.000000 1.000000]} <0xb8f4ccb0>
D/OpenGLRenderer( 1635): --flush layer end frame#13 <0xb8f4ccb0>
D/OpenGLRenderer( 1635): Finished rendering into layer 0xb8f4e408, fbo 1, alpha 255
D/OpenGLRenderer( 1635): bindFramebuffer 0xb8c1d420, old 1, new 0
D/Surface ( 1635): Surface::setBuffersDimensions(this=0xb8e8d308,w=720,h=1280)
D/OpenGLRenderer( 1635): compose layer 0xb8f4e408 at (0.000000, 0.000000, 674.000000, 84.000000), alpha 255, swap 0, ignoreTrasform 0, translateform {0x13 [0.900000 0.000000 0.000000 56.700012] [0.000000 0.900000 0.000000 245.700012] [0.000000 0.000000 1.000000 0.000000] [0.000000 0.000000 0.000000 1.000000]} <0xb8eccaa0>
D/SurfaceFlinger(  260): requestNextVsync(260)
D/SurfaceFlinger(  260): postEvent(260, v/c=1910)
D/SurfaceFlinger(  260): postEvent(1635, v/c=1459)
D/DisplayEventReceiver( 1635): rev(0xb8bb6880) w/ vsync, t=151295495364, id=0, c=1459
V/ViewRootImpl( 1635): scheduleTraversals: mTraversalBarrier = 409,this = ViewRoot{3e08fb49 com.android.systemui/com.android.systemui.recents.RecentsActivity,ident = 5}
V/DisplayEventReceiver( 1635): call nativeScheduleVsync mReceiverPtr = -1195677568
V/ViewRootImpl( 1635): ViewRoot performTraversals+ : mFirst = false, this = ViewRoot{3e08fb49 com.android.systemui/com.android.systemui.recents.RecentsActivity,ident = 5}
D/OpenGLRenderer( 1635): push layer 0xb8f4e408, textureSize (704, 128), layerSize (674.00,84.00), alpha 255 <0xb8eccaa0>
D/SurfaceFlinger(  260): requestNextVsync(260)
D/SurfaceFlinger(  260): requestNextVsync(1635)
D/SurfaceFlinger(  260): requestNextVsync(260)
D/OpenGLRenderer( 1635): DrawFrameTask 0xb8e90810, canUnblockUiThread 1, canDrawThisFrame 1
D/OpenGLRenderer( 1635): --defer layer start (674x84, Layer 0xb8f4e408) frame#14 <0xb8f4ccb0>
D/OpenGLRenderer( 1635): --defer layer end frame#14 <0xb8f4ccb0>
D/OpenGLRenderer( 1635): Rendering into layer 0xb8f4e408, fbo 1, alpha 255
D/OpenGLRenderer( 1635): bindFramebuffer 0xb8c1d420, old 0, new 1
D/OpenGLRenderer( 1635): --flush layer start (674x84, Layer 0xb8f4e408) frame#14 <0xb8f4ccb0>
D/OpenGLRenderer( 1635): compose layer 0xb8f9c6e8 at (18.000000, 18.000000, 54.000000, 54.000000), alpha 200, swap 0, ignoreTrasform 0, translateform {0x11 [1.000000 0.000000 0.000000 596.000000] [0.000000 1.000000 0.000000 6.000000] [0.000000 0.000000 1.000000 0.000000] [0.000000 0.000000 0.000000 1.000000]} <0xb8f4ccb0>
D/OpenGLRenderer( 1635): --flush layer end frame#14 <0xb8f4ccb0>
D/OpenGLRenderer( 1635): Finished rendering into layer 0xb8f4e408, fbo 1, alpha 255
D/OpenGLRenderer( 1635): bindFramebuffer 0xb8c1d420, old 1, new 0
D/Surface ( 1635): Surface::setBuffersDimensions(this=0xb8e8d308,w=720,h=1280)
D/OpenGLRenderer( 1635): compose layer 0xb8f4e408 at (0.000000, 0.000000, 674.000000, 84.000000), alpha 255, swap 0, ignoreTrasform 0, translateform {0x13 [0.900000 0.000000 0.000000 56.700012] [0.000000 0.900000 0.000000 245.700012] [0.000000 0.000000 1.000000 0.000000] [0.000000 0.000000 0.000000 1.000000]} <0xb8eccaa0>
V/ViewRootImpl( 1635): ViewRoot performTraversals and draw- : mResizeBuffer = null, mResizeAlpha = 0, this = ViewRoot{3e08fb49 com.android.systemui/com.android.systemui.recents.RecentsActivity,ident = 5} frame#41 (cancelDraw = false)
D/SurfaceFlinger(  260): postEvent(260, v/c=1911)
D/SurfaceFlinger(  260): postEvent(1635, v/c=1460)
D/DisplayEventReceiver( 1635): rev(0xb8bb6880) w/ vsync, t=151311180133, id=0, c=1460
D/SurfaceFlinger(  260): requestNextVsync(260)
V/ViewRootImpl( 1635): scheduleTraversals: mTraversalBarrier = 410,this = ViewRoot{3e08fb49 com.android.systemui/com.android.systemui.recents.RecentsActivity,ident = 5}
V/DisplayEventReceiver( 1635): call nativeScheduleVsync mReceiverPtr = -1195677568
D/SurfaceFlinger(  260): requestNextVsync(1635)
V/ViewRootImpl( 1635): ViewRoot performTraversals+ : mFirst = false, this = ViewRoot{3e08fb49 com.android.systemui/com.android.systemui.recents.RecentsActivity,ident = 5}
D/OpenGLRenderer( 1635): push layer 0xb8f4e408, textureSize (704, 128), layerSize (674.00,84.00), alpha 255 <0xb8eccaa0>
D/OpenGLRenderer( 1635): DrawFrameTask 0xb8e90810, canUnblockUiThread 1, canDrawThisFrame 1
D/OpenGLRenderer( 1635): --defer layer start (674x84, Layer 0xb8f4e408) frame#15 <0xb8f4ccb0>
D/OpenGLRenderer( 1635): --defer layer end frame#15 <0xb8f4ccb0>
D/OpenGLRenderer( 1635): Rendering into layer 0xb8f4e408, fbo 1, alpha 255
D/OpenGLRenderer( 1635): bindFramebuffer 0xb8c1d420, old 0, new 1
D/OpenGLRenderer( 1635): --flush layer start (674x84, Layer 0xb8f4e408) frame#15 <0xb8f4ccb0>
V/ViewRootImpl( 1635): ViewRoot performTraversals and draw- : mResizeBuffer = null, mResizeAlpha = 0, this = ViewRoot{3e08fb49 com.android.systemui/com.android.systemui.recents.RecentsActivity,ident = 5} frame#42 (cancelDraw = false)
D/OpenGLRenderer( 1635): compose layer 0xb8f9c6e8 at (18.000000, 18.000000, 54.000000, 54.000000), alpha 230, swap 0, ignoreTrasform 0, translateform {0x11 [1.000000 0.000000 0.000000 596.000000] [0.000000 1.000000 0.000000 6.000000] [0.000000 0.000000 1.000000 0.000000] [0.000000 0.000000 0.000000 1.000000]} <0xb8f4ccb0>
D/OpenGLRenderer( 1635): --flush layer end frame#15 <0xb8f4ccb0>
D/OpenGLRenderer( 1635): Finished rendering into layer 0xb8f4e408, fbo 1, alpha 255
D/OpenGLRenderer( 1635): bindFramebuffer 0xb8c1d420, old 1, new 0
D/Surface ( 1635): Surface::setBuffersDimensions(this=0xb8e8d308,w=720,h=1280)
D/OpenGLRenderer( 1635): compose layer 0xb8f4e408 at (0.000000, 0.000000, 674.000000, 84.000000), alpha 255, swap 0, ignoreTrasform 0, translateform {0x13 [0.900000 0.000000 0.000000 56.700012] [0.000000 0.900000 0.000000 245.700012] [0.000000 0.000000 1.000000 0.000000] [0.000000 0.000000 0.000000 1.000000]} <0xb8eccaa0>
D/SurfaceFlinger(  260): requestNextVsync(260)
D/SurfaceFlinger(  260): postEvent(260, v/c=1912)
D/SurfaceFlinger(  260): postEvent(1635, v/c=1461)
D/DisplayEventReceiver( 1635): rev(0xb8bb6880) w/ vsync, t=151326864902, id=0, c=1461
D/SurfaceFlinger(  260): requestNextVsync(260)
D/SurfaceFlinger(  260): requestNextVsync(260)
V/ViewRootImpl( 1635): scheduleTraversals: mTraversalBarrier = 411,this = ViewRoot{3e08fb49 com.android.systemui/com.android.systemui.recents.RecentsActivity,ident = 5}
V/DisplayEventReceiver( 1635): call nativeScheduleVsync mReceiverPtr = -1195677568
D/SurfaceFlinger(  260): requestNextVsync(1635)
V/ViewRootImpl( 1635): ViewRoot performTraversals+ : mFirst = false, this = ViewRoot{3e08fb49 com.android.systemui/com.android.systemui.recents.RecentsActivity,ident = 5}
D/OpenGLRenderer( 1635): Destroying or caching layer 0xb8f9c6e8, 128x128, fbo 2, texture 19, alpha 255
D/OpenGLRenderer( 1635):   Cached!
D/OpenGLRenderer( 1635): bindFramebuffer 0xb8c1d420, old 0, new 2
D/OpenGLRenderer( 1635): bindFramebuffer 0xb8c1d420, old 2, new 0
D/OpenGLRenderer( 1635):   Layer size 128x128
D/OpenGLRenderer( 1635):   Layer size 768x64
D/OpenGLRenderer( 1635): push layer 0xb8f4e408, textureSize (704, 128), layerSize (674.00,84.00), alpha 255 <0xb8eccaa0>
D/OpenGLRenderer( 1635): DrawFrameTask 0xb8e90810, canUnblockUiThread 1, canDrawThisFrame 1
D/OpenGLRenderer( 1635): --defer layer start (674x84, Layer 0xb8f4e408) frame#16 <0xb8f4ccb0>
D/OpenGLRenderer( 1635): --defer layer end frame#16 <0xb8f4ccb0>
D/OpenGLRenderer( 1635): Rendering into layer 0xb8f4e408, fbo 1, alpha 255
D/OpenGLRenderer( 1635): bindFramebuffer 0xb8c1d420, old 0, new 1
D/OpenGLRenderer( 1635): --flush layer start (674x84, Layer 0xb8f4e408) frame#16 <0xb8f4ccb0>
D/OpenGLRenderer( 1635): --flush layer end frame#16 <0xb8f4ccb0>
D/OpenGLRenderer( 1635): Finished rendering into layer 0xb8f4e408, fbo 1, alpha 255
D/OpenGLRenderer( 1635): bindFramebuffer 0xb8c1d420, old 1, new 0
D/Surface ( 1635): Surface::setBuffersDimensions(this=0xb8e8d308,w=720,h=1280)
V/ViewRootImpl( 1635): ViewRoot performTraversals and draw- : mResizeBuffer = null, mResizeAlpha = 0, this = ViewRoot{3e08fb49 com.android.systemui/com.android.systemui.recents.RecentsActivity,ident = 5} frame#43 (cancelDraw = false)
D/OpenGLRenderer( 1635): compose layer 0xb8f4e408 at (0.000000, 0.000000, 674.000000, 84.000000), alpha 255, swap 0, ignoreTrasform 0, translateform {0x13 [0.900000 0.000000 0.000000 56.700012] [0.000000 0.900000 0.000000 245.700012] [0.000000 0.000000 1.000000 0.000000] [0.000000 0.000000 0.000000 1.000000]} <0xb8eccaa0>
D/SurfaceFlinger(  260): postEvent(1635, v/c=1462)
D/SurfaceFlinger(  260): postEvent(260, v/c=1913)
D/DisplayEventReceiver( 1635): rev(0xb8bb6880) w/ vsync, t=151342549671, id=0, c=1462
D/SurfaceFlinger(  260): requestNextVsync(260)
V/SoundPool-JNI( 2874): android_media_SoundPool_SoundPoolImpl_release
V/SoundPool-JNI( 2874): android_media_SoundPool_SoundPoolImpl_release
V/SoundPool-JNI( 2874): android_media_SoundPool_SoundPoolImpl_release
D/OpenGLRenderer( 2874): ~CanvasContext() 0xb8bba228
D/OpenGLRenderer( 2874): Flushing caches (mode 0)
D/SurfaceFlinger(  260): postEvent(260, v/c=1914)
D/OpenGLRenderer( 2874): ~CanvasContext() 0xb8bd9cf8
D/OpenGLRenderer( 2874): Flushing caches (mode 0)
W/Watchdog(  911): SWT Watchdog after wait current time:151387
D/AES     (  911): AEEIOCTL_GET/SET_SF_STATE IOCTL,cmd= 1074294797, lParam=0. 
W/Watchdog(  911): **Get SF Time **1
D/AES     (  911): AEEIOCTL_RT_MON_Kick IOCTL,cmd= -2147192822, lParam=300. 
W/Watchdog(  911): SWT Watchdog before synchronized:151387
W/Watchdog(  911): SWT Watchdog after synchronized:151387
W/Watchdog(  911): SWT Watchdog before wait timeout:30000
W/Watchdog(  911): SWT Watchdog before wait current time:151388
W/Watchdog(  911): SWT Watchdog before wait start:151388
W/Watchdog(  911): SWT Watchdog before wait CHECK_INTERVAL:30000
D/InputReader(  911): InputReader::monitor: lock
D/InputReader(  911): InputReader::monitor: wait 
D/InputReader(  911): InputReader::monitor: unlock
D/InputReader(  911): InputReader::monitor: done
I/MTK_FG  (  310): log level too low, fglog_level = 6
I/MTK_FG  (  310): log level too low, fglog_level = 6
D/InputReader(  911): AP_PROF:AppLaunch_dispatchPtr:Down:151752, ID:0, Index:-1194965032
I/PerfService(  911): PerfServiceNative_boostEnableAsync:5
I/libPerfService(  911): 5: set freq: 819000
I/libPerfService(  911): 5: set: 3
D/PowerManagerService(  911): userActivityFromNative
D/PowerManagerService(  911): userActivityNoUpdateLocked: eventTime=151752, event=2, flags=0x0, uid=1000
D/PowerManagerNotifier(  911): onUserActivity: event=2, uid=1000
D/PowerManagerService(  911): updateUserActivitySummaryLocked: mWakefulness=Awake, mUserActivitySummary=0x1, nextTimeout=159752 (in 7998 ms)
D/PowerManagerService(  911): mDisplayPowerRequest.policy = 3
V/ViewRootImpl( 1635): enqueueInputEvent: event = MotionEvent { action=ACTION_OUTSIDE, id[0]=0, x[0]=369.48685, y[0]=-35.91565, toolType[0]=TOOL_TYPE_FINGER, buttonState=0, metaState=0, flags=0x0, edgeFlags=0x0, pointerCount=1, historySize=0, eventTime=151752, downTime=151752, deviceId=4, source=0x1002 },processImmediately = true,mProcessInputEventsScheduled = false, this = ViewRoot{335cf0df NavigationBar,ident = 2}
D/DisplayPowerController(  911): requestPowerState: policy=BRIGHT, useProximitySensor=false, screenBrightness=102, screenAutoBrightnessAdjustment=0.0, useAutoBrightness=false, blockScreenOn=false, lowPowerMode=false, boostScreenBrightness=false, dozeScreenBrightness=-1, dozeScreenState=UNKNOWN, waitForNegativeProximity=false
I/PowerManagerService(  911): setBrightness mButtonLight 0.
D/PowerManagerService(  911): updateDisplayPowerStateLocked: mDisplayReady=true, policy=3, mWakefulness=1, mWakeLockSummary=0x1, mUserActivitySummary=0x1, mBootCompleted=true, mScreenBrightnessBoostInProgress=false
V/ViewRootImpl( 1635): finishInputEvent: handled = false,event = MotionEvent { action=ACTION_OUTSIDE, id[0]=0, x[0]=369.48685, y[0]=-35.91565, toolType[0]=TOOL_TYPE_FINGER, buttonState=0, metaState=0, flags=0x0, edgeFlags=0x0, pointerCount=1, historySize=0, eventTime=151752, downTime=151752, deviceId=4, source=0x1002 }, stage = 11: Synthetic input stage, this = ViewRoot{335cf0df NavigationBar,ident = 2}
V/ViewRootImpl( 1635): enqueueInputEvent: event = MotionEvent { action=ACTION_OUTSIDE, id[0]=0, x[0]=369.48685, y[0]=1172.0844, toolType[0]=TOOL_TYPE_FINGER, buttonState=0, metaState=0, flags=0x0, edgeFlags=0x0, pointerCount=1, historySize=0, eventTime=151752, downTime=151752, deviceId=4, source=0x1002 },processImmediately = true,mProcessInputEventsScheduled = false, this = ViewRoot{37cd32f6 StatusBar,ident = 0}
V/ViewRootImpl( 1635): finishInputEvent: handled = false,event = MotionEvent { action=ACTION_OUTSIDE, id[0]=0, x[0]=369.48685, y[0]=1172.0844, toolType[0]=TOOL_TYPE_FINGER, buttonState=0, metaState=0, flags=0x0, edgeFlags=0x0, pointerCount=1, historySize=0, eventTime=151752, downTime=151752, deviceId=4, source=0x1002 }, stage = 11: Synthetic input stage, this = ViewRoot{37cd32f6 StatusBar,ident = 0}
V/ViewRootImpl( 1635): enqueueInputEvent: event = MotionEvent { action=ACTION_DOWN, id[0]=0, x[0]=369.48685, y[0]=1172.0844, toolType[0]=TOOL_TYPE_FINGER, buttonState=0, metaState=0, flags=0x0, edgeFlags=0x0, pointerCount=1, historySize=0, eventTime=151752, downTime=151752, deviceId=4, source=0x1002 },processImmediately = true,mProcessInputEventsScheduled = false, this = ViewRoot{3e08fb49 com.android.systemui/com.android.systemui.recents.RecentsActivity,ident = 5}
D/FeatureProxyBase( 1635): FeatureProxyBase class constructor
D/FeatureProxyBase( 1635): getService(), serviceName = multiwindow_service_v1
I/View    ( 1635): Touch down dispatch to android.widget.ImageView{31526e4 V.ED.... ........ 0,1163-720,1280 #7f100115 app:id/nav_bar_scrim}, event = MotionEvent { action=ACTION_DOWN, id[0]=0, x[0]=369.48685, y[0]=9.084351, toolType[0]=TOOL_TYPE_FINGER, buttonState=0, metaState=0, flags=0x0, edgeFlags=0x0, pointerCount=1, historySize=0, eventTime=151752, downTime=151752, deviceId=4, source=0x1002 }
I/View    ( 1635): Touch down dispatch to android.widget.ImageButton{3e2afb11 VFED..C. ........ 318,1143-402,1227 #7f100112 app:id/clear_button}, event = MotionEvent { action=ACTION_DOWN, id[0]=0, x[0]=51.486847, y[0]=29.08435, toolType[0]=TOOL_TYPE_FINGER, buttonState=0, metaState=0, flags=0x0, edgeFlags=0x0, pointerCount=1, historySize=0, eventTime=151752, downTime=151752, deviceId=4, source=0x1002 }
V/ViewRootImpl( 1635): scheduleTraversals: mTraversalBarrier = 412,this = ViewRoot{3e08fb49 com.android.systemui/com.android.systemui.recents.RecentsActivity,ident = 5}
V/DisplayEventReceiver( 1635): call nativeScheduleVsync mReceiverPtr = -1195677568
D/SurfaceFlinger(  260): requestNextVsync(1635)
V/ViewRootImpl( 1635): App handle pointer event: event = MotionEvent { action=ACTION_DOWN, id[0]=0, x[0]=369.48685, y[0]=1172.0844, toolType[0]=TOOL_TYPE_FINGER, buttonState=0, metaState=0, flags=0x0, edgeFlags=0x0, pointerCount=1, historySize=0, eventTime=151752, downTime=151752, deviceId=4, source=0x1002 }, mView = com.android.internal.policy.impl.PhoneWindow$DecorView{3f6d1052 V.E..... R......D 0,0-720,1280}, this = android.view.ViewRootImpl$ViewPostImeInputStage@42c67e5
V/ViewRootImpl( 1635): finishInputEvent: handled = true,event = MotionEvent { action=ACTION_DOWN, id[0]=0, x[0]=369.48685, y[0]=1172.0844, toolType[0]=TOOL_TYPE_FINGER, buttonState=0, metaState=0, flags=0x0, edgeFlags=0x0, pointerCount=1, historySize=0, eventTime=151752, downTime=151752, deviceId=4, source=0x1002 }, stage = 10: View Post IME stage, this = ViewRoot{3e08fb49 com.android.systemui/com.android.systemui.recents.RecentsActivity,ident = 5}
V/WallpaperService( 1635): Delivering touch event: MotionEvent { action=ACTION_DOWN, id[0]=0, x[0]=369.48685, y[0]=1172.0844, toolType[0]=TOOL_TYPE_FINGER, buttonState=0, metaState=0, flags=0x1, edgeFlags=0x0, pointerCount=1, historySize=0, eventTime=151752, downTime=151752, deviceId=4, source=0x1002 }
D/SurfaceFlinger(  260): postEvent(1635, v/c=1464)
D/DisplayEventReceiver( 1635): rev(0xb8bb6880) w/ vsync, t=151781485211, id=0, c=1464
V/ViewRootImpl( 1635): ViewRoot performTraversals+ : mFirst = false, this = ViewRoot{3e08fb49 com.android.systemui/com.android.systemui.recents.RecentsActivity,ident = 5}
D/OpenGLRenderer( 1635): TextureCache::get: create texture(0xb8efc060): name, size, mSize = 1, 28224, 587136
D/OpenGLRenderer( 1635): DrawFrameTask 0xb8e90810, canUnblockUiThread 1, canDrawThisFrame 1
D/Surface ( 1635): Surface::setBuffersDimensions(this=0xb8e8d308,w=720,h=1280)
D/PerfServiceManager(  911): [PerfService] notifyFrameUpdate - bDuringTouchBoost:true 
V/ViewRootImpl( 1635): ViewRoot performTraversals and draw- : mResizeBuffer = null, mResizeAlpha = 0, this = ViewRoot{3e08fb49 com.android.systemui/com.android.systemui.recents.RecentsActivity,ident = 5} frame#44 (cancelDraw = false)
D/OpenGLRenderer( 1635): compose layer 0xb8f4e408 at (0.000000, 0.000000, 674.000000, 84.000000), alpha 255, swap 0, ignoreTrasform 0, translateform {0x13 [0.900000 0.000000 0.000000 56.700012] [0.000000 0.900000 0.000000 245.700012] [0.000000 0.000000 1.000000 0.000000] [0.000000 0.000000 0.000000 1.000000]} <0xb8eccaa0>
D/SurfaceFlinger(  260): requestNextVsync(260)
D/SurfaceFlinger(  260): postEvent(260, v/c=1916)
D/PowerManagerService(  911): releaseWakeLockInternal: lock=507857209 [NextAlarmTracker], flags=0x0, total_time=5004ms
D/PowerManagerNotifier(  911): onWakeLockReleased: flags=1, tag="NextAlarmTracker", packageName=android, ownerUid=1000, ownerPid=911, workSource=null
D/PowerManagerService(  911): updateWakeLockSummaryLocked: mWakefulness=Awake, mWakeLockSummary=0x0
D/PowerManagerService(  911): updateUserActivitySummaryLocked: mWakefulness=Awake, mUserActivitySummary=0x1, nextTimeout=159752 (in 7914 ms)
D/PowerManagerService(  911): mDisplayPowerRequest.policy = 3
D/DisplayPowerController(  911): requestPowerState: policy=BRIGHT, useProximitySensor=false, screenBrightness=102, screenAutoBrightnessAdjustment=0.0, useAutoBrightness=false, blockScreenOn=false, lowPowerMode=false, boostScreenBrightness=false, dozeScreenBrightness=-1, dozeScreenState=UNKNOWN, waitForNegativeProximity=false
I/PowerManagerService(  911): setBrightness mButtonLight 0.
D/PowerManagerService(  911): updateDisplayPowerStateLocked: mDisplayReady=true, policy=3, mWakefulness=1, mWakeLockSummary=0x0, mUserActivitySummary=0x1, mBootCompleted=true, mScreenBrightnessBoostInProgress=false
D/PowerManagerService(  911): Releasing suspend blocker "PowerManagerService.WakeLocks".
D/InputReader(  911): AP_PROF:AppLaunch_dispatchPtr:Up:151888, ID:0, Index:-1194962712
I/PerfService(  911): PerfServiceNative_boostDisableAsync:5
I/libPerfService(  911): 5: set: 3
I/libPerfService(  911): 5: set freq: 819000
V/ViewRootImpl( 1635): enqueueInputEvent: event = MotionEvent { action=ACTION_UP, id[0]=0, x[0]=369.48685, y[0]=1172.0844, toolType[0]=TOOL_TYPE_FINGER, buttonState=0, metaState=0, flags=0x0, edgeFlags=0x0, pointerCount=1, historySize=0, eventTime=151888, downTime=151752, deviceId=4, source=0x1002 },processImmediately = true,mProcessInputEventsScheduled = false, this = ViewRoot{3e08fb49 com.android.systemui/com.android.systemui.recents.RecentsActivity,ident = 5}
I/View    ( 1635): Touch up dispatch to android.widget.ImageButton{3e2afb11 VFED..C. ...P.... 318,1143-402,1227 #7f100112 app:id/clear_button}, event = MotionEvent { action=ACTION_UP, id[0]=0, x[0]=51.486847, y[0]=29.08435, toolType[0]=TOOL_TYPE_FINGER, buttonState=0, metaState=0, flags=0x0, edgeFlags=0x0, pointerCount=1, historySize=0, eventTime=151888, downTime=151752, deviceId=4, source=0x1002 }
V/ViewRootImpl( 1635): App handle pointer event: event = MotionEvent { action=ACTION_UP, id[0]=0, x[0]=369.48685, y[0]=1172.0844, toolType[0]=TOOL_TYPE_FINGER, buttonState=0, metaState=0, flags=0x0, edgeFlags=0x0, pointerCount=1, historySize=0, eventTime=151888, downTime=151752, deviceId=4, source=0x1002 }, mView = com.android.internal.policy.impl.PhoneWindow$DecorView{3f6d1052 V.E..... R....... 0,0-720,1280}, this = android.view.ViewRootImpl$ViewPostImeInputStage@42c67e5
V/ViewRootImpl( 1635): finishInputEvent: handled = true,event = MotionEvent { action=ACTION_UP, id[0]=0, x[0]=369.48685, y[0]=1172.0844, toolType[0]=TOOL_TYPE_FINGER, buttonState=0, metaState=0, flags=0x0, edgeFlags=0x0, pointerCount=1, historySize=0, eventTime=151888, downTime=151752, deviceId=4, source=0x1002 }, stage = 10: View Post IME stage, this = ViewRoot{3e08fb49 com.android.systemui/com.android.systemui.recents.RecentsActivity,ident = 5}
V/SettingsInterface( 1635):  from settings cache , name = sound_effects_enabled , value = 0
V/ViewRootImpl( 1635): scheduleTraversals: mTraversalBarrier = 413,this = ViewRoot{3e08fb49 com.android.systemui/com.android.systemui.recents.RecentsActivity,ident = 5}
V/DisplayEventReceiver( 1635): call nativeScheduleVsync mReceiverPtr = -1195677568
D/SurfaceFlinger(  260): requestNextVsync(1635)
V/WallpaperService( 1635): Delivering touch event: MotionEvent { action=ACTION_UP, id[0]=0, x[0]=369.48685, y[0]=1172.0844, toolType[0]=TOOL_TYPE_FINGER, buttonState=0, metaState=0, flags=0x1, edgeFlags=0x0, pointerCount=1, historySize=0, eventTime=151888, downTime=151752, deviceId=4, source=0x1002 }
D/SurfaceFlinger(  260): postEvent(1635, v/c=1466)
D/DisplayEventReceiver( 1635): rev(0xb8bb6880) w/ vsync, t=151922617397, id=0, c=1466
V/ViewRootImpl( 1635): ViewRoot performTraversals+ : mFirst = false, this = ViewRoot{3e08fb49 com.android.systemui/com.android.systemui.recents.RecentsActivity,ident = 5}
I/ActivityManager(  911): Killing 2874:com.android.gallery3d/u0a30 (adj 9): remove task
D/OpenGLRenderer( 1635): DrawFrameTask 0xb8e90810, canUnblockUiThread 1, canDrawThisFrame 1
D/Surface ( 1635): Surface::setBuffersDimensions(this=0xb8e8d308,w=720,h=1280)
V/ViewRootImpl( 1635): ViewRoot performTraversals and draw- : mResizeBuffer = null, mResizeAlpha = 0, this = ViewRoot{3e08fb49 com.android.systemui/com.android.systemui.recents.RecentsActivity,ident = 5} frame#45 (cancelDraw = false)
D/OpenGLRenderer( 1635): compose layer 0xb8f4e408 at (0.000000, 0.000000, 674.000000, 84.000000), alpha 255, swap 0, ignoreTrasform 0, translateform {0x13 [0.900000 0.000000 0.000000 56.700012] [0.000000 0.900000 0.000000 245.700012] [0.000000 0.000000 1.000000 0.000000] [0.000000 0.000000 0.000000 1.000000]} <0xb8eccaa0>
D/SurfaceFlinger(  260): requestNextVsync(260)
V/AlarmManager(  911): Checking for alarms... rtc=1451606459999, elapsed=151934
D/AlarmManager(  911): set alarm to RTC 168724
V/AlarmManager(  911): openLteGateSuccess = false
D/SurfaceFlinger(  260): postEvent(260, v/c=1918)
W/ADB_SERVICES( 2451): terminating JDWP 2874 connection: Try again
D/ADB_SERVICES( 2451): remove pid 2874 to jdwp process list
D/IPCThreadState(  911): [DN #5] BR_DEAD_BINDER cookie 0xb8dd8e80
D/ADB_SERVICES( 2451):  closing because is_eof=1 r=0 s->fde.force_eof=0
W/ADB_SERVICES( 2451): entered. LS(39) fd=62
I/SurfaceFlinger(  260): EventThread Client Pid (2874) disconnected by (260)
I/SurfaceFlinger(  260): EventThread Client Pid (2874) disconnected by (260)
D/DisplayManagerService(  911): Display listener for pid 2874 died.
D/IPCThreadState(  911): [DN #5] BR_DEAD_BINDER cookie 0xb8de3ce8
D/IPCThreadState(  911): [DN #5] BR_DEAD_BINDER cookie 0xb8e39f78
D/IPCThreadState(  911): [DN #5] BR_DEAD_BINDER cookie 0xb8db6c40
D/IPCThreadState(  911): [DN #5] BR_DEAD_BINDER cookie 0xb8e19c88
D/IPCThreadState(  911): [DN #5] BR_DEAD_BINDER cookie 0xb8e7da68
D/IPCThreadState(  911): [DN #5] BR_DEAD_BINDER cookie 0xb8dc2560
D/IPCThreadState(  314): [DN #5] BR_DEAD_BINDER cookie 0xb875bd08
D/GuiExt  (  314): [GuiExtS] binder of dump tunnel(RB-0xb8cd0720) died
I/SurfaceFlinger(  260): [SF client] DEL(0xb712a3c8) for (911:system_server)
D/EMDLOGGER1(  731): Move Bootup Log: Move done
D/EMDLOGGER1(  731): Move Modem db file to SD folder
D/EMDLOGGER1(  731): Copy ExtModem DB start.
I/EMDLOGGER1(  731): Set name mdl_cp_filter for thread(b60d7000)
I/EMDLOGGER1(  731): Waiting SD card thread return.
I/EMDLOGGER1(  731): MAL_GetModemSuffix: begin
D/EMDLOGGER1(  731):  MD DB md2_posfix BPLGUInfoCustomAppSrcP_MT6735_S00_MOLY_LR9_W1444_MD_LWTG_MP_V48_P53_1_lwg_n
V/ActivityManager(  911): Broadcast: Intent { act=android.intent.action.TIME_TICK flg=0x50000114 (has extras) } ordered=true userid=-1 callerApp=null
V/ViewRootImpl( 1635): scheduleTraversals: mTraversalBarrier = 414,this = ViewRoot{3e08fb49 com.android.systemui/com.android.systemui.recents.RecentsActivity,ident = 5}
V/DisplayEventReceiver( 1635): call nativeScheduleVsync mReceiverPtr = -1195677568
V/AlarmManager(  911): sending alarm Alarm{143b55cd type 3 when 151934 android} success
V/BroadcastQueue(  911): Processing ordered broadcast [foreground] BroadcastRecord{1af62e82 u-1 android.intent.action.TIME_TICK}, 11 receivers
D/PowerManagerService(  911): acquireWakeLockInternal: lock=1025200575, flags=0x40000001, tag="*alarm*", ws=WorkSource{1000}, uid=1000, pid=911
D/PowerManagerService(  911): updateWakeLockSummaryLocked: mWakefulness=Awake, mWakeLockSummary=0x1
D/BroadcastQueue(  911): BroadcastRecord{1af62e82 u-1 android.intent.action.TIME_TICK}, #0 BroadcastFilter{2976885 u0 ReceiverList{2d42f9fc 911 system/1000/u0 local:27a9aef}}
D/PowerManagerService(  911): updateUserActivitySummaryLocked: mWakefulness=Awake, mUserActivitySummary=0x1, nextTimeout=159752 (in 7718 ms)
D/PowerManagerService(  911): mDisplayPowerRequest.policy = 3
D/BroadcastQueue(  911): BDC-Delivered broadcast: Intent { act=android.intent.action.TIME_TICK flg=0x50000114 (has extras) }, queue=foreground, ordered=true, filter=BroadcastFilter{2976885 u0 ReceiverList{2d42f9fc 911 system/1000/u0 local:27a9aef}}, receiver=android.app.LoadedApk$ReceiverDispatcher$InnerReceiver@27a9aef
D/DisplayPowerController(  911): requestPowerState: policy=BRIGHT, useProximitySensor=false, screenBrightness=102, screenAutoBrightnessAdjustment=0.0, useAutoBrightness=false, blockScreenOn=false, lowPowerMode=false, boostScreenBrightness=false, dozeScreenBrightness=-1, dozeScreenState=UNKNOWN, waitForNegativeProximity=false
D/ActivityThread(  911): BDC-Calling onReceive: intent=Intent { act=android.intent.action.TIME_TICK flg=0x50000114 (has extras) }, ordered=true, receiver=com.android.server.AlarmManagerService$ClockReceiver@2bc72bce, IIntentReceiver=27a9aef
I/PowerManagerService(  911): setBrightness mButtonLight 0.
D/SurfaceFlinger(  260): requestNextVsync(1635)
D/ActivityManager(  911): SVC-handleAppDiedLocked: app = ProcessRecord{28600f11 2874:com.android.gallery3d/u0a30}, app.pid = 2874
D/TaskPersister(  911): removeObsoleteFile: deleting file=7_task.xml
D/PowerManagerService(  911): updateDisplayPowerStateLocked: mDisplayReady=true, policy=3, mWakefulness=1, mWakeLockSummary=0x1, mUserActivitySummary=0x1, mBootCompleted=true, mScreenBrightnessBoostInProgress=false
D/ActivityManager(  911): removeDyingProviderLocked: cpr=ContentProviderRecord{2d135dd0 u0 com.android.gallery3d/.filtershow.provider.SharedImageProvider} always=false inLaunching=false
D/PowerManagerService(  911): Acquiring suspend blocker "PowerManagerService.WakeLocks".
D/TaskPersister(  911): removeObsoleteFile: deleting file=7_task_thumbnail.png
D/PowerManagerNotifier(  911): onWakeLockAcquired: flags=1073741825, tag="*alarm*", packageName=android, ownerUid=1000, ownerPid=911, workSource=WorkSource{1000}
D/ActivityManager(  911): removeDyingProviderLocked: cpr=ContentProviderRecord{36b481c9 u0 com.android.gallery3d/.provider.GalleryProvider} always=false inLaunching=false
V/AlarmManager(  911): APP set(PendingIntent{182e36da: PendingIntentRecord{26fff70b android broadcastIntent}}) : type=3 triggerAtTime=211934 win=0 tElapsed=211934 maxElapsed=211934 interval=0 standalone=true
D/AlarmManager(  911):  whichBatch = -1
D/ActivityManager(  911): removeDyingProviderLocked: cpr=ContentProviderRecord{34dcb0ce u0 com.android.gallery3d/com.android.photos.data.PhotoProvider} always=false inLaunching=false
D/ActivityThread(  911): BDC-Calling finishReceiver: IIntentReceiver=27a9aef
D/ActivityManager(  911): BDC-Finishing receiver: android.app.LoadedApk$ReceiverDispatcher$InnerReceiver@27a9aef
D/ActivityManager(  911): SVC-mBroadcastQueues: com.android.server.am.BroadcastQueue@3f4bf792
D/ActivityManager(  911): SVC-mBroadcastQueues: com.android.server.am.BroadcastQueue@25b31563
D/SurfaceFlinger(  260): postEvent(1635, v/c=1468)
D/ActivityManager(  911): BroadcastRecord{1af62e82 u-1 android.intent.action.TIME_TICK}, spend: 16, android.app.LoadedApk$ReceiverDispatcher$InnerReceiver@27a9aef, BroadcastFilter{2976885 u0 ReceiverList{2d42f9fc 911 system/1000/u0 local:27a9aef}}
D/BroadcastQueue(  911): BroadcastRecord{1af62e82 u-1 android.intent.action.TIME_TICK}, #1 BroadcastFilter{2aae8a6e u0 ReceiverList{19e53de9 1635 com.android.systemui/10012/u0 remote:3f1ef670}}
D/BroadcastQueue(  911): BDC-Delivered broadcast: Intent { act=android.intent.action.TIME_TICK flg=0x50000114 (has extras) }, queue=foreground, ordered=true, filter=BroadcastFilter{2aae8a6e u0 ReceiverList{19e53de9 1635 com.android.systemui/10012/u0 remote:3f1ef670}}, receiver=android.os.BinderProxy@3f1ef670
V/ActivityManager(  911): Broadcast: Intent { act=android.intent.action.CLOSE_SYSTEM_DIALOGS flg=0x50000010 (has extras) } ordered=false userid=-1 callerApp=null
V/BroadcastQueue(  911): Processing parallel broadcast [foreground] BroadcastRecord{d2a3bef u-1 android.intent.action.CLOSE_SYSTEM_DIALOGS}, 3 receivers
