V/SettingsInterface( 1635):  from settings cache , name = time_12_24 , value = 12
D/Launcher3( 1973): BubbleTextView, drawUnreadEvent() this = com.android.launcher3.BubbleTextView{2896b86c VFED..CL ........ 144,0-288,190 #1}
D/Launcher3( 1973): BubbleTextView, drawDeleteButton() mDeleteButtonVisiable = false, this = com.android.launcher3.BubbleTextView{2896b86c VFED..CL ........ 144,0-288,190 #1}
D/ActivityThread( 1635): BDC-Calling finishReceiver: IIntentReceiver=3b888ed3
D/ActivityManager(  911): BDC-Finishing receiver: android.os.BinderProxy@15acfd2
D/ActivityManager(  911): BroadcastRecord{1af62e82 u-1 android.intent.action.TIME_TICK}, spend: 31, android.os.BinderProxy@15acfd2, BroadcastFilter{2a03a7a0 u0 ReceiverList{d68a8a3 1635 com.android.systemui/10012/u0 remote:15acfd2}}
V/ViewRootImpl( 1635): scheduleTraversals: mTraversalBarrier = 423,this = ViewRoot{3e08fb49 com.android.systemui/com.android.systemui.recents.RecentsActivity,ident = 5}
D/Launcher3( 1973): BubbleTextView, drawUnreadEvent() this = com.android.launcher3.BubbleTextView{3e59e35 VFED..CL ........ 288,0-432,190 #2}
D/BroadcastQueue(  911): Ordered [foreground] BroadcastRecord{1af62e82 u-1 android.intent.action.TIME_TICK}, 11 receivers, Total: 263, Waiting: 0, Processing: 263
D/AlarmManager(  911): onSendFinished begin
D/Launcher3( 1973): BubbleTextView, drawDeleteButton() mDeleteButtonVisiable = false, this = com.android.launcher3.BubbleTextView{3e59e35 VFED..CL ........ 288,0-432,190 #2}
V/DisplayEventReceiver( 1635): call nativeScheduleVsync mReceiverPtr = -1195677568
D/PowerManagerService(  911): releaseWakeLockInternal: lock=1025200575 [*alarm*], flags=0x0, total_time=262ms
V/ViewRootImpl( 1635): ViewRoot performTraversals+ : mFirst = false, this = ViewRoot{3e08fb49 com.android.systemui/com.android.systemui.recents.RecentsActivity,ident = 5}
D/PowerManagerNotifier(  911): onWakeLockReleased: flags=1073741825, tag="*alarm*", packageName=android, ownerUid=1000, ownerPid=911, workSource=WorkSource{1000}
D/PowerManagerService(  911): updateWakeLockSummaryLocked: mWakefulness=Awake, mWakeLockSummary=0x1
D/OpenGLRenderer( 1635): DrawFrameTask 0xb8e90810, canUnblockUiThread 1, canDrawThisFrame 1
D/PowerManagerService(  911): updateUserActivitySummaryLocked: mWakefulness=Awake, mUserActivitySummary=0x1, nextTimeout=159752 (in 7455 ms)
D/PowerManagerService(  911): mDisplayPowerRequest.policy = 3
D/Surface ( 1635): Surface::setBuffersDimensions(this=0xb8e8d308,w=720,h=1280)
D/SurfaceFlinger(  260): requestNextVsync(1635)
D/SurfaceFlinger(  260): postEvent(260, v/c=1931)
D/DisplayPowerController(  911): requestPowerState: policy=BRIGHT, useProximitySensor=false, screenBrightness=102, screenAutoBrightnessAdjustment=0.0, useAutoBrightness=false, blockScreenOn=false, lowPowerMode=false, boostScreenBrightness=false, dozeScreenBrightness=-1, dozeScreenState=UNKNOWN, waitForNegativeProximity=false
I/PowerManagerService(  911): setBrightness mButtonLight 0.
D/PowerManagerService(  911): updateDisplayPowerStateLocked: mDisplayReady=true, policy=3, mWakefulness=1, mWakeLockSummary=0x1, mUserActivitySummary=0x1, mBootCompleted=true, mScreenBrightnessBoostInProgress=false
D/OpenGLRenderer( 1635): Requesting layer 674.00x674.00, Layer cache size = 2244608, fboLayer 1, alpha 5
D/OpenGLRenderer( 1635): Reusing layer 0xb8fd9628, 704x704, alpha 17
D/OpenGLRenderer( 1635): bindFramebuffer 0xb8c1d420, old 0, new 2
D/OpenGLRenderer( 1635): Layer 0xb8fd9628 bindTexture: glBindTexture(0xde1, 11)
D/OpenGLRenderer( 1635): compose layer 0xb8f4e408 at (0.000000, 0.000000, 674.000000, 84.000000), alpha 255, swap 0, ignoreTrasform 0, translateform {0x11 [1.000000 0.000000 0.000000 -0.000000] [0.000000 1.000000 0.000000 -0.000000] [0.000000 0.000000 1.000000 0.000000] [0.000000 0.000000 0.000000 1.000000]} <0xb8eccaa0>
D/OpenGLRenderer( 1635): bindFramebuffer 0xb8c1d420, old 2, new 0
D/OpenGLRenderer( 1635): compose layer 0xb8fd9628 at (1.000000, 0.000000, 574.000000, 674.000000), alpha 5, swap 0, ignoreTrasform 0, translateform {0x13 [0.900000 0.000000 0.000000 203.518799] [0.000000 0.900000 0.000000 245.700012] [0.000000 0.000000 1.000000 0.000000] [0.000000 0.000000 0.000000 1.000000]} <0xb8eccaa0>
D/SurfaceFlinger(  260): postEvent(911, v/c=1483)
D/SurfaceFlinger(  260): postEvent(1635, v/c=1483)
D/DisplayEventReceiver(  911): rev(0xb8bf1fd0) w/ vsync, t=152298036343, id=0, c=1483
D/Launcher3( 1973): BubbleTextView, drawUnreadEvent() this = com.android.launcher3.BubbleTextView{30f6b2ca VFED..CL ........ 432,0-576,190 #3}
D/Launcher3( 1973): BubbleTextView, drawDeleteButton() mDeleteButtonVisiable = false, this = com.android.launcher3.BubbleTextView{30f6b2ca VFED..CL ........ 432,0-576,190 #3}
V/DisplayEventReceiver(  911): call nativeScheduleVsync mReceiverPtr = -1195434032
D/SurfaceFlinger(  260): requestNextVsync(911)
D/SurfaceFlinger(  260): requestNextVsync(260)
D/SurfaceFlinger(  260): requestNextVsync(260)
V/ViewRootImpl( 1635): ViewRoot performTraversals and draw- : mResizeBuffer = null, mResizeAlpha = 0, this = ViewRoot{3e08fb49 com.android.systemui/com.android.systemui.recents.RecentsActivity,ident = 5} frame#54 (cancelDraw = false)
D/DisplayEventReceiver( 1635): rev(0xb8bb6880) w/ vsync, t=152298036343, id=0, c=1483
D/Launcher3( 1973): BubbleTextView, drawUnreadEvent() this = com.android.launcher3.BubbleTextView{15bfdc3b VFED..CL ........ 576,0-720,190 #4}
D/Launcher3( 1973): BubbleTextView, drawDeleteButton() mDeleteButtonVisiable = false, this = com.android.launcher3.BubbleTextView{15bfdc3b VFED..CL ........ 576,0-720,190 #4}
V/ViewRootImpl( 1635): scheduleTraversals: mTraversalBarrier = 424,this = ViewRoot{3e08fb49 com.android.systemui/com.android.systemui.recents.RecentsActivity,ident = 5}
D/Launcher3( 1973): BubbleTextView, drawUnreadEvent() this = com.android.launcher3.BubbleTextView{86cef58 VFED..CL ........ 0,190-144,380 #5}
V/DisplayEventReceiver( 1635): call nativeScheduleVsync mReceiverPtr = -1195677568
D/SurfaceFlinger(  260): requestNextVsync(1635)
D/Launcher3( 1973): BubbleTextView, drawDeleteButton() mDeleteButtonVisiable = false, this = com.android.launcher3.BubbleTextView{86cef58 VFED..CL ........ 0,190-144,380 #5}
V/ViewRootImpl( 1635): ViewRoot performTraversals+ : mFirst = false, this = ViewRoot{3e08fb49 com.android.systemui/com.android.systemui.recents.RecentsActivity,ident = 5}
D/OpenGLRenderer( 1635): DrawFrameTask 0xb8e90810, canUnblockUiThread 1, canDrawThisFrame 1
D/Surface ( 1635): Surface::setBuffersDimensions(this=0xb8e8d308,w=720,h=1280)
D/Launcher3( 1973): BubbleTextView, drawUnreadEvent() this = com.android.launcher3.BubbleTextView{3d5ee8b1 VFED..CL ........ 144,190-288,380 #6}
D/OpenGLRenderer( 1635): Requesting layer 674.00x674.00, Layer cache size = 2244608, fboLayer 1, alpha 2
D/OpenGLRenderer( 1635): Reusing layer 0xb8fd9628, 704x704, alpha 5
D/OpenGLRenderer( 1635): bindFramebuffer 0xb8c1d420, old 0, new 2
D/OpenGLRenderer( 1635): Layer 0xb8fd9628 bindTexture: glBindTexture(0xde1, 11)
D/OpenGLRenderer( 1635): compose layer 0xb8f4e408 at (0.000000, 0.000000, 674.000000, 84.000000), alpha 255, swap 0, ignoreTrasform 0, translateform {0x11 [1.000000 0.000000 0.000000 -0.000000] [0.000000 1.000000 0.000000 -0.000000] [0.000000 0.000000 1.000000 0.000000] [0.000000 0.000000 0.000000 1.000000]} <0xb8eccaa0>
D/Launcher3( 1973): BubbleTextView, drawDeleteButton() mDeleteButtonVisiable = false, this = com.android.launcher3.BubbleTextView{3d5ee8b1 VFED..CL ........ 144,190-288,380 #6}
D/OpenGLRenderer( 1635): bindFramebuffer 0xb8c1d420, old 2, new 0
D/OpenGLRenderer( 1635): compose layer 0xb8fd9628 at (0.000000, 0.000000, 572.000000, 674.000000), alpha 2, swap 0, ignoreTrasform 0, translateform {0x13 [0.900000 0.000000 0.000000 205.291946] [0.000000 0.900000 0.000000 245.700012] [0.000000 0.000000 1.000000 0.000000] [0.000000 0.000000 0.000000 1.000000]} <0xb8eccaa0>
V/ViewRootImpl( 1635): ViewRoot performTraversals and draw- : mResizeBuffer = null, mResizeAlpha = 0, this = ViewRoot{3e08fb49 com.android.systemui/com.android.systemui.recents.RecentsActivity,ident = 5} frame#55 (cancelDraw = false)
D/Launcher3( 1973): BubbleTextView, drawUnreadEvent() this = com.android.launcher3.BubbleTextView{36353196 VFED..CL ........ 288,190-432,380 #7}
D/Launcher3( 1973): BubbleTextView, drawDeleteButton() mDeleteButtonVisiable = false, this = com.android.launcher3.BubbleTextView{36353196 VFED..CL ........ 288,190-432,380 #7}
D/SurfaceFlinger(  260): requestNextVsync(260)
D/SurfaceFlinger(  260): postEvent(911, v/c=1484)
D/SurfaceFlinger(  260): postEvent(260, v/c=1932)
D/SurfaceFlinger(  260): postEvent(1635, v/c=1484)
D/DisplayEventReceiver(  911): rev(0xb8bf1fd0) w/ vsync, t=152313958696, id=0, c=1484
D/DisplayEventReceiver( 1635): rev(0xb8bb6880) w/ vsync, t=152313958696, id=0, c=1484
D/SurfaceFlinger(  260): requestNextVsync(260)
D/SurfaceFlinger(  260): requestNextVsync(260)
V/DisplayEventReceiver(  911): call nativeScheduleVsync mReceiverPtr = -1195434032
D/SurfaceFlinger(  260): requestNextVsync(911)
D/SurfaceFlinger(  260): requestNextVsync(260)
V/ViewRootImpl( 1635): scheduleTraversals: mTraversalBarrier = 425,this = ViewRoot{3e08fb49 com.android.systemui/com.android.systemui.recents.RecentsActivity,ident = 5}
V/DisplayEventReceiver( 1635): call nativeScheduleVsync mReceiverPtr = -1195677568
D/SurfaceFlinger(  260): requestNextVsync(1635)
D/Launcher3( 1973): BubbleTextView, drawUnreadEvent() this = com.android.launcher3.BubbleTextView{39c60117 VFED..CL ........ 432,190-576,380 #8}
V/ViewRootImpl( 1635): ViewRoot performTraversals+ : mFirst = false, this = ViewRoot{3e08fb49 com.android.systemui/com.android.systemui.recents.RecentsActivity,ident = 5}
D/Launcher3( 1973): BubbleTextView, drawDeleteButton() mDeleteButtonVisiable = false, this = com.android.launcher3.BubbleTextView{39c60117 VFED..CL ........ 432,190-576,380 #8}
D/OpenGLRenderer( 1635): DrawFrameTask 0xb8e90810, canUnblockUiThread 1, canDrawThisFrame 1
D/Launcher3( 1973): BubbleTextView, drawUnreadEvent() this = com.android.launcher3.BubbleTextView{1c6da904 VFED..CL ........ 576,190-720,380 #9}
V/ViewRootImpl( 1635): ViewRoot performTraversals and draw- : mResizeBuffer = null, mResizeAlpha = 0, this = ViewRoot{3e08fb49 com.android.systemui/com.android.systemui.recents.RecentsActivity,ident = 5} frame#56 (cancelDraw = false)
D/Launcher3( 1973): BubbleTextView, drawDeleteButton() mDeleteButtonVisiable = false, this = com.android.launcher3.BubbleTextView{1c6da904 VFED..CL ........ 576,190-720,380 #9}
D/Surface ( 1635): Surface::setBuffersDimensions(this=0xb8e8d308,w=720,h=1280)
D/Launcher3( 1973): BubbleTextView, drawUnreadEvent() this = com.android.launcher3.BubbleTextView{1485eed VFED..CL ........ 0,380-144,570 #a}
D/OpenGLRenderer( 1635): Requesting layer 674.00x674.00, Layer cache size = 2244608, fboLayer 1, alpha 0
D/Launcher3( 1973): BubbleTextView, drawDeleteButton() mDeleteButtonVisiable = false, this = com.android.launcher3.BubbleTextView{1485eed VFED..CL ........ 0,380-144,570 #a}
D/Launcher3( 1973): BubbleTextView, drawUnreadEvent() this = com.android.launcher3.BubbleTextView{310ad122 VFED..CL ........ 144,380-288,570 #b}
D/Launcher3( 1973): BubbleTextView, drawDeleteButton() mDeleteButtonVisiable = false, this = com.android.launcher3.BubbleTextView{310ad122 VFED..CL ........ 144,380-288,570 #b}
D/SurfaceFlinger(  260): requestNextVsync(260)
D/Launcher3( 1973): BubbleTextView, drawUnreadEvent() this = com.android.launcher3.BubbleTextView{f9f97b3 VFED..CL ........ 288,380-432,570 #c}
D/Launcher3( 1973): BubbleTextView, drawDeleteButton() mDeleteButtonVisiable = false, this = com.android.launcher3.BubbleTextView{f9f97b3 VFED..CL ........ 288,380-432,570 #c}
D/Launcher3( 1973): BubbleTextView, drawUnreadEvent() this = com.android.launcher3.BubbleTextView{e9e5170 VFED..CL ........ 432,380-576,570 #d}
D/SurfaceFlinger(  260): postEvent(260, v/c=1933)
D/SurfaceFlinger(  260): postEvent(911, v/c=1485)
D/SurfaceFlinger(  260): postEvent(1635, v/c=1485)
D/DisplayEventReceiver(  911): rev(0xb8bf1fd0) w/ vsync, t=152329512045, id=0, c=1485
D/Launcher3( 1973): BubbleTextView, drawDeleteButton() mDeleteButtonVisiable = false, this = com.android.launcher3.BubbleTextView{e9e5170 VFED..CL ........ 432,380-576,570 #d}
V/DisplayEventReceiver(  911): call nativeScheduleVsync mReceiverPtr = -1195434032
D/SurfaceFlinger(  260): requestNextVsync(911)
D/Launcher3( 1973): BubbleTextView, drawUnreadEvent() this = com.android.launcher3.BubbleTextView{22d8fce9 VFED..CL ........ 576,380-720,570 #e}
D/DisplayEventReceiver( 1635): rev(0xb8bb6880) w/ vsync, t=152329512045, id=0, c=1485
D/SurfaceFlinger(  260): requestNextVsync(260)
D/Launcher3( 1973): BubbleTextView, drawDeleteButton() mDeleteButtonVisiable = false, this = com.android.launcher3.BubbleTextView{22d8fce9 VFED..CL ........ 576,380-720,570 #e}
D/SurfaceFlinger(  260): requestNextVsync(260)
D/SurfaceFlinger(  260): requestNextVsync(260)
D/Launcher3( 1973): BubbleTextView, drawUnreadEvent() this = com.android.launcher3.BubbleTextView{38a8dd6e VFED..CL ........ 0,570-144,760 #f}
V/ViewRootImpl( 1635): scheduleTraversals: mTraversalBarrier = 426,this = ViewRoot{3e08fb49 com.android.systemui/com.android.systemui.recents.RecentsActivity,ident = 5}
V/DisplayEventReceiver( 1635): call nativeScheduleVsync mReceiverPtr = -1195677568
D/SurfaceFlinger(  260): requestNextVsync(1635)
D/Launcher3( 1973): BubbleTextView, drawDeleteButton() mDeleteButtonVisiable = false, this = com.android.launcher3.BubbleTextView{38a8dd6e VFED..CL ........ 0,570-144,760 #f}
D/views.TaskStackView( 1635): onStackTaskRemoved:Task.Key: 7, u: 0, lat: 1451606453376, com.android.gallery3d
D/recents.TaskViewThumbnail( 1635): setThumbnail to null
D/Launcher3( 1973): BubbleTextView, drawUnreadEvent() this = com.android.launcher3.BubbleTextView{471fc0f VFED..CL ........ 144,570-288,760 #10}
D/Launcher3( 1973): BubbleTextView, drawDeleteButton() mDeleteButtonVisiable = false, this = com.android.launcher3.BubbleTextView{471fc0f VFED..CL ........ 144,570-288,760 #10}
D/OpenGLRenderer( 1973): TextureCache::get: create texture(0xb8b51ac0): name, size, mSize = 42, 4, 4
D/OpenGLRenderer( 1973): TextureCache::get: create texture(0xb8b20ea8): name, size, mSize = 7, 37636, 37640
D/OpenGLRenderer( 1973): TextureCache::get: create texture(0xb8b77218): name, size, mSize = 20, 37636, 75276
D/OpenGLRenderer( 1973): TextureCache::get: create texture(0xb8de6b30): name, size, mSize = 16, 37636, 112912
D/OpenGLRenderer( 1973): TextureCache::get: create texture(0xb8dbe288): name, size, mSize = 19, 37636, 150548
D/OpenGLRenderer( 1973): TextureCache::get: create texture(0xb8b88c08): name, size, mSize = 51, 37636, 188184
D/OpenGLRenderer( 1973): TextureCache::get: create texture(0xb8b85030): name, size, mSize = 53, 37636, 225820
D/OpenGLRenderer( 1973): TextureCache::get: create texture(0xb8cc3c28): name, size, mSize = 8, 37636, 263456
D/recents.RecentsActivity( 1635): FinishRecentsRunnable: Start Activity by LaunchIntent : Intent { act=android.intent.action.MAIN cat=[android.intent.category.HOME] flg=0x10200000 }
D/OpenGLRenderer( 1973): TextureCache::get: create texture(0xb8db8150): name, size, mSize = 28, 37636, 301092
D/OpenGLRenderer( 1973): TextureCache::get: create texture(0xb8dba318): name, size, mSize = 41, 37636, 338728
D/OpenGLRenderer( 1973): TextureCache::get: create texture(0xb8dbbfe8): name, size, mSize = 25, 37636, 376364
D/OpenGLRenderer( 1973): TextureCache::get: create texture(0xb8b19880): name, size, mSize = 6, 37636, 414000
D/OpenGLRenderer( 1973): TextureCache::get: create texture(0xb8b20700): name, size, mSize = 47, 37636, 451636
D/OpenGLRenderer( 1973): TextureCache::get: create texture(0xb8da4540): name, size, mSize = 1, 37636, 489272
D/OpenGLRenderer( 1973): TextureCache::get: create texture(0xb8b8aa30): name, size, mSize = 2, 37636, 526908
D/OpenGLRenderer( 1973): TextureCache::get: create texture(0xb8da9e38): name, size, mSize = 14, 37636, 564544
D/OpenGLRenderer( 1973): TextureCache::get: create texture(0xb8caed00): name, size, mSize = 15, 37636, 602180
D/OpenGLRenderer( 1973): TextureCache::get: create texture(0xb8b8b718): name, size, mSize = 4, 37636, 639816
D/OpenGLRenderer( 1973): Requesting new render layer 720x1140
D/OpenGLRenderer( 1973): Layer 0xb8b75c80 generateTexture: glGenTextures(1, 3)
D/OpenGLRenderer( 1973): Layer 0xb8b75c80 bindTexture: glBindTexture(0xde1, 3)
D/OpenGLRenderer( 1973): Creating new layer 0xb8b75c80, 768x1152, alpha 0
D/OpenGLRenderer( 1973): bindFramebuffer 0xb8b69d88, old 0, new 2
D/OpenGLRenderer( 1973): Layer 0xb8b75c80 bindTexture: glBindTexture(0xde1, 3)
D/OpenGLRenderer( 1973): Layer 0xb8b75c80 allocateTexture: glTexImage2D(0xde1, 0, 768, 1152, 0, NULL)
D/OpenGLRenderer( 1973): createRenderLayer 0xb8b75c80, 768x1152, fbo 2, texture 3, alpha 255
D/OpenGLRenderer( 1973): Layer 0xb8b75c80 finished uploading texture 3 to fbo 2
D/OpenGLRenderer( 1973): bindFramebuffer 0xb8b69d88, old 2, new 0
D/OpenGLRenderer( 1973): push layer 0xb8b75c80, textureSize (768, 1152), layerSize (720.00,1140.00), alpha 255 <0xb8db5570>
D/OpenGLRenderer( 1973): TextureCache::get: create texture(0xb8cb8778): name, size, mSize = 30, 1296, 641112
D/OpenGLRenderer( 1973): TextureCache::get: create texture(0xb8cb8a18): name, size, mSize = 10, 1296, 642408
D/OpenGLRenderer( 1973): DrawFrameTask 0xb8b65800, canUnblockUiThread 1, canDrawThisFrame 1
D/OpenGLRenderer( 1973): --defer layer start (720x1140, Layer 0xb8b75c80) frame#1 <0xb8cabf88>
D/OpenGLRenderer( 1973): [ANR Warning] task (fence) is waiting for:
D/OpenGLRenderer( 1973): TaskQueue:
D/OpenGLRenderer( 1973):   empty
D/OpenGLRenderer( 1973): Last task:
D/OpenGLRenderer( 1973):   (0xb8b65800, DrawFrame) post at 152338241700, run from 152338318392 to 152344409315 (6ms) but not finished yet!!
D/PerfServiceManager(  911): [PerfService] notifyFrameUpdate - bDuringTouchBoost:true 
D/SurfaceFlinger(  260): postEvent(260, v/c=1934)
D/SurfaceFlinger(  260): postEvent(911, v/c=1486)
D/SurfaceFlinger(  260): postEvent(1635, v/c=1486)
D/DisplayEventReceiver(  911): rev(0xb8bf1fd0) w/ vsync, t=152345207758, id=0, c=1486
V/DisplayEventReceiver(  911): call nativeScheduleVsync mReceiverPtr = -1195434032
D/SurfaceFlinger(  260): requestNextVsync(911)
D/OpenGLRenderer( 1973): --defer layer end frame#1 <0xb8cabf88>
D/SurfaceFlinger(  260): requestNextVsync(260)
D/OpenGLRenderer( 1973): Rendering into layer 0xb8b75c80, fbo 2, alpha 255
D/OpenGLRenderer( 1973): bindFramebuffer 0xb8b69d88, old 0, new 2
D/OpenGLRenderer( 1973): --flush layer start (720x1140, Layer 0xb8b75c80) frame#1 <0xb8cabf88>
D/OpenGLRenderer( 1973): --flush layer end frame#1 <0xb8cabf88>
D/OpenGLRenderer( 1973): Finished rendering into layer 0xb8b75c80, fbo 2, alpha 255
D/OpenGLRenderer( 1973): bindFramebuffer 0xb8b69d88, old 2, new 0
D/Surface ( 1973): Surface::setBuffersDimensions(this=0xb8da3010,w=720,h=1280)
D/GraphicBuffer( 1973): register, handle(0xb8da2978) (w:720 h:1280 s:720 f:0x1 u:0x000b00)
D/OpenGLRenderer( 1973): draw layer 0xb8b75c80 at (0.000000, 0.000000, 720.000000, 1140.000000), textureSize (768, 1152), alpha 1.000000, isPureTranslate 1, translateform {0x11 [1.000000 0.000000 0.000000 0.000000] [0.000000 1.000000 0.000000 38.000000] [0.000000 0.000000 1.000000 0.000000] [0.000000 0.000000 0.000000 1.000000]} <0xb8db5570>
D/SurfaceFlinger(  260): requestNextVsync(260)
V/WindowStateAnimator(  911): finishDrawingLocked: mDrawState=COMMIT_DRAW_PENDING WindowStateAnimator{2ffd917e com.android.launcher3/com.android.launcher3.Launcher} in Surface(name=com.android.launcher3/com.android.launcher3.Launcher)
I/ActivityManager(  911): START u0 {act=android.intent.action.MAIN cat=[android.intent.category.HOME] flg=0x10200000 cmp=com.android.launcher3/.Launcher} from uid 10012 on display 0
V/ViewRootImpl( 1973): ViewRoot performTraversals and draw- : mResizeBuffer = null, mResizeAlpha = 0, this = ViewRoot{3e93e79f com.android.launcher3/com.android.launcher3.Launcher,ident = 0} frame#467 (cancelDraw = false)
I/ActivityManager(  911): ACT-launchFlags(original): 0x10200000, launchMode:2, startFlags: 0, doResume:true
V/WindowManager(  911): **** GOOD TO GO
D/SurfaceFlinger(  260): postEvent(911, v/c=1487)
D/SurfaceFlinger(  260): postEvent(260, v/c=1935)
D/FeatureProxyBase(  911): FeatureProxyBase class constructor
D/FeatureProxyBase(  911): getService(), serviceName = multiwindow_service_v1
D/FeatureProxyBase(  911): FeatureProxyBase class constructor
D/FeatureProxyBase(  911): getService(), serviceName = multiwindow_service_v1
D/FeatureProxyBase(  911): FeatureProxyBase class constructor
D/FeatureProxyBase(  911): getService(), serviceName = multiwindow_service_v1
D/FeatureProxyBase(  911): FeatureProxyBase class constructor
D/FeatureProxyBase(  911): getService(), serviceName = multiwindow_service_v1
D/SurfaceFlinger(  260): requestNextVsync(260)
D/FeatureProxyBase(  911): FeatureProxyBase class constructor
D/FeatureProxyBase(  911): getService(), serviceName = multiwindow_service_v1
D/DisplayEventReceiver(  911): rev(0xb8bf1fd0) w/ vsync, t=152360882416, id=0, c=1487
D/FeatureProxyBase(  911): FeatureProxyBase class constructor
D/FeatureProxyBase(  911): getService(), serviceName = multiwindow_service_v1
D/SurfaceFlinger(  260): postEvent(260, v/c=1937)
D/FeatureProxyBase(  911): FeatureProxyBase class constructor
D/FeatureProxyBase(  911): getService(), serviceName = multiwindow_service_v1
D/ActivityManager(  911): ACT-AM_NEW_INTENT ActivityRecord{29a20430 u0 com.android.launcher3/.Launcher t3}TaskRecord{1d3faac #3 A=com.android.launcher3 U=0 sz=1}
D/PowerManagerService(  911): releaseWakeLockInternal: lock=612942527 [ActivityManager-Launch], flags=0x0, total_time=311ms
V/ViewRootImpl( 1635): ViewRoot performTraversals+ : mFirst = false, this = ViewRoot{3e08fb49 com.android.systemui/com.android.systemui.recents.RecentsActivity,ident = 5}
D/PowerManagerNotifier(  911): onWakeLockReleased: flags=1, tag="ActivityManager-Launch", packageName=android, ownerUid=1000, ownerPid=911, workSource=null
D/Launcher3( 1973): Launcher, (Launcher)onPause: this = com.android.launcher3.Launcher@27b5dc6e
D/PowerManagerService(  911): updateWakeLockSummaryLocked: mWakefulness=Awake, mWakeLockSummary=0x0
D/Launcher3( 1973): Launcher.DragController, cancelDrag: mDragging = false, mLastDropTarget = null
D/PowerManagerService(  911): updateUserActivitySummaryLocked: mWakefulness=Awake, mUserActivitySummary=0x1, nextTimeout=159752 (in 7352 ms)
D/PowerManagerService(  911): mDisplayPowerRequest.policy = 3
D/OpenGLRenderer( 1635): Destroying or caching layer 0xb8f4e408, 704x128, fbo 1, texture 13, alpha 255
D/OpenGLRenderer( 1635):   Cached!
D/OpenGLRenderer( 1635): bindFramebuffer 0xb8c1d420, old 0, new 1
D/OpenGLRenderer( 1635): bindFramebuffer 0xb8c1d420, old 1, new 0
D/OpenGLRenderer( 1635):   Layer size 128x128
D/OpenGLRenderer( 1635):   Layer size 704x128
D/OpenGLRenderer( 1635):   Layer size 704x704
D/OpenGLRenderer( 1635):   Layer size 768x64
D/DisplayPowerController(  911): requestPowerState: policy=BRIGHT, useProximitySensor=false, screenBrightness=102, screenAutoBrightnessAdjustment=0.0, useAutoBrightness=false, blockScreenOn=false, lowPowerMode=false, boostScreenBrightness=false, dozeScreenBrightness=-1, dozeScreenState=UNKNOWN, waitForNegativeProximity=false
I/PowerManagerService(  911): setBrightness mButtonLight 0.
D/PowerManagerService(  911): updateDisplayPowerStateLocked: mDisplayReady=true, policy=3, mWakefulness=1, mWakeLockSummary=0x0, mUserActivitySummary=0x1, mBootCompleted=true, mScreenBrightnessBoostInProgress=false
D/PowerManagerService(  911): Releasing suspend blocker "PowerManagerService.WakeLocks".
D/OpenGLRenderer( 1635): DrawFrameTask 0xb8e90810, canUnblockUiThread 1, canDrawThisFrame 1
D/Surface ( 1635): Surface::setBuffersDimensions(this=0xb8e8d308,w=720,h=1280)
V/ViewRootImpl( 1635): ViewRoot performTraversals and draw- : mResizeBuffer = null, mResizeAlpha = 0, this = ViewRoot{3e08fb49 com.android.systemui/com.android.systemui.recents.RecentsActivity,ident = 5} frame#57 (cancelDraw = false)
D/DisplayEventReceiver( 1635): rev(0xb8bb6880) w/ vsync, t=152345207758, id=0, c=1486
D/Launcher3( 1973): Launcher, onNewIntent: intent = Intent { act=android.intent.action.MAIN cat=[android.intent.category.HOME] flg=0x10200000 cmp=com.android.launcher3/.Launcher }
D/Launcher3( 1973): Launcher, exitSpringLoadedDragMode mState = APPS_CUSTOMIZE
D/Launcher3( 1973): Launcher, showWorkspace: animated = true, mState = APPS_CUSTOMIZE
V/ViewRootImpl( 1973): scheduleTraversals: mTraversalBarrier = 468,this = ViewRoot{3e93e79f com.android.launcher3/com.android.launcher3.Launcher,ident = 0}
V/DisplayEventReceiver( 1973): call nativeScheduleVsync mReceiverPtr = -1196045536
D/SurfaceFlinger(  260): requestNextVsync(1973)
V/ViewRootImpl( 1635): scheduleTraversals: mTraversalBarrier = 427,this = ViewRoot{3e08fb49 com.android.systemui/com.android.systemui.recents.RecentsActivity,ident = 5}
D/Launcher3( 1973): Launcher, hideAppsCustomzieHelper toState = NORMAL, animated = true, springLoaded = false
V/DisplayEventReceiver( 1635): call nativeScheduleVsync mReceiverPtr = -1195677568
D/SurfaceFlinger(  260): requestNextVsync(260)
D/SurfaceFlinger(  260): requestNextVsync(1635)
D/SurfaceFlinger(  260): postEvent(260, v/c=1938)
D/SurfaceFlinger(  260): postEvent(1635, v/c=1489)
D/SurfaceFlinger(  260): postEvent(1973, v/c=1489)
D/Launcher3( 1973): PagedView, (PagedView)snapToPage whichPage = 0, delta = 0, duration = 100, mNextPage = -1, mUnboundedScrollX = 0, mDeferScrollUpdate = false,mOverScrollX = 0, mScrollX = , this = com.android.launcher3.Workspace{23dd4e91 V.ED...L ......ID -1696,-1416-2417,2697 #7f110017 app:id/workspace}
D/DisplayEventReceiver( 1635): rev(0xb8bb6880) w/ vsync, t=152407749623, id=0, c=1489
V/DisplayEventReceiver(  911): call nativeScheduleVsync mReceiverPtr = -1195434032
D/PhoneStatusBar( 1635): setSystemUiVisibility vis=8600 mask=ffffffff oldVal=600 newVal=8600 diff=8000
D/SurfaceFlinger(  260): requestNextVsync(911)
D/SurfaceFlinger(  260): requestNextVsync(260)
V/ViewRootImpl( 1635): scheduleTraversals: mTraversalBarrier = 428,this = ViewRoot{37cd32f6 StatusBar,ident = 0}
D/FeatureProxyBase(  911): FeatureProxyBase class constructor
D/FeatureProxyBase(  911): getService(), serviceName = multiwindow_service_v1
V/ViewRootImpl( 1635): scheduleTraversals: mTraversalBarrier = 429,this = ViewRoot{335cf0df NavigationBar,ident = 2}
D/PhoneStatusBar( 1635): hiding the MENU button
V/DisplayEventReceiver( 1635): call nativeScheduleVsync mReceiverPtr = -1195677568
D/Launcher3( 1973): AppsCustomizePagedView, onLauncherTransitionPrepare l = com.android.launcher3.Launcher@27b5dc6e, animated = true, toWorkspace = true
D/SurfaceFlinger(  260): requestNextVsync(1635)
D/Launcher3( 1973): AppsCustomizePagedView, cancelAllTasks: mRunningTasks size = 0
D/SurfaceFlinger(  260): postEvent(260, v/c=1939)
V/ViewRootImpl( 1635): ViewRoot performTraversals+ : mFirst = false, this = ViewRoot{3e08fb49 com.android.systemui/com.android.systemui.recents.RecentsActivity,ident = 5}
D/OpenGLRenderer( 1635): [ANR Warning] task (destroy) is waiting for:
D/OpenGLRenderer( 1635):   (eglMakeCurrent) run from 152424776007 to 152424803469 (0ms) but not finished yet!!
D/OpenGLRenderer( 1635): TaskQueue:
D/OpenGLRenderer( 1635):   empty
D/OpenGLRenderer( 1635): Last task:
D/OpenGLRenderer( 1635):   (0xb8f6a898, destroyHardwareResources) post at 152424678853, run from 152424768700 to 152424865623 (0ms) but not finished yet!!
D/OpenGLRenderer( 1635): [ANR Warning] eglMakeCurrent 0ms blocked others
D/FeatureProxyBase(  911): FeatureProxyBase class constructor
D/OpenGLRenderer( 1635): Flushing caches (mode 0)
D/OpenGLRenderer( 1635): Destroying layer 0xb8f9c6e8, 128x128, fbo 0
D/OpenGLRenderer( 1635): Layer 0xb8f9c6e8 deleteTexture: glDeleteTextures(1, 19)
D/SurfaceFlinger(  260): postEvent(911, v/c=1490)
D/OpenGLRenderer( 1635): Destroying layer 0xb8f4e408, 704x128, fbo 0
D/OpenGLRenderer( 1635): Layer 0xb8f4e408 deleteTexture: glDeleteTextures(1, 13)
D/SurfaceFlinger(  260): postEvent(1635, v/c=1490)
D/OpenGLRenderer( 1635): Destroying layer 0xb8fd9628, 704x704, fbo 0
D/OpenGLRenderer( 1635): Layer 0xb8fd9628 deleteTexture: glDeleteTextures(1, 11)
D/OpenGLRenderer( 1635): Destroying layer 0xb8d804a8, 768x64, fbo 0
D/OpenGLRenderer( 1635): Layer 0xb8d804a8 deleteTexture: glDeleteTextures(1, 28)
D/FeatureProxyBase(  911): getService(), serviceName = multiwindow_service_v1
D/Surface ( 1635): Surface::disconnect(this=0xb8e8d308,api=1)
D/GraphicBuffer( 1635): unregister, handle(0xb8fae6b0) (w:720 h:1280 s:720 f:0x1 u:0x000b00)
D/GraphicBuffer( 1635): unregister, handle(0xb8f378d0) (w:720 h:1280 s:720 f:0x1 u:0x000b00)
D/GraphicBuffer( 1635): unregister, handle(0xb8e96d20) (w:720 h:1280 s:720 f:0x1 u:0x000b00)
I/BufferQueueProducer(  260): [com.android.systemui/com.android.systemui.recents.RecentsActivity](this:0xb7167680,id:29,api:1,p:-1,c:260) disconnect(P): api 1
I/BufferQueueConsumer(  260): [com.android.systemui/com.android.systemui.recents.RecentsActivity](this:0xb7167680,id:29,api:1,p:-1,c:260) getReleasedBuffers: returning mask 0xffffffffffffffff
D/DisplayEventReceiver(  911): rev(0xb8bf1fd0) w/ vsync, t=152423274574, id=0, c=1490
D/GraphicBuffer(  260): free, handle(0xb714a620) (w:720 h:1280 s:720 f:0x1 u:0x000b00)
D/GraphicBuffer(  260): free, handle(0xb7124910) (w:720 h:1280 s:720 f:0x1 u:0x000b00)
D/OpenGLRenderer( 1635): Flushing caches (mode 0)
V/DisplayEventReceiver(  911): call nativeScheduleVsync mReceiverPtr = -1195434032
D/SurfaceFlinger(  260): requestNextVsync(911)
D/SurfaceFlinger(  260): requestNextVsync(260)
D/FeatureProxyBase(  911): FeatureProxyBase class constructor
D/Launcher3( 1973): Launcher, (Launcher)onResume: mRestoring = false, mOnResumeNeedsLoad = false,mOrientationChanged = false,mPagesAreRecreated = false, this = com.android.launcher3.Launcher@27b5dc6e
D/FeatureProxyBase(  911): getService(), serviceName = multiwindow_service_v1
D/ActivityThread( 1973): ACT-NEW_INTENT handled : 0 / NewIntentData{intents=[Intent { act=android.intent.action.MAIN cat=[android.intent.category.HOME] flg=0x10200000 cmp=com.android.launcher3/.Launcher }] token=android.os.BinderProxy@38686004}
D/DisplayEventReceiver( 1973): rev(0xb8b5cb20) w/ vsync, t=152407749623, id=0, c=1489
D/SurfaceFlinger(  260): postEvent(260, v/c=1940)
D/SurfaceFlinger(  260): postEvent(911, v/c=1491)
D/DisplayEventReceiver(  911): rev(0xb8bf1fd0) w/ vsync, t=152438799525, id=0, c=1491
V/DisplayEventReceiver( 1973): call nativeScheduleVsync mReceiverPtr = -1196045536
V/ViewRootImpl( 1973): ViewRoot performTraversals+ : mFirst = false, this = ViewRoot{3e93e79f com.android.launcher3/com.android.launcher3.Launcher,ident = 0}
D/SurfaceFlinger(  260): requestNextVsync(1973)
D/FeatureProxyBase(  911): FeatureProxyBase class constructor
V/ViewRootImpl( 1973): ViewRoot performTraversals and draw- : mResizeBuffer = null, mResizeAlpha = 0, this = ViewRoot{3e93e79f com.android.launcher3/com.android.launcher3.Launcher,ident = 0} frame#468 (cancelDraw = false)
D/FeatureProxyBase(  911): getService(), serviceName = multiwindow_service_v1
D/Launcher3( 1973): AppsCustomizeTabHost, onLauncherTransitionStart: l = com.android.launcher3.Launcher@27b5dc6e, animated = true, toWorkspace = false
D/Launcher3( 1973): BubbleTextView, drawUnreadEvent() this = com.android.launcher3.BubbleTextView{63928d6 VFED..CL ........ 0,0-136,133 #1}
D/Launcher3( 1973): BubbleTextView, drawDeleteButton() mDeleteButtonVisiable = false, this = com.android.launcher3.BubbleTextView{63928d6 VFED..CL ........ 0,0-136,133 #1}
V/DisplayEventReceiver(  911): call nativeScheduleVsync mReceiverPtr = -1195434032
V/ViewRootImpl( 1635): ViewRoot performTraversals and draw- : mResizeBuffer = null, mResizeAlpha = 0, this = ViewRoot{3e08fb49 com.android.systemui/com.android.systemui.recents.RecentsActivity,ident = 5} frame#-999 (cancelDraw = true)
D/Launcher3( 1973): BubbleTextView, drawUnreadEvent() this = com.android.launcher3.BubbleTextView{3c4bc757 VFED..CL ........ 136,0-272,133 #2}
D/SurfaceFlinger(  260): requestNextVsync(911)
V/ViewRootImpl( 1635): ViewRoot performTraversals+ : mFirst = false, this = ViewRoot{37cd32f6 StatusBar,ident = 0}
D/SurfaceFlinger(  260): requestNextVsync(260)
D/Launcher3( 1973): BubbleTextView, drawDeleteButton() mDeleteButtonVisiable = false, this = com.android.launcher3.BubbleTextView{3c4bc757 VFED..CL ........ 136,0-272,133 #2}
V/ViewRootImpl( 1635): scheduleTraversals: mTraversalBarrier = 430,this = ViewRoot{37cd32f6 StatusBar,ident = 0}
D/Launcher3( 1973): BubbleTextView, drawUnreadEvent() this = com.android.launcher3.BubbleTextView{74a9244 VFED..CL ........ 408,0-544,133 #3}
D/OpenGLRenderer( 1635): DrawFrameTask 0xb8c1b1b8, canUnblockUiThread 1, canDrawThisFrame 1
D/Launcher3( 1973): BubbleTextView, drawDeleteButton() mDeleteButtonVisiable = false, this = com.android.launcher3.BubbleTextView{74a9244 VFED..CL ........ 408,0-544,133 #3}
V/ViewRootImpl( 1635): ViewRoot performTraversals and draw- : mResizeBuffer = null, mResizeAlpha = 0, this = ViewRoot{37cd32f6 StatusBar,ident = 0} frame#229 (cancelDraw = false)
V/ViewRootImpl( 1635): ViewRoot performTraversals+ : mFirst = false, this = ViewRoot{335cf0df NavigationBar,ident = 2}
D/Surface ( 1635): Surface::setBuffersDimensions(this=0xb8ca72a8,w=720,h=38)
V/ViewRootImpl( 1635): scheduleTraversals: mTraversalBarrier = 431,this = ViewRoot{335cf0df NavigationBar,ident = 2}
D/Launcher3( 1973): BubbleTextView, drawUnreadEvent() this = com.android.launcher3.BubbleTextView{37e92f2d VFED..CL ........ 544,0-680,133 #4}
D/Launcher3( 1973): BubbleTextView, drawDeleteButton() mDeleteButtonVisiable = false, this = com.android.launcher3.BubbleTextView{37e92f2d VFED..CL ........ 544,0-680,133 #4}
D/OpenGLRenderer( 1973): Requesting new render layer 720x133
D/OpenGLRenderer( 1973): Layer 0xb8ece9e8 generateTexture: glGenTextures(1, 31)
D/OpenGLRenderer( 1973): Layer 0xb8ece9e8 bindTexture: glBindTexture(0xde1, 31)
D/OpenGLRenderer( 1973): Creating new layer 0xb8ece9e8, 768x192, alpha 242
D/OpenGLRenderer( 1973): bindFramebuffer 0xb8b69d88, old 0, new 3
D/OpenGLRenderer( 1973): Layer 0xb8ece9e8 bindTexture: glBindTexture(0xde1, 31)
D/OpenGLRenderer( 1973): Layer 0xb8ece9e8 allocateTexture: glTexImage2D(0xde1, 0, 768, 192, 0, NULL)
D/OpenGLRenderer( 1973): createRenderLayer 0xb8ece9e8, 768x192, fbo 3, texture 31, alpha 255
D/OpenGLRenderer( 1973): Layer 0xb8ece9e8 finished uploading texture 31 to fbo 3
D/OpenGLRenderer( 1973): bindFramebuffer 0xb8b69d88, old 3, new 0
D/OpenGLRenderer( 1973): push layer 0xb8ece9e8, textureSize (768, 192), layerSize (720.00,133.00), alpha 255 <0xb8db5570>
D/OpenGLRenderer( 1973): flushLayerUpdates <0xb8db5570>
D/OpenGLRenderer( 1973): --defer layer start (720x133, Layer 0xb8ece9e8) frame#1 <0xb8cb7870>
D/OpenGLRenderer( 1973): --defer layer end frame#1 <0xb8cb7870>
D/OpenGLRenderer( 1973): Rendering into layer 0xb8ece9e8, fbo 3, alpha 255
D/OpenGLRenderer( 1973): bindFramebuffer 0xb8b69d88, old 0, new 3
D/OpenGLRenderer( 1973): --flush layer start (720x133, Layer 0xb8ece9e8) frame#1 <0xb8cb7870>
D/SurfaceFlinger(  260): postEvent(260, v/c=1941)
D/SurfaceFlinger(  260): postEvent(911, v/c=1492)
D/SurfaceFlinger(  260): postEvent(1973, v/c=1492)
D/DisplayEventReceiver(  911): rev(0xb8bf1fd0) w/ vsync, t=152455702595, id=0, c=1492
D/OpenGLRenderer( 1973): --flush layer end frame#1 <0xb8cb7870>
D/OpenGLRenderer( 1973): Finished rendering into layer 0xb8ece9e8, fbo 3, alpha 255
D/OpenGLRenderer( 1973): bindFramebuffer 0xb8b69d88, old 3, new 0
D/Surface (  260): Surface::setBuffersDimensions(this=0xb710cb20,w=720,h=1280)
V/DisplayEventReceiver(  911): call nativeScheduleVsync mReceiverPtr = -1195434032
D/SurfaceFlinger(  260): requestNextVsync(911)
D/SurfaceFlinger(  260): requestNextVsync(260)
D/SurfaceFlinger(  260): requestNextVsync(260)
D/OpenGLRenderer( 1635): DrawFrameTask 0xb8c1f738, canUnblockUiThread 1, canDrawThisFrame 1
I/BufferQueueProducer(  260): [FrameBufferSurface_0](this:0xb710b548,id:0,api:1,p:260,c:260) queueBuffer: fps=3.34 dur=2695.47 max=2570.61 min=14.61
D/Surface ( 1635): Surface::setBuffersDimensions(this=0xb8cf60d0,w=720,h=72)
V/ViewRootImpl( 1635): ViewRoot performTraversals and draw- : mResizeBuffer = null, mResizeAlpha = 0, this = ViewRoot{335cf0df NavigationBar,ident = 2} frame#74 (cancelDraw = false)
D/DisplayEventReceiver( 1635): rev(0xb8bb6880) w/ vsync, t=152423274574, id=0, c=1490
D/SurfaceFlinger(  260): requestNextVsync(260)
I/BufferQueueProducer(  260): [NavigationBar](this:0xb714f460,id:9,api:1,p:1635,c:260) queueBuffer: fps=11.50 dur=3217.47 max=2663.93 min=9.45
V/DisplayEventReceiver( 1635): call nativeScheduleVsync mReceiverPtr = -1195677568
D/SurfaceFlinger(  260): requestNextVsync(1635)
D/OpenGLRenderer( 1973): TextureCache::get: create texture(0xb8b5fbe0): name, size, mSize = 32, 16384, 658792
D/OpenGLRenderer( 1973): TextureCache::get: create texture(0xb8b60b50): name, size, mSize = 29, 16384, 675176
D/OpenGLRenderer( 1973): TextureCache::get: create texture(0xb8b61148): name, size, mSize = 21, 16384, 691560
D/OpenGLRenderer( 1973): Requesting new render layer 420x180
D/OpenGLRenderer( 1973): Layer 0xb8da2100 generateTexture: glGenTextures(1, 5)
D/OpenGLRenderer( 1973): Layer 0xb8da2100 bindTexture: glBindTexture(0xde1, 5)
D/OpenGLRenderer( 1973): Creating new layer 0xb8da2100, 448x192, alpha 0
D/OpenGLRenderer( 1973): bindFramebuffer 0xb8b69d88, old 0, new 4
D/OpenGLRenderer( 1973): Layer 0xb8da2100 bindTexture: glBindTexture(0xde1, 5)
D/OpenGLRenderer( 1973): Layer 0xb8da2100 allocateTexture: glTexImage2D(0xde1, 0, 448, 192, 0, NULL)
V/ViewRootImpl( 1635): ViewRoot performTraversals+ : mFirst = false, this = ViewRoot{37cd32f6 StatusBar,ident = 0}
D/OpenGLRenderer( 1973): createRenderLayer 0xb8da2100, 448x192, fbo 4, texture 5, alpha 255
D/OpenGLRenderer( 1973): Layer 0xb8da2100 finished uploading texture 5 to fbo 4
D/OpenGLRenderer( 1973): bindFramebuffer 0xb8b69d88, old 4, new 0
D/OpenGLRenderer( 1973): push layer 0xb8da2100, textureSize (448, 192), layerSize (420.00,180.00), alpha 255 <0xb8db5570>
D/OpenGLRenderer( 1973): flushLayerUpdates <0xb8db5570>
D/OpenGLRenderer( 1973): --defer layer start (420x180, Layer 0xb8da2100) frame#1 <0xb8d4c1a8>
D/OpenGLRenderer( 1973): --defer layer end frame#1 <0xb8d4c1a8>
D/OpenGLRenderer( 1973): Rendering into layer 0xb8da2100, fbo 4, alpha 255
D/OpenGLRenderer( 1973): bindFramebuffer 0xb8b69d88, old 0, new 4
D/OpenGLRenderer( 1973): --flush layer start (420x180, Layer 0xb8da2100) frame#1 <0xb8d4c1a8>
D/OpenGLRenderer( 1973): --flush layer end frame#1 <0xb8d4c1a8>
D/OpenGLRenderer( 1973): Finished rendering into layer 0xb8da2100, fbo 4, alpha 255
V/ViewRootImpl( 1635): scheduleTraversals: mTraversalBarrier = 432,this = ViewRoot{37cd32f6 StatusBar,ident = 0}
D/OpenGLRenderer( 1973): bindFramebuffer 0xb8b69d88, old 4, new 0
D/OpenGLRenderer( 1635): DrawFrameTask 0xb8c1b1b8, canUnblockUiThread 1, canDrawThisFrame 1
D/SurfaceFlinger(  260): postEvent(911, v/c=1493)
D/SurfaceFlinger(  260): postEvent(1635, v/c=1493)
D/SurfaceFlinger(  260): postEvent(260, v/c=1942)
D/Surface ( 1635): Surface::setBuffersDimensions(this=0xb8ca72a8,w=720,h=38)
D/DisplayEventReceiver(  911): rev(0xb8bf1fd0) w/ vsync, t=152471421595, id=0, c=1493
V/ViewRootImpl( 1635): ViewRoot performTraversals and draw- : mResizeBuffer = null, mResizeAlpha = 0, this = ViewRoot{37cd32f6 StatusBar,ident = 0} frame#230 (cancelDraw = false)
V/ViewRootImpl( 1635): ViewRoot performTraversals+ : mFirst = false, this = ViewRoot{335cf0df NavigationBar,ident = 2}
D/Surface (  260): Surface::setBuffersDimensions(this=0xb710cb20,w=720,h=1280)
V/DisplayEventReceiver(  911): call nativeScheduleVsync mReceiverPtr = -1195434032
D/SurfaceFlinger(  260): requestNextVsync(911)
D/SurfaceFlinger(  260): requestNextVsync(260)
D/SurfaceFlinger(  260): requestNextVsync(260)
V/ViewRootImpl( 1635): scheduleTraversals: mTraversalBarrier = 433,this = ViewRoot{335cf0df NavigationBar,ident = 2}
D/OpenGLRenderer( 1635): DrawFrameTask 0xb8c1f738, canUnblockUiThread 1, canDrawThisFrame 1
D/Surface ( 1635): Surface::setBuffersDimensions(this=0xb8cf60d0,w=720,h=72)
V/ViewRootImpl( 1635): ViewRoot performTraversals and draw- : mResizeBuffer = null, mResizeAlpha = 0, this = ViewRoot{335cf0df NavigationBar,ident = 2} frame#75 (cancelDraw = false)
D/SurfaceFlinger(  260): requestNextVsync(260)
D/DisplayEventReceiver( 1635): rev(0xb8bb6880) w/ vsync, t=152471421595, id=0, c=1493
V/DisplayEventReceiver( 1635): call nativeScheduleVsync mReceiverPtr = -1195677568
D/SurfaceFlinger(  260): requestNextVsync(1635)
V/ViewRootImpl( 1635): ViewRoot performTraversals+ : mFirst = false, this = ViewRoot{37cd32f6 StatusBar,ident = 0}
D/SurfaceFlinger(  260): postEvent(260, v/c=1943)
D/SurfaceFlinger(  260): postEvent(911, v/c=1494)
D/SurfaceFlinger(  260): postEvent(1635, v/c=1494)
D/DisplayEventReceiver(  911): rev(0xb8bf1fd0) w/ vsync, t=152487140595, id=0, c=1494
D/Surface (  260): Surface::setBuffersDimensions(this=0xb710cb20,w=720,h=1280)
V/DisplayEventReceiver(  911): call nativeScheduleVsync mReceiverPtr = -1195434032
D/SurfaceFlinger(  260): requestNextVsync(911)
D/SurfaceFlinger(  260): requestNextVsync(260)
V/ViewRootImpl( 1635): scheduleTraversals: mTraversalBarrier = 434,this = ViewRoot{37cd32f6 StatusBar,ident = 0}
V/ViewRootImpl( 1973): scheduleTraversals: mTraversalBarrier = 469,this = ViewRoot{3e93e79f com.android.launcher3/com.android.launcher3.Launcher,ident = 0}
D/OpenGLRenderer( 1635): DrawFrameTask 0xb8c1b1b8, canUnblockUiThread 1, canDrawThisFrame 1
D/OpenGLRenderer( 1973): push layer 0xb8da2100, textureSize (448, 192), layerSize (420.00,180.00), alpha 255 <0xb8db5570>
D/OpenGLRenderer( 1973): flushLayerUpdates <0xb8db5570>
D/OpenGLRenderer( 1973): --defer layer start (420x180, Layer 0xb8da2100) frame#2 <0xb8d4c1a8>
D/OpenGLRenderer( 1973): --defer layer end frame#2 <0xb8d4c1a8>
D/OpenGLRenderer( 1973): Rendering into layer 0xb8da2100, fbo 4, alpha 255
D/OpenGLRenderer( 1973): bindFramebuffer 0xb8b69d88, old 0, new 4
D/OpenGLRenderer( 1973): --flush layer start (420x180, Layer 0xb8da2100) frame#2 <0xb8d4c1a8>
D/Surface ( 1635): Surface::setBuffersDimensions(this=0xb8ca72a8,w=720,h=38)
D/OpenGLRenderer( 1973): --flush layer end frame#2 <0xb8d4c1a8>
D/OpenGLRenderer( 1973): Finished rendering into layer 0xb8da2100, fbo 4, alpha 255
D/OpenGLRenderer( 1973): bindFramebuffer 0xb8b69d88, old 4, new 0
V/ViewRootImpl( 1635): ViewRoot performTraversals and draw- : mResizeBuffer = null, mResizeAlpha = 0, this = ViewRoot{37cd32f6 StatusBar,ident = 0} frame#231 (cancelDraw = false)
V/ViewRootImpl( 1635): ViewRoot performTraversals+ : mFirst = false, this = ViewRoot{335cf0df NavigationBar,ident = 2}
D/SurfaceFlinger(  260): requestNextVsync(260)
V/ViewRootImpl( 1635): scheduleTraversals: mTraversalBarrier = 435,this = ViewRoot{335cf0df NavigationBar,ident = 2}
D/OpenGLRenderer( 1635): DrawFrameTask 0xb8c1f738, canUnblockUiThread 1, canDrawThisFrame 1
D/Surface ( 1635): Surface::setBuffersDimensions(this=0xb8cf60d0,w=720,h=72)
V/ViewRootImpl( 1635): ViewRoot performTraversals and draw- : mResizeBuffer = null, mResizeAlpha = 0, this = ViewRoot{335cf0df NavigationBar,ident = 2} frame#76 (cancelDraw = false)
D/DisplayEventReceiver( 1635): rev(0xb8bb6880) w/ vsync, t=152487140595, id=0, c=1494
D/OpenGLRenderer( 1973): push layer 0xb8ece9e8, textureSize (768, 192), layerSize (720.00,133.00), alpha 255 <0xb8db5570>
D/OpenGLRenderer( 1973): flushLayerUpdates <0xb8db5570>
D/SurfaceFlinger(  260): requestNextVsync(260)
D/OpenGLRenderer( 1973): --defer layer start (720x133, Layer 0xb8ece9e8) frame#2 <0xb8cb7870>
V/DisplayEventReceiver( 1635): call nativeScheduleVsync mReceiverPtr = -1195677568
D/OpenGLRenderer( 1973): --defer layer end frame#2 <0xb8cb7870>
D/SurfaceFlinger(  260): requestNextVsync(1635)
D/OpenGLRenderer( 1973): Rendering into layer 0xb8ece9e8, fbo 3, alpha 255
D/OpenGLRenderer( 1973): bindFramebuffer 0xb8b69d88, old 0, new 3
D/OpenGLRenderer( 1973): --flush layer start (720x133, Layer 0xb8ece9e8) frame#2 <0xb8cb7870>
V/ViewRootImpl( 1635): ViewRoot performTraversals+ : mFirst = false, this = ViewRoot{37cd32f6 StatusBar,ident = 0}
D/OpenGLRenderer( 1973): --flush layer end frame#2 <0xb8cb7870>
D/OpenGLRenderer( 1973): Finished rendering into layer 0xb8ece9e8, fbo 3, alpha 255
D/OpenGLRenderer( 1973): bindFramebuffer 0xb8b69d88, old 3, new 0
D/SurfaceFlinger(  260): postEvent(911, v/c=1495)
D/SurfaceFlinger(  260): postEvent(1635, v/c=1495)
D/SurfaceFlinger(  260): postEvent(260, v/c=1944)
D/DisplayEventReceiver(  911): rev(0xb8bf1fd0) w/ vsync, t=152502859595, id=0, c=1495
V/ViewRootImpl( 1635): scheduleTraversals: mTraversalBarrier = 436,this = ViewRoot{37cd32f6 StatusBar,ident = 0}
V/DisplayEventReceiver(  911): call nativeScheduleVsync mReceiverPtr = -1195434032
D/SurfaceFlinger(  260): requestNextVsync(911)
D/SurfaceFlinger(  260): requestNextVsync(260)
D/Surface (  260): Surface::setBuffersDimensions(this=0xb710cb20,w=720,h=1280)
D/OpenGLRenderer( 1635): DrawFrameTask 0xb8c1b1b8, canUnblockUiThread 1, canDrawThisFrame 1
V/ViewRootImpl( 1635): ViewRoot performTraversals and draw- : mResizeBuffer = null, mResizeAlpha = 0, this = ViewRoot{37cd32f6 StatusBar,ident = 0} frame#232 (cancelDraw = false)
V/ViewRootImpl( 1635): ViewRoot performTraversals+ : mFirst = false, this = ViewRoot{335cf0df NavigationBar,ident = 2}
D/Surface ( 1635): Surface::setBuffersDimensions(this=0xb8ca72a8,w=720,h=38)
V/ViewRootImpl( 1635): scheduleTraversals: mTraversalBarrier = 437,this = ViewRoot{335cf0df NavigationBar,ident = 2}
D/SurfaceFlinger(  260): requestNextVsync(260)
D/OpenGLRenderer( 1635): DrawFrameTask 0xb8c1f738, canUnblockUiThread 1, canDrawThisFrame 1
D/Surface ( 1635): Surface::setBuffersDimensions(this=0xb8cf60d0,w=720,h=72)
V/ViewRootImpl( 1635): ViewRoot performTraversals and draw- : mResizeBuffer = null, mResizeAlpha = 0, this = ViewRoot{335cf0df NavigationBar,ident = 2} frame#77 (cancelDraw = false)
D/DisplayEventReceiver( 1635): rev(0xb8bb6880) w/ vsync, t=152502859595, id=0, c=1495
D/SurfaceFlinger(  260): requestNextVsync(260)
D/SurfaceFlinger(  260): postEvent(911, v/c=1496)
D/DisplayEventReceiver(  911): rev(0xb8bf1fd0) w/ vsync, t=152518578595, id=0, c=1496
D/SurfaceFlinger(  260): postEvent(260, v/c=1945)
V/DisplayEventReceiver(  911): call nativeScheduleVsync mReceiverPtr = -1195434032
D/SurfaceFlinger(  260): requestNextVsync(911)
D/SurfaceFlinger(  260): requestNextVsync(260)
D/OpenGLRenderer( 1973): Requesting new render layer 48x24
D/OpenGLRenderer( 1973): Layer 0xb8e4b0b8 generateTexture: glGenTextures(1, 24)
D/OpenGLRenderer( 1973): Layer 0xb8e4b0b8 bindTexture: glBindTexture(0xde1, 24)
D/OpenGLRenderer( 1973): Creating new layer 0xb8e4b0b8, 64x64, alpha 1873278808
D/OpenGLRenderer( 1973): bindFramebuffer 0xb8b69d88, old 0, new 5
D/OpenGLRenderer( 1973): Layer 0xb8e4b0b8 bindTexture: glBindTexture(0xde1, 24)
D/OpenGLRenderer( 1973): Layer 0xb8e4b0b8 allocateTexture: glTexImage2D(0xde1, 0, 64, 64, 0, NULL)
D/OpenGLRenderer( 1973): createRenderLayer 0xb8e4b0b8, 64x64, fbo 5, texture 24, alpha 255
D/OpenGLRenderer( 1973): Layer 0xb8e4b0b8 finished uploading texture 24 to fbo 5
D/OpenGLRenderer( 1973): bindFramebuffer 0xb8b69d88, old 5, new 0
D/OpenGLRenderer( 1973): push layer 0xb8e4b0b8, textureSize (64, 64), layerSize (48.00,24.00), alpha 255 <0xb8db5570>
D/OpenGLRenderer( 1973): flushLayerUpdates <0xb8db5570>
D/OpenGLRenderer( 1973): --defer layer start (48x24, Layer 0xb8e4b0b8) frame#1 <0xb8e4b298>
D/OpenGLRenderer( 1973): --defer layer end frame#1 <0xb8e4b298>
D/Surface (  260): Surface::setBuffersDimensions(this=0xb710cb20,w=720,h=1280)
D/OpenGLRenderer( 1973): Rendering into layer 0xb8e4b0b8, fbo 5, alpha 255
D/OpenGLRenderer( 1973): bindFramebuffer 0xb8b69d88, old 0, new 5
D/OpenGLRenderer( 1973): --flush layer start (48x24, Layer 0xb8e4b0b8) frame#1 <0xb8e4b298>
D/OpenGLRenderer( 1973): --flush layer end frame#1 <0xb8e4b298>
D/OpenGLRenderer( 1973): Finished rendering into layer 0xb8e4b0b8, fbo 5, alpha 255
D/OpenGLRenderer( 1973): bindFramebuffer 0xb8b69d88, old 5, new 0
V/DisplayEventReceiver( 1635): call nativeScheduleVsync mReceiverPtr = -1195677568
D/SurfaceFlinger(  260): requestNextVsync(1635)
V/ViewRootImpl( 1635): ViewRoot performTraversals+ : mFirst = false, this = ViewRoot{37cd32f6 StatusBar,ident = 0}
V/ViewRootImpl( 1635): scheduleTraversals: mTraversalBarrier = 438,this = ViewRoot{37cd32f6 StatusBar,ident = 0}
D/OpenGLRenderer( 1635): DrawFrameTask 0xb8c1b1b8, canUnblockUiThread 1, canDrawThisFrame 1
V/ViewRootImpl( 1635): ViewRoot performTraversals and draw- : mResizeBuffer = null, mResizeAlpha = 0, this = ViewRoot{37cd32f6 StatusBar,ident = 0} frame#233 (cancelDraw = false)
D/Surface ( 1635): Surface::setBuffersDimensions(this=0xb8ca72a8,w=720,h=38)
V/ViewRootImpl( 1635): ViewRoot performTraversals+ : mFirst = false, this = ViewRoot{335cf0df NavigationBar,ident = 2}
V/ViewRootImpl( 1635): scheduleTraversals: mTraversalBarrier = 439,this = ViewRoot{335cf0df NavigationBar,ident = 2}
D/SurfaceFlinger(  260): postEvent(260, v/c=1946)
D/SurfaceFlinger(  260): postEvent(911, v/c=1497)
D/SurfaceFlinger(  260): postEvent(1635, v/c=1497)
D/DisplayEventReceiver(  911): rev(0xb8bf1fd0) w/ vsync, t=152534297595, id=0, c=1497
D/Surface (  260): Surface::setBuffersDimensions(this=0xb710cb20,w=720,h=1280)
V/DisplayEventReceiver(  911): call nativeScheduleVsync mReceiverPtr = -1195434032
D/SurfaceFlinger(  260): requestNextVsync(260)
D/SurfaceFlinger(  260): requestNextVsync(911)
D/SurfaceFlinger(  260): requestNextVsync(260)
D/OpenGLRenderer( 1635): DrawFrameTask 0xb8c1f738, canUnblockUiThread 1, canDrawThisFrame 1
D/Surface ( 1635): Surface::setBuffersDimensions(this=0xb8cf60d0,w=720,h=72)
D/SurfaceFlinger(  260): requestNextVsync(260)
