V/AlarmManager(  911): APP set(PendingIntent{1fef62bd: PendingIntentRecord{2430d0b2 android broadcastIntent}}) : type=3 triggerAtTime=198788 win=0 tElapsed=198788 maxElapsed=198788 interval=0 standalone=true
D/AlarmManager(  911):  whichBatch = -1
D/AlarmManager(  911): set alarm to RTC 198788
D/PowerManagerService(  911): releaseWakeLockInternal: lock=1025200575 [*alarm*], flags=0x0, total_time=12ms
D/PowerManagerNotifier(  911): onWakeLockReleased: flags=1, tag="*alarm*", packageName=android, ownerUid=1000, ownerPid=911, workSource=WorkSource{1000}
D/PowerManagerService(  911): updateWakeLockSummaryLocked: mWakefulness=Awake, mWakeLockSummary=0x0
D/PowerManagerService(  911): updateUserActivitySummaryLocked: mWakefulness=Awake, mUserActivitySummary=0x5, nextTimeout=-1 (168794 ms ago)
D/PowerManagerService(  911): mDisplayPowerRequest.policy = 3
D/DisplayPowerController(  911): requestPowerState: policy=BRIGHT, useProximitySensor=false, screenBrightness=102, screenAutoBrightnessAdjustment=0.0, useAutoBrightness=false, blockScreenOn=false, lowPowerMode=false, boostScreenBrightness=false, dozeScreenBrightness=-1, dozeScreenState=UNKNOWN, waitForNegativeProximity=false
I/PowerManagerService(  911): setBrightness mButtonLight 0.
D/PowerManagerService(  911): updateDisplayPowerStateLocked: mDisplayReady=true, policy=3, mWakefulness=1, mWakeLockSummary=0x0, mUserActivitySummary=0x5, mBootCompleted=true, mScreenBrightnessBoostInProgress=false
D/PowerManagerService(  911): Releasing suspend blocker "PowerManagerService.WakeLocks".
I/memtrack_graphic(  911): graphic_memtrack_get_memory match 4:      ion_mm_heap 1973  3686400   2 d649fa00 d75dd240.
I/memtrack_graphic(  911):  : 1973 1973 3686400 2 3686400
I/memtrack_graphic(  911): graphic_memtrack_get_memory match 4:      ion_mm_heap 1973  3686400   3 d63c0100 d75dd600.
I/memtrack_graphic(  911):  : 1973 1973 3686400 3 4915200
I/EMDLOGGER1(  731): MDL rate:64 KB/s, full count:0
I/DeviceStorageMonitorService(  911): COOLPAD_PROJECT checkMemory checkCache:true
I/DeviceStorageMonitorService(  911): COOLPAD_PROJECT restatDataDir
V/SettingsInterface(  911):  from settings cache , name = sys_free_storage_log_interval , value = null
V/SettingsInterface(  911):  from settings cache , name = disk_free_change_reporting_threshold , value = null
V/DeviceStorageMonitorService(  911): freeMemory=2317963264
I/DeviceStorageMonitorService(  911): COOLPAD_PROJECT mMemLowThreshold:52428800
I/DeviceStorageMonitorService(  911): Posting Message again
V/SettingsInterface( 1794):  from settings cache , name = multi_sim_voice_call , value = null
V/ActivityManager(  911): Broadcast sticky: Intent { act=android.intent.action.SIG_STR flg=0x20000010 (has extras) } ordered=false userid=-1 callerApp=ProcessRecord{2de91dc1 911:system/1000}
I/MTK_FG  (  310): log level too low, fglog_level = 6
I/MTK_FG  (  310): log level too low, fglog_level = 6
D/EMDLOGGER1(  731): CTRL_reader: incoming SPLM req, msgid=6, token=0, result=0
I/EMDLOGGER1(  731): [MDLOG] [stats][buf] L1 : data:0x8590 last:0x7f05; (1, 0x6178, 0x7f05)(3, 0x235, 0x7e05)PS : data:0x63ad last:0x7f05; L2 : data:0x2b14 last:0x7f05; 
D/EMDLOGGER1(  731): CTRL_reader: incoming SPLM req, msgid=6, token=0, result=0
I/EMDLOGGER1(  731): [MDLOG] [stats][mux] MCU : data:0x0 last:0x7905; (3, 0x6834, 0x7e06)DSP : data:0x6834 last:0x7e06; 
I/thermal_repeater(  306): oh, queryMdThermalInfo (0)Bad file number
I/thermal_repeater(  306): [recvMdThermalInfo] ret=27, strLen=127,  3, 31, -127, -1, 32767, 18
I/EMDLOGGER1(  731): MDL rate:63 KB/s, full count:0
D/EMDLOGGER1(  731): CTRL_reader: incoming SPLM req, msgid=6, token=0, result=0
I/EMDLOGGER1(  731): [MDLOG] [stats][buf] L1 : data:0x55fc last:0x8205; (1, 0x4eb4, 0x8205)(3, 0x1a8, 0x8105)PS : data:0x505c last:0x8205; L2 : data:0x2000 last:0x8205; 
D/EMDLOGGER1(  731): CTRL_reader: incoming SPLM req, msgid=6, token=0, result=0
I/EMDLOGGER1(  731): [MDLOG] [stats][mux] MCU : data:0x0 last:0x7905; (9, 0x6834, 0x8007)DSP : data:0x6834 last:0x8007; 
D/Tethering(  911): [MSM_TetherModeAlive][TetherMaster] processMessage what=5
D/Tethering(  911): isGeminiSupport: true
V/SettingsInterface( 1794):  from settings cache , name = multi_sim_data_call , value = null
E/Tethering(  911): updateConfiguration: wrong MCCMNC =null
I/Tethering(  911): ifaceTypes = null, use default
I/Tethering(  911): upstreamIfaceTypes.add:0
I/Tethering(  911): upstreamIfaceTypes.add:1
I/Tethering(  911): upstreamIfaceTypes.add:5
I/Tethering(  911): upstreamIfaceTypes.add:7
I/Tethering(  911): upstreamIfaceTypes.add:9
I/Tethering(  911): upstreamIfaceTypes.add:49
V/SettingsInterface( 1794):  from settings cache , name = tether_dun_required , value = null
V/SettingsInterface( 1794):  from settings cache , name = tether_dun_apn , value = null
I/Tethering(  911): checkDunRequired:2
D/Tethering(  911): mPreferredUpstreamMobileApn = 5
D/Tethering(  911): isTetheringIpv6Support: true
V/SettingsInterface(  911):  from settings cache , name = tether_ipv6_feature , value = 0
D/Tethering(  911): getIpv6FeatureEnable:0
D/Tethering(  911): [TetherMaster]chooseUpstreamType has upstream iface types:
D/Tethering(  911):  0
D/Tethering(  911):  1
D/Tethering(  911):  5
D/Tethering(  911):  7
D/Tethering(  911):  9
D/Tethering(  911):  49
D/CSLegacyTypeTracker(  911): getNetworkForType type 0
D/CSLegacyTypeTracker(  911): getNetworkForType type 1
D/CSLegacyTypeTracker(  911): getNetworkForType type 5
D/CSLegacyTypeTracker(  911): getNetworkForType type 7
D/CSLegacyTypeTracker(  911): getNetworkForType type 49
D/Tethering(  911): [TetherMaster]chooseUpstreamType(false), preferredApn =5, got type=-1
V/SettingsInterface( 1794):  from settings cache , name = multi_sim_data_call , value = null
D/PhoneInterfaceManager( 1794): [PhoneIntfMgr] getDataEnabled: subId=-1 phoneId=-1
E/PhoneInterfaceManager( 1794): [PhoneIntfMgr] getDataEnabled: no phone subId=-1 retVal=false
D/TelephonyManager(  911): getDataEnabled: retVal=false
I/Tethering(  911): checkDataEnabled:false
D/Tethering(  911): pre-checkDataEnabled + false
D/Tethering(  911): tryCell = false,mPreferredUpstreamMobileApn = 5
D/Tethering(  911): isTetheringIpv6Support: true
I/Tethering(  911): [MSM_TetherModeAlive][TetherMaster] notifying tethered with iface =null
D/Tethering(  911): isTetheringIpv6Support: true
I/Tethering(  911): [ISM_Tethered] ap0 processMessage what=12
D/Tethering(  911): isTetheringIpv6Support: true
I/Tethering(  911): [ISM_Tethered:null] CMD_TETHER_CONNECTION_CHANGED mMyUpstreamIfaceName: null, mMyUpstreamIfaceNameIpv6:null, newUpstreamIfaceName: null
D/Tethering(  911): isTetheringIpv6Support: true
I/Tethering(  911): [ISM_Tethered] Connection changed noop - dropping
V/SettingsInterface( 1794):  from settings cache , name = multi_sim_voice_call , value = null
V/ActivityManager(  911): Broadcast sticky: Intent { act=android.intent.action.SIG_STR flg=0x20000010 (has extras) } ordered=false userid=-1 callerApp=ProcessRecord{2de91dc1 911:system/1000}
W/ADB_SERVICES( 2451): create_local_service_socket() name=shell:export ANDROID_LOG_TAGS="''"; exec logcat
W/ADB_SERVICES( 2451): service_to_fd() name=shell:export ANDROID_LOG_TAGS="''"; exec logcat
W/ADB_SERVICES( 2451): read_meminfo() mem_free=201188
W/ADB_SERVICES( 2451): create_subproc ret_fd=20 pid=3014
W/ADB_SERVICES( 2451): LS(41): bound to 'shell:export ANDROID_LOG_TAGS="''"; exec logcat' via 20
I/sn      (  320): Retry 17
I/sn      (  320): Fail to access err=No such file or directory
I/sn      (  320): Fail to access err=No such file or directory
I/sn      (  320): Fail to access err=Permission denied
I/sn      (  320): Check all possible paths
I/thermal_repeater(  306): oh, queryMdThermalInfo (0)Bad file number
I/thermal_repeater(  306): [recvMdThermalInfo] ret=27, strLen=127,  3, 31, -127, -1, 32767, 18
D/InputReader(  911): AP_PROF:AppLaunch_dispatchPtr:Down:179115, ID:0, Index:-1194965032
D/PowerManagerService(  911): userActivityFromNative
I/PerfService(  911): PerfServiceNative_boostEnableAsync:5
D/PowerManagerService(  911): userActivityNoUpdateLocked: eventTime=179115, event=2, flags=0x0, uid=1000
I/libPerfService(  911): 5: set freq: 819000
D/PowerManagerNotifier(  911): onUserActivity: event=2, uid=1000
I/libPerfService(  911): 5: set: 3
D/PowerManagerService(  911): updateUserActivitySummaryLocked: mWakefulness=Awake, mUserActivitySummary=0x1, nextTimeout=187115 (in 7994 ms)
D/PowerManagerService(  911): mDisplayPowerRequest.policy = 3
V/ViewRootImpl( 1635): enqueueInputEvent: event = MotionEvent { action=ACTION_OUTSIDE, id[0]=0, x[0]=0.0, y[0]=0.0, toolType[0]=TOOL_TYPE_FINGER, buttonState=0, metaState=0, flags=0x0, edgeFlags=0x0, pointerCount=1, historySize=0, eventTime=179115, downTime=179115, deviceId=4, source=0x1002 },processImmediately = true,mProcessInputEventsScheduled = false, this = ViewRoot{335cf0df NavigationBar,ident = 2}
D/DisplayPowerController(  911): requestPowerState: policy=BRIGHT, useProximitySensor=false, screenBrightness=102, screenAutoBrightnessAdjustment=0.0, useAutoBrightness=false, blockScreenOn=false, lowPowerMode=false, boostScreenBrightness=false, dozeScreenBrightness=-1, dozeScreenState=UNKNOWN, waitForNegativeProximity=false
I/PowerManagerService(  911): setBrightness mButtonLight 0.
D/PowerManagerService(  911): updateDisplayPowerStateLocked: mDisplayReady=true, policy=3, mWakefulness=1, mWakeLockSummary=0x0, mUserActivitySummary=0x1, mBootCompleted=true, mScreenBrightnessBoostInProgress=false
V/ViewRootImpl( 1973): enqueueInputEvent: event = MotionEvent { action=ACTION_DOWN, id[0]=0, x[0]=372.48267, y[0]=1123.1226, toolType[0]=TOOL_TYPE_FINGER, buttonState=0, metaState=0, flags=0x0, edgeFlags=0x0, pointerCount=1, historySize=0, eventTime=179115, downTime=179115, deviceId=4, source=0x1002 },processImmediately = true,mProcessInputEventsScheduled = false, this = ViewRoot{3e93e79f com.android.launcher3/com.android.launcher3.Launcher,ident = 0}
D/FeatureProxyBase( 1973): FeatureProxyBase class constructor
D/FeatureProxyBase( 1973): getService(), serviceName = multiwindow_service_v1
V/ViewRootImpl( 1635): finishInputEvent: handled = false,event = MotionEvent { action=ACTION_OUTSIDE, id[0]=0, x[0]=0.0, y[0]=0.0, toolType[0]=TOOL_TYPE_FINGER, buttonState=0, metaState=0, flags=0x0, edgeFlags=0x0, pointerCount=1, historySize=0, eventTime=179115, downTime=179115, deviceId=4, source=0x1002 }, stage = 11: Synthetic input stage, this = ViewRoot{335cf0df NavigationBar,ident = 2}
V/ViewRootImpl( 1635): enqueueInputEvent: event = MotionEvent { action=ACTION_OUTSIDE, id[0]=0, x[0]=0.0, y[0]=0.0, toolType[0]=TOOL_TYPE_FINGER, buttonState=0, metaState=0, flags=0x0, edgeFlags=0x0, pointerCount=1, historySize=0, eventTime=179115, downTime=179115, deviceId=4, source=0x1002 },processImmediately = true,mProcessInputEventsScheduled = false, this = ViewRoot{37cd32f6 StatusBar,ident = 0}
V/ViewRootImpl( 1635): finishInputEvent: handled = false,event = MotionEvent { action=ACTION_OUTSIDE, id[0]=0, x[0]=0.0, y[0]=0.0, toolType[0]=TOOL_TYPE_FINGER, buttonState=0, metaState=0, flags=0x0, edgeFlags=0x0, pointerCount=1, historySize=0, eventTime=179115, downTime=179115, deviceId=4, source=0x1002 }, stage = 11: Synthetic input stage, this = ViewRoot{37cd32f6 StatusBar,ident = 0}
V/WallpaperService( 1635): Delivering touch event: MotionEvent { action=ACTION_DOWN, id[0]=0, x[0]=372.48267, y[0]=1123.1226, toolType[0]=TOOL_TYPE_FINGER, buttonState=0, metaState=0, flags=0x1, edgeFlags=0x0, pointerCount=1, historySize=0, eventTime=179115, downTime=179115, deviceId=4, source=0x1002 }
I/View    ( 1973): Touch down dispatch to android.widget.TextView{d26864d VFED..C. ........ 272,0-408,133}, event = MotionEvent { action=ACTION_DOWN, id[0]=0, x[0]=82.41449, y[0]=45.278442, toolType[0]=TOOL_TYPE_FINGER, buttonState=0, metaState=0, flags=0x0, edgeFlags=0x0, pointerCount=1, historySize=0, eventTime=179115, downTime=179115, deviceId=4, source=0x1002 }
V/SettingsInterface(  911): get setting for user -2 by user 0 so skipping cache
V/SettingsProvider(  911):    access setting for user 0
V/SettingsProvider(  911): call(system:haptic_feedback_enabled) for 0
D/SettingsProvider(  911): lookupValue table system cache contains Key haptic_feedback_enabled , value = Bundle[{value=1}]
I/SettingsInterface(  911): call-query of user -2 by 0 so not updating cache
D/PowerManagerService(  911): acquireWakeLockInternal: lock=396116992, flags=0x1, tag="*vibrator*", ws=WorkSource{10007}, uid=1000, pid=911
D/PowerManagerService(  911): updateWakeLockSummaryLocked: mWakefulness=Awake, mWakeLockSummary=0x1
D/PowerManagerService(  911): updateUserActivitySummaryLocked: mWakefulness=Awake, mUserActivitySummary=0x1, nextTimeout=187115 (in 7972 ms)
D/PowerManagerService(  911): mDisplayPowerRequest.policy = 3
D/DisplayPowerController(  911): requestPowerState: policy=BRIGHT, useProximitySensor=false, screenBrightness=102, screenAutoBrightnessAdjustment=0.0, useAutoBrightness=false, blockScreenOn=false, lowPowerMode=false, boostScreenBrightness=false, dozeScreenBrightness=-1, dozeScreenState=UNKNOWN, waitForNegativeProximity=false
I/PowerManagerService(  911): setBrightness mButtonLight 0.
D/PowerManagerService(  911): updateDisplayPowerStateLocked: mDisplayReady=true, policy=3, mWakefulness=1, mWakeLockSummary=0x1, mUserActivitySummary=0x1, mBootCompleted=true, mScreenBrightnessBoostInProgress=false
D/PowerManagerService(  911): Acquiring suspend blocker "PowerManagerService.WakeLocks".
D/PowerManagerNotifier(  911): onWakeLockAcquired: flags=1, tag="*vibrator*", packageName=android, ownerUid=1000, ownerPid=911, workSource=WorkSource{10007}
V/ViewRootImpl( 1973): scheduleTraversals: mTraversalBarrier = 492,this = ViewRoot{3e93e79f com.android.launcher3/com.android.launcher3.Launcher,ident = 0}
V/DisplayEventReceiver( 1973): call nativeScheduleVsync mReceiverPtr = -1196045536
D/SurfaceFlinger(  260): requestNextVsync(1973)
V/ViewRootImpl( 1973): App handle pointer event: event = MotionEvent { action=ACTION_DOWN, id[0]=0, x[0]=372.48267, y[0]=1123.1226, toolType[0]=TOOL_TYPE_FINGER, buttonState=0, metaState=0, flags=0x0, edgeFlags=0x0, pointerCount=1, historySize=0, eventTime=179115, downTime=179115, deviceId=4, source=0x1002 }, mView = com.android.internal.policy.impl.PhoneWindow$DecorView{2a2fc9a5 V.E..... R......D 0,0-720,1280}, this = android.view.ViewRootImpl$ViewPostImeInputStage@f6aaf07
V/ViewRootImpl( 1973): finishInputEvent: handled = true,event = MotionEvent { action=ACTION_DOWN, id[0]=0, x[0]=372.48267, y[0]=1123.1226, toolType[0]=TOOL_TYPE_FINGER, buttonState=0, metaState=0, flags=0x0, edgeFlags=0x0, pointerCount=1, historySize=0, eventTime=179115, downTime=179115, deviceId=4, source=0x1002 }, stage = 10: View Post IME stage, this = ViewRoot{3e93e79f com.android.launcher3/com.android.launcher3.Launcher,ident = 0}
D/SurfaceFlinger(  260): postEvent(1973, v/c=1537)
D/DisplayEventReceiver( 1973): rev(0xb8b5cb20) w/ vsync, t=179160667709, id=0, c=1537
V/ViewRootImpl( 1973): ViewRoot performTraversals+ : mFirst = false, this = ViewRoot{3e93e79f com.android.launcher3/com.android.launcher3.Launcher,ident = 0}
D/OpenGLRenderer( 1973): TextureCache::get: create texture(0xb8b5e810): name, size, mSize = 39, 28224, 806720
D/OpenGLRenderer( 1973): push layer 0xb8ece9e8, textureSize (768, 192), layerSize (720.00,133.00), alpha 255 <0xb8db5570>
D/OpenGLRenderer( 1973): DrawFrameTask 0xb8b65800, canUnblockUiThread 1, canDrawThisFrame 1
D/OpenGLRenderer( 1973): --defer layer start (720x133, Layer 0xb8ece9e8) frame#5 <0xb8cb7870>
D/OpenGLRenderer( 1973): --defer layer end frame#5 <0xb8cb7870>
V/ViewRootImpl( 1973): ViewRoot performTraversals and draw- : mResizeBuffer = null, mResizeAlpha = 0, this = ViewRoot{3e93e79f com.android.launcher3/com.android.launcher3.Launcher,ident = 0} frame#492 (cancelDraw = false)
D/OpenGLRenderer( 1973): Rendering into layer 0xb8ece9e8, fbo 3, alpha 255
D/PerfServiceManager(  911): [PerfService] notifyFrameUpdate - bDuringTouchBoost:true 
D/OpenGLRenderer( 1973): bindFramebuffer 0xb8b69d88, old 0, new 3
D/OpenGLRenderer( 1973): --flush layer start (720x133, Layer 0xb8ece9e8) frame#5 <0xb8cb7870>
D/OpenGLRenderer( 1973): --flush layer end frame#5 <0xb8cb7870>
D/OpenGLRenderer( 1973): Finished rendering into layer 0xb8ece9e8, fbo 3, alpha 255
D/OpenGLRenderer( 1973): bindFramebuffer 0xb8b69d88, old 3, new 0
D/Surface ( 1973): Surface::setBuffersDimensions(this=0xb8da3010,w=720,h=1280)
D/OpenGLRenderer( 1973): draw layer 0xb8ece9e8 at (0.000000, 0.000000, 720.000000, 133.000000), textureSize (768, 192), alpha 1.000000, isPureTranslate 1, translateform {0x11 [1.000000 0.000000 0.000000 0.000000] [0.000000 1.000000 0.000000 1075.000000] [0.000000 0.000000 1.000000 0.000000] [0.000000 0.000000 0.000000 1.000000]} <0xb8db5570>
D/SurfaceFlinger(  260): requestNextVsync(260)
I/BufferQueueProducer(  260): [com.android.launcher3/com.android.launcher3.Launcher](this:0xb728fc10,id:30,api:1,p:1973,c:260) queueBuffer: fps=0.75 dur=26814.70 max=26047.27 min=7.90
D/SurfaceFlinger(  260): postEvent(260, v/c=1985)
I/SurfaceFlinger(  260): [Built-in Screen (type:0)] fps:0.057519,dur:17385.71,max:17385.71,min:17385.71
D/PowerManagerService(  911): releaseWakeLockInternal: lock=396116992 [*vibrator*], flags=0x0, total_time=67ms
D/PowerManagerNotifier(  911): onWakeLockReleased: flags=1, tag="*vibrator*", packageName=android, ownerUid=1000, ownerPid=911, workSource=WorkSource{10007}
D/PowerManagerService(  911): updateWakeLockSummaryLocked: mWakefulness=Awake, mWakeLockSummary=0x0
D/PowerManagerService(  911): updateUserActivitySummaryLocked: mWakefulness=Awake, mUserActivitySummary=0x1, nextTimeout=187115 (in 7905 ms)
D/PowerManagerService(  911): mDisplayPowerRequest.policy = 3
D/DisplayPowerController(  911): requestPowerState: policy=BRIGHT, useProximitySensor=false, screenBrightness=102, screenAutoBrightnessAdjustment=0.0, useAutoBrightness=false, blockScreenOn=false, lowPowerMode=false, boostScreenBrightness=false, dozeScreenBrightness=-1, dozeScreenState=UNKNOWN, waitForNegativeProximity=false
I/PowerManagerService(  911): setBrightness mButtonLight 0.
D/PowerManagerService(  911): updateDisplayPowerStateLocked: mDisplayReady=true, policy=3, mWakefulness=1, mWakeLockSummary=0x0, mUserActivitySummary=0x1, mBootCompleted=true, mScreenBrightnessBoostInProgress=false
D/PowerManagerService(  911): Releasing suspend blocker "PowerManagerService.WakeLocks".
D/InputReader(  911): AP_PROF:AppLaunch_dispatchPtr:Up:179248, ID:0, Index:-1194962712
I/PerfService(  911): PerfServiceNative_boostDisableAsync:5
I/libPerfService(  911): 5: set: 3
I/libPerfService(  911): 5: set freq: 819000
V/ViewRootImpl( 1973): enqueueInputEvent: event = MotionEvent { action=ACTION_UP, id[0]=0, x[0]=372.48267, y[0]=1123.1226, toolType[0]=TOOL_TYPE_FINGER, buttonState=0, metaState=0, flags=0x0, edgeFlags=0x0, pointerCount=1, historySize=0, eventTime=179248, downTime=179115, deviceId=4, source=0x1002 },processImmediately = true,mProcessInputEventsScheduled = false, this = ViewRoot{3e93e79f com.android.launcher3/com.android.launcher3.Launcher,ident = 0}
V/WallpaperService( 1635): Delivering touch event: MotionEvent { action=ACTION_UP, id[0]=0, x[0]=372.48267, y[0]=1123.1226, toolType[0]=TOOL_TYPE_FINGER, buttonState=0, metaState=0, flags=0x1, edgeFlags=0x0, pointerCount=1, historySize=0, eventTime=179248, downTime=179115, deviceId=4, source=0x1002 }
I/View    ( 1973): Touch up dispatch to android.widget.TextView{d26864d VFED..C. ...P.... 272,0-408,133}, event = MotionEvent { action=ACTION_UP, id[0]=0, x[0]=82.41449, y[0]=45.278442, toolType[0]=TOOL_TYPE_FINGER, buttonState=0, metaState=0, flags=0x0, edgeFlags=0x0, pointerCount=1, historySize=0, eventTime=179248, downTime=179115, deviceId=4, source=0x1002 }
V/ViewRootImpl( 1973): App handle pointer event: event = MotionEvent { action=ACTION_UP, id[0]=0, x[0]=372.48267, y[0]=1123.1226, toolType[0]=TOOL_TYPE_FINGER, buttonState=0, metaState=0, flags=0x0, edgeFlags=0x0, pointerCount=1, historySize=0, eventTime=179248, downTime=179115, deviceId=4, source=0x1002 }, mView = com.android.internal.policy.impl.PhoneWindow$DecorView{2a2fc9a5 V.E..... R....... 0,0-720,1280}, this = android.view.ViewRootImpl$ViewPostImeInputStage@f6aaf07
V/ViewRootImpl( 1973): finishInputEvent: handled = true,event = MotionEvent { action=ACTION_UP, id[0]=0, x[0]=372.48267, y[0]=1123.1226, toolType[0]=TOOL_TYPE_FINGER, buttonState=0, metaState=0, flags=0x0, edgeFlags=0x0, pointerCount=1, historySize=0, eventTime=179248, downTime=179115, deviceId=4, source=0x1002 }, stage = 10: View Post IME stage, this = ViewRoot{3e93e79f com.android.launcher3/com.android.launcher3.Launcher,ident = 0}
V/SettingsInterface( 1973):  from settings cache , name = sound_effects_enabled , value = 0
D/Launcher3( 1973): Launcher, Click on view android.widget.TextView{d26864d VFED..C. ...P.... 272,0-408,133}
D/Launcher3( 1973): Launcher, showAllApps: animated = true, mState = WORKSPACE, mCurrentBounds = Rect(0, 0 - 0, 0)
D/Launcher3( 1973): PagedView, (PagedView)snapToPage whichPage = 0, delta = 0, duration = 100, mNextPage = -1, mUnboundedScrollX = 0, mDeferScrollUpdate = false,mOverScrollX = 0, mScrollX = , this = com.android.launcher3.Workspace{23dd4e91 V.ED...L ........ -1696,-1416-2417,2697 #7f110017 app:id/workspace}
V/ViewRootImpl( 1973): scheduleTraversals: mTraversalBarrier = 493,this = ViewRoot{3e93e79f com.android.launcher3/com.android.launcher3.Launcher,ident = 0}
V/DisplayEventReceiver( 1973): call nativeScheduleVsync mReceiverPtr = -1196045536
D/SurfaceFlinger(  260): requestNextVsync(1973)
D/SurfaceFlinger(  260): postEvent(1973, v/c=1539)
D/Launcher3( 1973): AppsCustomizePagedView, onLauncherTransitionPrepare l = com.android.launcher3.Launcher@27b5dc6e, animated = true, toWorkspace = false
D/Launcher3( 1973): PagedView, loadAssociatedPages: page = 0, immediateAndOnly = false,mContentIsRefreshable = true, mDirtyPageContent = [false]
D/Launcher3( 1973): AppsCustomizePagedView, onLauncherTransitionPrepare l = com.android.launcher3.Launcher@27b5dc6e, animated = true, toWorkspace = false
D/Launcher3( 1973): PagedView, loadAssociatedPages: page = 0, immediateAndOnly = false,mContentIsRefreshable = true, mDirtyPageContent = [false]
D/Launcher3( 1973): Launcher, [All apps launch time][Start] onClickAllAppsButton.
D/DisplayEventReceiver( 1973): rev(0xb8b5cb20) w/ vsync, t=179270437187, id=0, c=1539
V/DisplayEventReceiver( 1973): call nativeScheduleVsync mReceiverPtr = -1196045536
D/SurfaceFlinger(  260): requestNextVsync(1973)
V/ViewRootImpl( 1973): ViewRoot performTraversals+ : mFirst = false, this = ViewRoot{3e93e79f com.android.launcher3/com.android.launcher3.Launcher,ident = 0}
V/ViewRootImpl( 1973): scheduleTraversals: mTraversalBarrier = 494,this = ViewRoot{3e93e79f com.android.launcher3/com.android.launcher3.Launcher,ident = 0}
D/OpenGLRenderer( 1973): Requesting new render layer 708x905
D/OpenGLRenderer( 1973): Reusing layer 0xb8d52848, 768x960, alpha 255
D/OpenGLRenderer( 1973): bindFramebuffer 0xb8b69d88, old 0, new 5
D/OpenGLRenderer( 1973): Layer 0xb8d52848 bindTexture: glBindTexture(0xde1, 33)
D/OpenGLRenderer( 1973): createRenderLayer 0xb8d52848, 768x960, fbo 5, texture 33, alpha 255
D/OpenGLRenderer( 1973): Layer 0xb8d52848 finished uploading texture 33 to fbo 5
D/OpenGLRenderer( 1973): bindFramebuffer 0xb8b69d88, old 5, new 0
D/OpenGLRenderer( 1973): push layer 0xb8d52848, textureSize (768, 960), layerSize (708.00,905.00), alpha 255 <0xb8db5570>
D/OpenGLRenderer( 1973): push layer 0xb8ece9e8, textureSize (768, 192), layerSize (720.00,133.00), alpha 255 <0xb8db5570>
D/OpenGLRenderer( 1973): Requesting new render layer 720x1140
D/OpenGLRenderer( 1973): Reusing layer 0xb8b75c80, 768x1152, alpha 255
D/OpenGLRenderer( 1973): bindFramebuffer 0xb8b69d88, old 0, new 4
D/OpenGLRenderer( 1973): Layer 0xb8b75c80 bindTexture: glBindTexture(0xde1, 3)
D/OpenGLRenderer( 1973): createRenderLayer 0xb8b75c80, 768x1152, fbo 4, texture 3, alpha 255
D/OpenGLRenderer( 1973): Layer 0xb8b75c80 finished uploading texture 3 to fbo 4
D/OpenGLRenderer( 1973): bindFramebuffer 0xb8b69d88, old 4, new 0
D/OpenGLRenderer( 1973): push layer 0xb8b75c80, textureSize (768, 1152), layerSize (720.00,1140.00), alpha 255 <0xb8db5570>
D/OpenGLRenderer( 1973): DrawFrameTask 0xb8b65800, canUnblockUiThread 1, canDrawThisFrame 1
D/OpenGLRenderer( 1973): --defer layer start (708x905, Layer 0xb8d52848) frame#2 <0xb8d52a28>
D/OpenGLRenderer( 1973): --defer layer end frame#2 <0xb8d52a28>
D/OpenGLRenderer( 1973): --defer layer start (720x133, Layer 0xb8ece9e8) frame#6 <0xb8cb7870>
D/OpenGLRenderer( 1973): --defer layer end frame#6 <0xb8cb7870>
D/OpenGLRenderer( 1973): --defer layer start (720x1140, Layer 0xb8b75c80) frame#2 <0xb8cabf88>
V/ViewRootImpl( 1973): ViewRoot performTraversals and draw- : mResizeBuffer = null, mResizeAlpha = 0, this = ViewRoot{3e93e79f com.android.launcher3/com.android.launcher3.Launcher,ident = 0} frame#493 (cancelDraw = false)
D/OpenGLRenderer( 1973): --defer layer end frame#2 <0xb8cabf88>
D/OpenGLRenderer( 1973): Rendering into layer 0xb8d52848, fbo 5, alpha 255
D/OpenGLRenderer( 1973): bindFramebuffer 0xb8b69d88, old 0, new 5
D/OpenGLRenderer( 1973): --flush layer start (708x905, Layer 0xb8d52848) frame#2 <0xb8d52a28>
D/Launcher3( 1973): AppsCustomizeTabHost, onLauncherTransitionStart: l = com.android.launcher3.Launcher@27b5dc6e, animated = true, toWorkspace = false
D/OpenGLRenderer( 1973): [ANR Warning] task (buildLayer) is waiting for:
D/OpenGLRenderer( 1973):   (DrawBitmap) run from 179300383009 to 179300385086 (0ms) but not finished yet!!
D/OpenGLRenderer( 1973): TaskQueue:
D/OpenGLRenderer( 1973):   empty
D/OpenGLRenderer( 1973): Last task:
D/OpenGLRenderer( 1973):   (0xb8b65800, DrawFrame) post at 179296487086, run from 179296580317 to 179300553470 (3ms) but not finished yet!!
D/OpenGLRenderer( 1973): [ANR Warning] glDrawArrays 0ms blocked others
D/OpenGLRenderer( 1973): --flush layer end frame#2 <0xb8d52a28>
D/OpenGLRenderer( 1973): Finished rendering into layer 0xb8d52848, fbo 5, alpha 255
D/OpenGLRenderer( 1973): Rendering into layer 0xb8ece9e8, fbo 3, alpha 255
D/OpenGLRenderer( 1973): bindFramebuffer 0xb8b69d88, old 5, new 3
D/OpenGLRenderer( 1973): --flush layer start (720x133, Layer 0xb8ece9e8) frame#6 <0xb8cb7870>
D/OpenGLRenderer( 1973): --flush layer end frame#6 <0xb8cb7870>
D/OpenGLRenderer( 1973): Finished rendering into layer 0xb8ece9e8, fbo 3, alpha 255
D/OpenGLRenderer( 1973): Rendering into layer 0xb8b75c80, fbo 4, alpha 255
D/OpenGLRenderer( 1973): bindFramebuffer 0xb8b69d88, old 3, new 4
D/OpenGLRenderer( 1973): --flush layer start (720x1140, Layer 0xb8b75c80) frame#2 <0xb8cabf88>
D/SurfaceFlinger(  260): postEvent(1973, v/c=1541)
D/OpenGLRenderer( 1973): --flush layer end frame#2 <0xb8cabf88>
D/OpenGLRenderer( 1973): Finished rendering into layer 0xb8b75c80, fbo 4, alpha 255
D/OpenGLRenderer( 1973): bindFramebuffer 0xb8b69d88, old 4, new 0
D/Surface ( 1973): Surface::setBuffersDimensions(this=0xb8da3010,w=720,h=1280)
D/OpenGLRenderer( 1973): compose layer 0xb8d52848 at (12.000000, 555.000000, 552.000000, 712.000000), alpha 255, swap 0, ignoreTrasform 0, translateform {0x11 [1.000000 0.000000 0.000000 8.000000] [0.000000 1.000000 0.000000 140.000000] [0.000000 0.000000 1.000000 0.000000] [0.000000 0.000000 0.000000 1.000000]} <0xb8db5570>
D/OpenGLRenderer( 1973): draw layer 0xb8ece9e8 at (0.000000, 0.000000, 720.000000, 133.000000), textureSize (768, 192), alpha 1.000000, isPureTranslate 1, translateform {0x11 [1.000000 0.000000 0.000000 0.000000] [0.000000 1.000000 0.000000 1075.000000] [0.000000 0.000000 1.000000 0.000000] [0.000000 0.000000 0.000000 1.000000]} <0xb8db5570>
D/OpenGLRenderer( 1973): Requesting layer 24.00x30.00, Layer cache size = 3309568, fboLayer 0, alpha 2
D/OpenGLRenderer( 1973): Reusing layer 0xb8e4b0b8, 64x64, alpha 255
D/OpenGLRenderer( 1973): Layer 0xb8e4b0b8 bindTexture: glBindTexture(0xde1, 24)
D/OpenGLRenderer( 1973): compose layer 0xb8e4b0b8 at (348.000000, 1178.000000, 372.000000, 1208.000000), alpha 255, swap 1, ignoreTrasform 1, translateform {0x11 [1.000000 0.000000 0.000000 348.000000] [0.000000 1.000000 0.000000 1178.000000] [0.000000 0.000000 1.000000 0.000000] [0.000000 0.000000 0.000000 1.000000]} <0xb8db5570>
D/SurfaceFlinger(  260): requestNextVsync(260)
D/OpenGLRenderer( 1973): flushLayerUpdates <0xb8db5570>
D/OpenGLRenderer( 1973): Requesting new render layer 420x180
D/OpenGLRenderer( 1973): Reusing layer 0xb8da2100, 448x192, alpha 255
D/OpenGLRenderer( 1973): bindFramebuffer 0xb8b69d88, old 0, new 2
D/OpenGLRenderer( 1973): Layer 0xb8da2100 bindTexture: glBindTexture(0xde1, 5)
D/OpenGLRenderer( 1973): createRenderLayer 0xb8da2100, 448x192, fbo 2, texture 5, alpha 255
D/OpenGLRenderer( 1973): Layer 0xb8da2100 finished uploading texture 5 to fbo 2
D/OpenGLRenderer( 1973): bindFramebuffer 0xb8b69d88, old 2, new 0
D/OpenGLRenderer( 1973): push layer 0xb8da2100, textureSize (448, 192), layerSize (420.00,180.00), alpha 255 <0xb8db5570>
D/OpenGLRenderer( 1973): flushLayerUpdates <0xb8db5570>
D/OpenGLRenderer( 1973): --defer layer start (420x180, Layer 0xb8da2100) frame#3 <0xb8d4c1a8>
D/OpenGLRenderer( 1973): --defer layer end frame#3 <0xb8d4c1a8>
D/OpenGLRenderer( 1973): Rendering into layer 0xb8da2100, fbo 2, alpha 255
D/OpenGLRenderer( 1973): bindFramebuffer 0xb8b69d88, old 0, new 2
D/OpenGLRenderer( 1973): --flush layer start (420x180, Layer 0xb8da2100) frame#3 <0xb8d4c1a8>
D/OpenGLRenderer( 1973): --flush layer end frame#3 <0xb8d4c1a8>
D/OpenGLRenderer( 1973): Finished rendering into layer 0xb8da2100, fbo 2, alpha 255
D/OpenGLRenderer( 1973): bindFramebuffer 0xb8b69d88, old 2, new 0
D/SurfaceFlinger(  260): postEvent(260, v/c=1987)
D/OpenGLRenderer( 1973): flushLayerUpdates <0xb8db5570>
D/OpenGLRenderer( 1973): flushLayerUpdates <0xb8db5570>
D/OpenGLRenderer( 1973): push layer 0xb8da2100, textureSize (448, 192), layerSize (420.00,180.00), alpha 255 <0xb8db5570>
D/OpenGLRenderer( 1973): flushLayerUpdates <0xb8db5570>
D/OpenGLRenderer( 1973): --defer layer start (420x180, Layer 0xb8da2100) frame#4 <0xb8d4c1a8>
D/OpenGLRenderer( 1973): --defer layer end frame#4 <0xb8d4c1a8>
D/OpenGLRenderer( 1973): Rendering into layer 0xb8da2100, fbo 2, alpha 255
D/OpenGLRenderer( 1973): bindFramebuffer 0xb8b69d88, old 0, new 2
D/OpenGLRenderer( 1973): --flush layer start (420x180, Layer 0xb8da2100) frame#4 <0xb8d4c1a8>
D/OpenGLRenderer( 1973): --flush layer end frame#4 <0xb8d4c1a8>
D/OpenGLRenderer( 1973): Finished rendering into layer 0xb8da2100, fbo 2, alpha 255
D/OpenGLRenderer( 1973): bindFramebuffer 0xb8b69d88, old 2, new 0
D/OpenGLRenderer( 1973): push layer 0xb8ece9e8, textureSize (768, 192), layerSize (720.00,133.00), alpha 255 <0xb8db5570>
D/OpenGLRenderer( 1973): flushLayerUpdates <0xb8db5570>
D/OpenGLRenderer( 1973): --defer layer start (720x133, Layer 0xb8ece9e8) frame#7 <0xb8cb7870>
D/OpenGLRenderer( 1973): --defer layer end frame#7 <0xb8cb7870>
D/OpenGLRenderer( 1973): Rendering into layer 0xb8ece9e8, fbo 3, alpha 255
D/OpenGLRenderer( 1973): bindFramebuffer 0xb8b69d88, old 0, new 3
D/OpenGLRenderer( 1973): --flush layer start (720x133, Layer 0xb8ece9e8) frame#7 <0xb8cb7870>
D/OpenGLRenderer( 1973): --flush layer end frame#7 <0xb8cb7870>
D/OpenGLRenderer( 1973): Finished rendering into layer 0xb8ece9e8, fbo 3, alpha 255
D/OpenGLRenderer( 1973): bindFramebuffer 0xb8b69d88, old 3, new 0
D/OpenGLRenderer( 1973): Requesting new render layer 48x24
D/OpenGLRenderer( 1973): Reusing layer 0xb8e4b0b8, 64x64, alpha 255
D/OpenGLRenderer( 1973): bindFramebuffer 0xb8b69d88, old 0, new 1
D/OpenGLRenderer( 1973): Layer 0xb8e4b0b8 bindTexture: glBindTexture(0xde1, 24)
D/OpenGLRenderer( 1973): createRenderLayer 0xb8e4b0b8, 64x64, fbo 1, texture 24, alpha 255
D/OpenGLRenderer( 1973): Layer 0xb8e4b0b8 finished uploading texture 24 to fbo 1
D/OpenGLRenderer( 1973): bindFramebuffer 0xb8b69d88, old 1, new 0
D/OpenGLRenderer( 1973): push layer 0xb8e4b0b8, textureSize (64, 64), layerSize (48.00,24.00), alpha 255 <0xb8db5570>
D/OpenGLRenderer( 1973): flushLayerUpdates <0xb8db5570>
D/OpenGLRenderer( 1973): --defer layer start (48x24, Layer 0xb8e4b0b8) frame#3 <0xb8e4b298>
D/OpenGLRenderer( 1973): --defer layer end frame#3 <0xb8e4b298>
D/OpenGLRenderer( 1973): Rendering into layer 0xb8e4b0b8, fbo 1, alpha 255
D/OpenGLRenderer( 1973): bindFramebuffer 0xb8b69d88, old 0, new 1
D/OpenGLRenderer( 1973): --flush layer start (48x24, Layer 0xb8e4b0b8) frame#3 <0xb8e4b298>
D/OpenGLRenderer( 1973): --flush layer end frame#3 <0xb8e4b298>
D/OpenGLRenderer( 1973): Finished rendering into layer 0xb8e4b0b8, fbo 1, alpha 255
D/OpenGLRenderer( 1973): bindFramebuffer 0xb8b69d88, old 1, new 0
D/DisplayEventReceiver( 1973): rev(0xb8b5cb20) w/ vsync, t=179301799895, id=0, c=1541
V/DisplayEventReceiver( 1973): call nativeScheduleVsync mReceiverPtr = -1196045536
D/SurfaceFlinger(  260): requestNextVsync(1973)
V/ViewRootImpl( 1973): ViewRoot performTraversals+ : mFirst = false, this = ViewRoot{3e93e79f com.android.launcher3/com.android.launcher3.Launcher,ident = 0}
V/ViewRootImpl( 1973): scheduleTraversals: mTraversalBarrier = 495,this = ViewRoot{3e93e79f com.android.launcher3/com.android.launcher3.Launcher,ident = 0}
D/OpenGLRenderer( 1973): push layer 0xb8ece9e8, textureSize (768, 192), layerSize (720.00,133.00), alpha 255 <0xb8db5570>
D/OpenGLRenderer( 1973): push layer 0xb8e4b0b8, textureSize (64, 64), layerSize (48.00,24.00), alpha 255 <0xb8db5570>
W/OpenGLRenderer( 1973): Incorrectly called buildLayer on View: LinearLayout @22fe7a94, destroying layer...
D/OpenGLRenderer( 1973): Destroying or caching layer 0xb8da2100, 448x192, fbo 2, texture 5, alpha 255
D/OpenGLRenderer( 1973):   Cached!
D/OpenGLRenderer( 1973): bindFramebuffer 0xb8b69d88, old 0, new 2
D/OpenGLRenderer( 1973): bindFramebuffer 0xb8b69d88, old 2, new 0
D/OpenGLRenderer( 1973):   Layer size 448x192
D/OpenGLRenderer( 1973):   Layer size 768x960
W/OpenGLRenderer( 1973): Incorrectly called buildLayer on View: FrameLayout @164f37de, destroying layer...
D/OpenGLRenderer( 1973): DrawFrameTask 0xb8b65800, canUnblockUiThread 1, canDrawThisFrame 1
D/OpenGLRenderer( 1973): --defer layer start (720x133, Layer 0xb8ece9e8) frame#8 <0xb8cb7870>
D/OpenGLRenderer( 1973): --defer layer end frame#8 <0xb8cb7870>
D/OpenGLRenderer( 1973): --defer layer start (48x24, Layer 0xb8e4b0b8) frame#4 <0xb8e4b298>
D/OpenGLRenderer( 1973): --defer layer end frame#4 <0xb8e4b298>
V/ViewRootImpl( 1973): ViewRoot performTraversals and draw- : mResizeBuffer = null, mResizeAlpha = 0, this = ViewRoot{3e93e79f com.android.launcher3/com.android.launcher3.Launcher,ident = 0} frame#494 (cancelDraw = false)
D/OpenGLRenderer( 1973): Rendering into layer 0xb8ece9e8, fbo 3, alpha 255
D/OpenGLRenderer( 1973): bindFramebuffer 0xb8b69d88, old 0, new 3
D/OpenGLRenderer( 1973): --flush layer start (720x133, Layer 0xb8ece9e8) frame#8 <0xb8cb7870>
D/OpenGLRenderer( 1973): --flush layer end frame#8 <0xb8cb7870>
D/OpenGLRenderer( 1973): Finished rendering into layer 0xb8ece9e8, fbo 3, alpha 255
D/OpenGLRenderer( 1973): Rendering into layer 0xb8e4b0b8, fbo 1, alpha 255
D/OpenGLRenderer( 1973): bindFramebuffer 0xb8b69d88, old 3, new 1
D/OpenGLRenderer( 1973): --flush layer start (48x24, Layer 0xb8e4b0b8) frame#4 <0xb8e4b298>
D/OpenGLRenderer( 1973): --flush layer end frame#4 <0xb8e4b298>
D/OpenGLRenderer( 1973): Finished rendering into layer 0xb8e4b0b8, fbo 1, alpha 255
D/OpenGLRenderer( 1973): bindFramebuffer 0xb8b69d88, old 1, new 0
D/Surface ( 1973): Surface::setBuffersDimensions(this=0xb8da3010,w=720,h=1280)
D/OpenGLRenderer( 1973): compose layer 0xb8d52848 at (12.000000, 555.000000, 552.000000, 712.000000), alpha 255, swap 0, ignoreTrasform 0, translateform {0x11 [1.000000 0.000000 0.000000 8.000000] [0.000000 1.000000 0.000000 140.000000] [0.000000 0.000000 1.000000 0.000000] [0.000000 0.000000 0.000000 1.000000]} <0xb8db5570>
D/OpenGLRenderer( 1973): draw layer 0xb8ece9e8 at (0.000000, 0.000000, 720.000000, 133.000000), textureSize (768, 192), alpha 1.000000, isPureTranslate 1, translateform {0x11 [1.000000 0.000000 0.000000 0.000000] [0.000000 1.000000 0.000000 1075.000000] [0.000000 0.000000 1.000000 0.000000] [0.000000 0.000000 0.000000 1.000000]} <0xb8db5570>
D/OpenGLRenderer( 1973): draw layer 0xb8e4b0b8 at (0.000000, 0.000000, 48.000000, 24.000000), textureSize (64, 64), alpha 1.000000, isPureTranslate 1, translateform {0x11 [1.000000 0.000000 0.000000 336.000000] [0.000000 1.000000 0.000000 1051.000000] [0.000000 0.000000 1.000000 0.000000] [0.000000 0.000000 0.000000 1.000000]} <0xb8db5570>
D/OpenGLRenderer( 1973): Requesting layer 24.00x30.00, Layer cache size = 3293184, fboLayer 0, alpha 2
D/OpenGLRenderer( 1973): Layer 0xb8e73498 generateTexture: glGenTextures(1, 44)
D/OpenGLRenderer( 1973): Layer 0xb8e73498 bindTexture: glBindTexture(0xde1, 44)
D/OpenGLRenderer( 1973): Creating new layer 0xb8e73498, 64x64, alpha -2147483648
D/OpenGLRenderer( 1973):   Layer size 448x192
D/OpenGLRenderer( 1973):   Layer size 768x960
D/OpenGLRenderer( 1973): Layer 0xb8e73498 bindTexture: glBindTexture(0xde1, 44)
D/OpenGLRenderer( 1973): compose layer 0xb8e73498 at (348.000000, 1178.000000, 372.000000, 1208.000000), alpha 255, swap 1, ignoreTrasform 1, translateform {0x11 [1.000000 0.000000 0.000000 348.000000] [0.000000 1.000000 0.000000 1178.000000] [0.000000 0.000000 1.000000 0.000000] [0.000000 0.000000 0.000000 1.000000]} <0xb8db5570>
D/SurfaceFlinger(  260): requestNextVsync(260)
D/SurfaceFlinger(  260): postEvent(260, v/c=1989)
D/SurfaceFlinger(  260): postEvent(1973, v/c=1543)
D/DisplayEventReceiver( 1973): rev(0xb8b5cb20) w/ vsync, t=179380206665, id=0, c=1543
V/DisplayEventReceiver( 1973): call nativeScheduleVsync mReceiverPtr = -1196045536
D/SurfaceFlinger(  260): requestNextVsync(1973)
V/ViewRootImpl( 1973): ViewRoot performTraversals+ : mFirst = false, this = ViewRoot{3e93e79f com.android.launcher3/com.android.launcher3.Launcher,ident = 0}
V/ViewRootImpl( 1973): scheduleTraversals: mTraversalBarrier = 496,this = ViewRoot{3e93e79f com.android.launcher3/com.android.launcher3.Launcher,ident = 0}
D/OpenGLRenderer( 1973): DrawFrameTask 0xb8b65800, canUnblockUiThread 1, canDrawThisFrame 1
D/Surface ( 1973): Surface::setBuffersDimensions(this=0xb8da3010,w=720,h=1280)
V/ViewRootImpl( 1973): ViewRoot performTraversals and draw- : mResizeBuffer = null, mResizeAlpha = 0, this = ViewRoot{3e93e79f com.android.launcher3/com.android.launcher3.Launcher,ident = 0} frame#495 (cancelDraw = false)
D/OpenGLRenderer( 1973): compose layer 0xb8d52848 at (12.000000, 555.000000, 552.000000, 712.000000), alpha 190, swap 0, ignoreTrasform 0, translateform {0x11 [1.000000 0.000000 0.000000 8.000000] [0.000000 1.000000 0.000000 140.000000] [0.000000 0.000000 1.000000 0.000000] [0.000000 0.000000 0.000000 1.000000]} <0xb8db5570>
D/OpenGLRenderer( 1973): draw layer 0xb8ece9e8 at (0.000000, 0.000000, 720.000000, 133.000000), textureSize (768, 192), alpha 0.938153, isPureTranslate 1, translateform {0x11 [1.000000 0.000000 0.000000 0.000000] [0.000000 1.000000 0.000000 1075.000000] [0.000000 0.000000 1.000000 0.000000] [0.000000 0.000000 0.000000 1.000000]} <0xb8db5570>
D/OpenGLRenderer( 1973): draw layer 0xb8e4b0b8 at (0.000000, 0.000000, 48.000000, 24.000000), textureSize (64, 64), alpha 0.938153, isPureTranslate 1, translateform {0x11 [1.000000 0.000000 0.000000 336.000000] [0.000000 1.000000 0.000000 1051.000000] [0.000000 0.000000 1.000000 0.000000] [0.000000 0.000000 0.000000 1.000000]} <0xb8db5570>
D/OpenGLRenderer( 1973): Requesting layer 24.00x30.00, Layer cache size = 3309568, fboLayer 0, alpha 61
D/OpenGLRenderer( 1973): Reusing layer 0xb8e73498, 64x64, alpha 255
D/OpenGLRenderer( 1973): Layer 0xb8e73498 bindTexture: glBindTexture(0xde1, 44)
D/OpenGLRenderer( 1973): compose layer 0xb8e73498 at (348.000000, 1178.000000, 372.000000, 1208.000000), alpha 255, swap 1, ignoreTrasform 1, translateform {0x11 [1.000000 0.000000 0.000000 348.000000] [0.000000 1.000000 0.000000 1178.000000] [0.000000 0.000000 1.000000 0.000000] [0.000000 0.000000 0.000000 1.000000]} <0xb8db5570>
D/SurfaceFlinger(  260): requestNextVsync(260)
D/SurfaceFlinger(  260): postEvent(1973, v/c=1545)
D/SurfaceFlinger(  260): postEvent(260, v/c=1991)
D/DisplayEventReceiver( 1973): rev(0xb8b5cb20) w/ vsync, t=179411569373, id=0, c=1545
V/DisplayEventReceiver( 1973): call nativeScheduleVsync mReceiverPtr = -1196045536
D/SurfaceFlinger(  260): requestNextVsync(1973)
V/ViewRootImpl( 1973): ViewRoot performTraversals+ : mFirst = false, this = ViewRoot{3e93e79f com.android.launcher3/com.android.launcher3.Launcher,ident = 0}
V/ViewRootImpl( 1973): scheduleTraversals: mTraversalBarrier = 497,this = ViewRoot{3e93e79f com.android.launcher3/com.android.launcher3.Launcher,ident = 0}
D/SurfaceFlinger(  260): postEvent(1973, v/c=1546)
D/Launcher3( 1973): PagedView, loadAssociatedPages: page = 0, immediateAndOnly = false,mContentIsRefreshable = false, mDirtyPageContent = []
D/OpenGLRenderer( 1973): DrawFrameTask 0xb8b65800, canUnblockUiThread 1, canDrawThisFrame 1
D/Surface ( 1973): Surface::setBuffersDimensions(this=0xb8da3010,w=720,h=1280)
V/ViewRootImpl( 1973): ViewRoot performTraversals and draw- : mResizeBuffer = null, mResizeAlpha = 0, this = ViewRoot{3e93e79f com.android.launcher3/com.android.launcher3.Launcher,ident = 0} frame#496 (cancelDraw = false)
D/OpenGLRenderer( 1973): compose layer 0xb8d52848 at (12.000000, 555.000000, 552.000000, 712.000000), alpha 105, swap 0, ignoreTrasform 0, translateform {0x11 [1.000000 0.000000 0.000000 8.000000] [0.000000 1.000000 0.000000 140.000000] [0.000000 0.000000 1.000000 0.000000] [0.000000 0.000000 0.000000 1.000000]} <0xb8db5570>
D/OpenGLRenderer( 1973): draw layer 0xb8ece9e8 at (0.000000, 0.000000, 720.000000, 133.000000), textureSize (768, 192), alpha 0.754521, isPureTranslate 1, translateform {0x11 [1.000000 0.000000 0.000000 0.000000] [0.000000 1.000000 0.000000 1075.000000] [0.000000 0.000000 1.000000 0.000000] [0.000000 0.000000 0.000000 1.000000]} <0xb8db5570>
D/OpenGLRenderer( 1973): draw layer 0xb8e4b0b8 at (0.000000, 0.000000, 48.000000, 24.000000), textureSize (64, 64), alpha 0.793893, isPureTranslate 1, translateform {0x11 [1.000000 0.000000 0.000000 336.000000] [0.000000 1.000000 0.000000 1051.000000] [0.000000 0.000000 1.000000 0.000000] [0.000000 0.000000 0.000000 1.000000]} <0xb8db5570>
D/OpenGLRenderer( 1973): draw layer 0xb8b75c80 at (0.000000, 0.000000, 720.000000, 1140.000000), textureSize (768, 1152), alpha 0.035937, isPureTranslate 1, translateform {0x11 [1.000000 0.000000 0.000000 0.000000] [0.000000 1.000000 0.000000 150.401733] [0.000000 0.000000 1.000000 0.000000] [0.000000 0.000000 0.000000 1.000000]} <0xb8db5570>
D/DisplayEventReceiver( 1973): rev(0xb8b5cb20) w/ vsync, t=179427250727, id=0, c=1546
D/OpenGLRenderer( 1973): Requesting layer 24.00x30.00, Layer cache size = 3309568, fboLayer 0, alpha 178
D/OpenGLRenderer( 1973): Reusing layer 0xb8e73498, 64x64, alpha 255
D/OpenGLRenderer( 1973): Layer 0xb8e73498 bindTexture: glBindTexture(0xde1, 44)
D/OpenGLRenderer( 1973): compose layer 0xb8e73498 at (348.000000, 1178.000000, 372.000000, 1208.000000), alpha 255, swap 1, ignoreTrasform 1, translateform {0x11 [1.000000 0.000000 0.000000 348.000000] [0.000000 1.000000 0.000000 1178.000000] [0.000000 0.000000 1.000000 0.000000] [0.000000 0.000000 0.000000 1.000000]} <0xb8db5570>
D/SurfaceFlinger(  260): requestNextVsync(260)
D/SurfaceFlinger(  260): postEvent(260, v/c=1993)
V/DisplayEventReceiver( 1973): call nativeScheduleVsync mReceiverPtr = -1196045536
D/SurfaceFlinger(  260): requestNextVsync(1973)
V/ViewRootImpl( 1973): ViewRoot performTraversals+ : mFirst = false, this = ViewRoot{3e93e79f com.android.launcher3/com.android.launcher3.Launcher,ident = 0}
D/OpenGLRenderer( 1973): DrawFrameTask 0xb8b65800, canUnblockUiThread 1, canDrawThisFrame 1
V/ViewRootImpl( 1973): scheduleTraversals: mTraversalBarrier = 498,this = ViewRoot{3e93e79f com.android.launcher3/com.android.launcher3.Launcher,ident = 0}
D/Surface ( 1973): Surface::setBuffersDimensions(this=0xb8da3010,w=720,h=1280)
D/OpenGLRenderer( 1973): compose layer 0xb8d52848 at (12.000000, 555.000000, 552.000000, 712.000000), alpha 51, swap 0, ignoreTrasform 0, translateform {0x11 [1.000000 0.000000 0.000000 8.000000] [0.000000 1.000000 0.000000 140.000000] [0.000000 0.000000 1.000000 0.000000] [0.000000 0.000000 0.000000 1.000000]} <0xb8db5570>
D/OpenGLRenderer( 1973): draw layer 0xb8ece9e8 at (0.000000, 0.000000, 720.000000, 133.000000), textureSize (768, 192), alpha 0.515705, isPureTranslate 1, translateform {0x11 [1.000000 0.000000 0.000000 0.000000] [0.000000 1.000000 0.000000 1075.000000] [0.000000 0.000000 1.000000 0.000000] [0.000000 0.000000 0.000000 1.000000]} <0xb8db5570>
V/ViewRootImpl( 1973): ViewRoot performTraversals and draw- : mResizeBuffer = null, mResizeAlpha = 0, this = ViewRoot{3e93e79f com.android.launcher3/com.android.launcher3.Launcher,ident = 0} frame#497 (cancelDraw = false)
D/OpenGLRenderer( 1973): draw layer 0xb8e4b0b8 at (0.000000, 0.000000, 48.000000, 24.000000), textureSize (64, 64), alpha 0.562667, isPureTranslate 1, translateform {0x11 [1.000000 0.000000 0.000000 336.000000] [0.000000 1.000000 0.000000 1051.000000] [0.000000 0.000000 1.000000 0.000000] [0.000000 0.000000 0.000000 1.000000]} <0xb8db5570>
D/OpenGLRenderer( 1973): draw layer 0xb8b75c80 at (0.000000, 0.000000, 720.000000, 1140.000000), textureSize (768, 1152), alpha 0.117649, isPureTranslate 1, translateform {0x11 [1.000000 0.000000 0.000000 0.000000] [0.000000 1.000000 0.000000 88.991882] [0.000000 0.000000 1.000000 0.000000] [0.000000 0.000000 0.000000 1.000000]} <0xb8db5570>
D/OpenGLRenderer( 1973): Requesting layer 24.00x30.00, Layer cache size = 3309568, fboLayer 0, alpha 228
D/OpenGLRenderer( 1973): Reusing layer 0xb8e73498, 64x64, alpha 255
D/OpenGLRenderer( 1973): Layer 0xb8e73498 bindTexture: glBindTexture(0xde1, 44)
D/OpenGLRenderer( 1973): compose layer 0xb8e73498 at (348.000000, 1178.000000, 372.000000, 1208.000000), alpha 255, swap 1, ignoreTrasform 1, translateform {0x11 [1.000000 0.000000 0.000000 348.000000] [0.000000 1.000000 0.000000 1178.000000] [0.000000 0.000000 1.000000 0.000000] [0.000000 0.000000 0.000000 1.000000]} <0xb8db5570>
D/SurfaceFlinger(  260): requestNextVsync(260)
D/SurfaceFlinger(  260): postEvent(260, v/c=1994)
D/SurfaceFlinger(  260): postEvent(1973, v/c=1548)
D/DisplayEventReceiver( 1973): rev(0xb8b5cb20) w/ vsync, t=179458613435, id=0, c=1548
V/DisplayEventReceiver( 1973): call nativeScheduleVsync mReceiverPtr = -1196045536
D/SurfaceFlinger(  260): requestNextVsync(1973)
V/ViewRootImpl( 19