--------- beginning of system
D/BroadcastQueue(  911): BroadcastRecord{1cc6a869 u0 android.net.sip.SIP_SERVICE_UP}, #0 ActivityInfo{321be2ee com.android.services.telephony.sip.SipBroadcastReceiver}
D/ActivityThread( 1812): BDC-RECEIVER handled : 0 / ReceiverData{intent=Intent { act=android.intent.action.LOSSLESS_CLOSE flg=0x10 cmp=com.android.settings/com.mediatek.audioprofile.LosslessReceiver (has extras) } packageName=com.android.settings resultCode=0 resultData=null resultExtras=null}
D/BroadcastQueue(  911): BDC-Delivered broadcast: Intent { act=android.net.sip.SIP_SERVICE_UP flg=0x10 cmp=com.android.phone/com.android.services.telephony.sip.SipBroadcastReceiver }, queue=background, ordered=false, app=ProcessRecord{2a87b3b6 1794:com.android.phone/1001}, receiver=android.os.BinderProxy@2ce95dcb
D/ActivityThread( 1794): BDC-Calling onReceive: intent=Intent { act=android.net.sip.SIP_SERVICE_UP flg=0x10 cmp=com.android.phone/com.android.services.telephony.sip.SipBroadcastReceiver }, receiver=com.android.services.telephony.sip.SipBroadcastReceiver@2f1540dd
D/ActivityManager(  911): SVC-Executing service done: ServiceRecord{5da3743 u0 com.android.utk/.UtkAppService}, type=1, startId=1, res=1
V/ActivityManager(  911): Broadcast: Intent { act=android.intent.action.DROPBOX_ENTRY_ADDED flg=0x10 (has extras) } ordered=false userid=0 callerApp=ProcessRecord{2de91dc1 911:system/1000}
D/ActivityThread( 1794): BDC-RECEIVER handled : 0 / ReceiverData{intent=Intent { act=android.net.sip.SIP_SERVICE_UP flg=0x10 cmp=com.android.phone/com.android.services.telephony.sip.SipBroadcastReceiver } packageName=com.android.phone resultCode=-1 resultData=null resultExtras=null}
D/ActivityManager(  911): BDC-Finishing receiver: android.os.BinderProxy@2ce95dcb
D/ActivityManager(  911): BroadcastRecord{1cc6a869 u0 android.net.sip.SIP_SERVICE_UP}, spend: 13, android.os.BinderProxy@2ce95dcb, ActivityInfo{321be2ee com.android.services.telephony.sip.SipBroadcastReceiver}
D/BroadcastQueue(  911): Non-ordered [background] BroadcastRecord{1cc6a869 u0 android.net.sip.SIP_SERVICE_UP}, 1 receivers, Total: 26882, Waiting: 26868, Processing: 14
V/BroadcastQueue(  911): Processing ordered broadcast [background] BroadcastRecord{718538f u-1 android.intent.action.TIMEZONE_CHANGED}, 1 receivers
D/BroadcastQueue(  911): BroadcastRecord{718538f u-1 android.intent.action.TIMEZONE_CHANGED}, #0 ActivityInfo{3ab6668d com.mediatek.schpwronoff.AlarmInitReceiver}
V/SettingsProvider(  911): call(system:sip_receive_calls) for 0
D/BroadcastQueue(  911): BDC-Delivered broadcast: Intent { act=android.intent.action.TIMEZONE_CHANGED flg=0x20000010 cmp=com.mediatek.schpwronoff/.AlarmInitReceiver (has extras) }, queue=background, ordered=false, app=ProcessRecord{3d0baaec 2182:com.mediatek.schpwronoff/1000}, receiver=android.os.BinderProxy@2a93deb5
D/ActivityThread( 2182): BDC-Calling onReceive: intent=Intent { act=android.intent.action.TIMEZONE_CHANGED flg=0x20000010 cmp=com.mediatek.schpwronoff/.AlarmInitReceiver (has extras) }, receiver=com.mediatek.schpwronoff.AlarmInitReceiver@af5e022
W/ContextImpl( 2182): Calling a method in the system process without a qualified user: android.app.ContextImpl.startService:1827 android.content.ContextWrapper.startService:516 android.content.ContextWrapper.startService:516 com.mediatek.schpwronoff.AlarmReceiverService.processBroadcastIntent:33 com.mediatek.schpwronoff.AlarmInitReceiver.onReceive:67 
D/ActivityManager(  911): SVC-Sent arguments: ServiceRecord{1e6b561c u0 com.mediatek.schpwronoff/.AlarmReceiverService}, app=ProcessRecord{3d0baaec 2182:com.mediatek.schpwronoff/1000}, args=Intent { act=broadcast_receiver cmp=com.mediatek.schpwronoff/.AlarmReceiverService (has extras) }, flags=0
D/ActivityManager(  911): BDC-Finishing receiver: android.os.BinderProxy@2a93deb5
D/ActivityThread( 2182): BDC-RECEIVER handled : 0 / ReceiverData{intent=Intent { act=android.intent.action.TIMEZONE_CHANGED flg=0x20000010 cmp=com.mediatek.schpwronoff/.AlarmInitReceiver (has extras) } packageName=com.mediatek.schpwronoff resultCode=-1 resultData=null resultExtras=null}
D/ActivityManager(  911): BroadcastRecord{718538f u-1 android.intent.action.TIMEZONE_CHANGED}, spend: 17, android.os.BinderProxy@2a93deb5, ActivityInfo{3ab6668d com.mediatek.schpwronoff.AlarmInitReceiver}
D/BroadcastQueue(  911): Non-ordered [background] BroadcastRecord{718538f u-1 android.intent.action.TIMEZONE_CHANGED}, 1 receivers, Total: 24092, Waiting: 24075, Processing: 17
V/BroadcastQueue(  911): Processing ordered broadcast [background] BroadcastRecord{1d986225 u0 android.intent.action.ACTION_SUBINFO_RECORD_UPDATED}, 2 receivers
D/BroadcastQueue(  911): BroadcastRecord{1d986225 u0 android.intent.action.ACTION_SUBINFO_RECORD_UPDATED}, #0 ActivityInfo{79b5a09 com.mediatek.contacts.simcontact.BootCmpReceiver}
D/ActivityThread( 2182): SVC-Creating service: CreateServiceData{token=android.os.BinderProxy@1146fab3 className=com.mediatek.schpwronoff.AlarmReceiverService packageName=com.mediatek.schpwronoff intent=null}
D/BroadcastQueue(  911): BDC-Delivered broadcast: Intent { act=android.intent.action.ACTION_SUBINFO_RECORD_UPDATED flg=0x10 cmp=com.android.contacts/com.mediatek.contacts.simcontact.BootCmpReceiver (has extras) }, queue=background, ordered=false, app=ProcessRecord{2d1a90e9 2238:com.android.contacts/u0a2}, receiver=android.os.BinderProxy@9ace16e
D/ActivityThread( 2238): BDC-Calling onReceive: intent=Intent { act=android.intent.action.ACTION_SUBINFO_RECORD_UPDATED flg=0x10 cmp=com.android.contacts/com.mediatek.contacts.simcontact.BootCmpReceiver (has extras) }, receiver=com.mediatek.contacts.simcontact.BootCmpReceiver@7f70d2a
D/ActivityManager(  911): BDC-Finishing receiver: android.os.BinderProxy@9ace16e
D/ActivityManager(  911): BroadcastRecord{1d986225 u0 android.intent.action.ACTION_SUBINFO_RECORD_UPDATED}, spend: 11, android.os.BinderProxy@9ace16e, ActivityInfo{79b5a09 com.mediatek.contacts.simcontact.BootCmpReceiver}
D/ActivityThread( 2238): BDC-RECEIVER handled : 0 / ReceiverData{intent=Intent { act=android.intent.action.ACTION_SUBINFO_RECORD_UPDATED flg=0x10 cmp=com.android.contacts/com.mediatek.contacts.simcontact.BootCmpReceiver (has extras) } packageName=com.android.contacts resultCode=-1 resultData=null resultExtras=null}
D/BroadcastQueue(  911): BDC-mStartingBackground size = 1 mStartingBackground = [ServiceRecord{1e6b561c u0 com.mediatek.schpwronoff/.AlarmReceiverService}] mMaxStartingBackground = 1
I/ActivityManager(  911): BDC-Delay finish: com.android.contacts/com.mediatek.contacts.simcontact.BootCmpReceiver
D/ActivityManager(  911): SVC-Executing service done: ServiceRecord{1e6b561c u0 com.mediatek.schpwronoff/.AlarmReceiverService}, type=0, startId=0, res=0
D/ActivityThread( 2182): SVC-CREATE_SERVICE handled : 0 / CreateServiceData{token=android.os.BinderProxy@1146fab3 className=com.mediatek.schpwronoff.AlarmReceiverService packageName=com.mediatek.schpwronoff intent=null}
D/ActivityManager(  911): SVC-Executing service done: ServiceRecord{1e6b561c u0 com.mediatek.schpwronoff/.AlarmReceiverService}, type=1, startId=1, res=2
I/ActivityManager(  911): BDC-Resuming delayed broadcast
D/BroadcastQueue(  911): BroadcastRecord{1d986225 u0 android.intent.action.ACTION_SUBINFO_RECORD_UPDATED}, #1 ActivityInfo{15673ffa com.android.settings.sim.SimBootReceiver}
D/ActivityThread( 2182): SVC-SERVICE_ARGS handled : 0 / ServiceArgsData{token=android.os.BinderProxy@1146fab3 startId=1 args=Intent { act=broadcast_receiver cmp=com.mediatek.schpwronoff/.AlarmReceiverService (has extras) }}
D/BroadcastQueue(  911): BDC-Delivered broadcast: Intent { act=android.intent.action.ACTION_SUBINFO_RECORD_UPDATED flg=0x10 cmp=com.android.settings/.sim.SimBootReceiver (has extras) }, queue=background, ordered=false, app=ProcessRecord{1c1eb00b 1812:com.android.settings/1000}, receiver=android.os.BinderProxy@6367ee8
D/ActivityThread( 1812): BDC-Calling onReceive: intent=Intent { act=android.intent.action.ACTION_SUBINFO_RECORD_UPDATED flg=0x10 cmp=com.android.settings/.sim.SimBootReceiver (has extras) }, receiver=com.android.settings.sim.SimBootReceiver@29197ee2
D/ActivityManager(  911): BDC-Finishing receiver: android.os.BinderProxy@6367ee8
D/ActivityThread( 1812): BDC-RECEIVER handled : 0 / ReceiverData{intent=Intent { act=android.intent.action.ACTION_SUBINFO_RECORD_UPDATED flg=0x10 cmp=com.android.settings/.sim.SimBootReceiver (has extras) } packageName=com.android.settings resultCode=0 resultData=null resultExtras=null}
D/ActivityManager(  911): BroadcastRecord{1d986225 u0 android.intent.action.ACTION_SUBINFO_RECORD_UPDATED}, spend: 11, android.os.BinderProxy@6367ee8, ActivityInfo{15673ffa com.android.settings.sim.SimBootReceiver}
D/BroadcastQueue(  911): Non-ordered [background] BroadcastRecord{1d986225 u0 android.intent.action.ACTION_SUBINFO_RECORD_UPDATED}, 2 receivers, Total: 23993, Waiting: 23952, Processing: 41
V/BroadcastQueue(  911): Processing ordered broadcast [background] BroadcastRecord{7d099ab u-1 com.mediatek.intent.action.FINISH_SWITCH_SVLTE_RAT_MODE}, 1 receivers
D/AlarmManager(  911): alarm set type 7 8, package name com.mediatek.schpwronoff
W/AlarmManager(  911): power off alarm set time is wrong! nowTime = 1451606446762 ; triggerAtTime = 0
D/BroadcastQueue(  911): BroadcastRecord{7d099ab u-1 com.mediatek.intent.action.FINISH_SWITCH_SVLTE_RAT_MODE}, #0 ActivityInfo{346e9d41 com.mediatek.settings.cdma.LteDataOnlySwitchReceiver}
I/AlarmManager(  911): remove power off alarm pacakge name com.mediatek.schpwronoff
D/BroadcastQueue(  911): BDC-Delivered broadcast: Intent { act=com.mediatek.intent.action.FINISH_SWITCH_SVLTE_RAT_MODE flg=0x10 cmp=com.android.phone/com.mediatek.settings.cdma.LteDataOnlySwitchReceiver (has extras) }, queue=background, ordered=false, app=ProcessRecord{2a87b3b6 1794:com.android.phone/1001}, receiver=android.os.BinderProxy@2ce95dcb
D/ActivityThread( 1794): BDC-Calling onReceive: intent=Intent { act=com.mediatek.intent.action.FINISH_SWITCH_SVLTE_RAT_MODE flg=0x10 cmp=com.android.phone/com.mediatek.settings.cdma.LteDataOnlySwitchReceiver (has extras) }, receiver=com.mediatek.settings.cdma.LteDataOnlySwitchReceiver@dbe2452
D/ActivityManager(  911): BDC-Finishing receiver: android.os.BinderProxy@2ce95dcb
D/ActivityThread( 1794): BDC-RECEIVER handled : 0 / ReceiverData{intent=Intent { act=com.mediatek.intent.action.FINISH_SWITCH_SVLTE_RAT_MODE flg=0x10 cmp=com.android.phone/com.mediatek.settings.cdma.LteDataOnlySwitchReceiver (has extras) } packageName=com.android.phone resultCode=-1 resultData=null resultExtras=null}
D/ActivityManager(  911): BroadcastRecord{7d099ab u-1 com.mediatek.intent.action.FINISH_SWITCH_SVLTE_RAT_MODE}, spend: 11, android.os.BinderProxy@2ce95dcb, ActivityInfo{346e9d41 com.mediatek.settings.cdma.LteDataOnlySwitchReceiver}
D/BroadcastQueue(  911): Non-ordered [background] BroadcastRecord{7d099ab u-1 com.mediatek.intent.action.FINISH_SWITCH_SVLTE_RAT_MODE}, 1 receivers, Total: 18934, Waiting: 18923, Processing: 11
V/BroadcastQueue(  911): Processing ordered broadcast [background] BroadcastRecord{27e5b808 u-1 com.mediatek.intent.action.FINISH_SWITCH_SVLTE_RAT_MODE}, 1 receivers
D/BroadcastQueue(  911): BroadcastRecord{27e5b808 u-1 com.mediatek.intent.action.FINISH_SWITCH_SVLTE_RAT_MODE}, #0 ActivityInfo{346e9d41 com.mediatek.settings.cdma.LteDataOnlySwitchReceiver}
D/BroadcastQueue(  911): BDC-Delivered broadcast: Intent { act=com.mediatek.intent.action.FINISH_SWITCH_SVLTE_RAT_MODE flg=0x10 cmp=com.android.phone/com.mediatek.settings.cdma.LteDataOnlySwitchReceiver (has extras) }, queue=background, ordered=false, app=ProcessRecord{2a87b3b6 1794:com.android.phone/1001}, receiver=android.os.BinderProxy@2ce95dcb
D/ActivityThread( 1794): BDC-Calling onReceive: intent=Intent { act=com.mediatek.intent.action.FINISH_SWITCH_SVLTE_RAT_MODE flg=0x10 cmp=com.android.phone/com.mediatek.settings.cdma.LteDataOnlySwitchReceiver (has extras) }, receiver=com.mediatek.settings.cdma.LteDataOnlySwitchReceiver@3272a323
D/AlarmManager(  911): manual remove option = PendingIntent{1911fba1: PendingIntentRecord{26d961c6 com.mediatek.schpwronoff broadcastIntent}}
D/ActivityManager(  911): BDC-Finishing receiver: android.os.BinderProxy@2ce95dcb
D/ActivityThread( 1794): BDC-RECEIVER handled : 0 / ReceiverData{intent=Intent { act=com.mediatek.intent.action.FINISH_SWITCH_SVLTE_RAT_MODE flg=0x10 cmp=com.android.phone/com.mediatek.settings.cdma.LteDataOnlySwitchReceiver (has extras) } packageName=com.android.phone resultCode=-1 resultData=null resultExtras=null}
D/ActivityManager(  911): BroadcastRecord{27e5b808 u-1 com.mediatek.intent.action.FINISH_SWITCH_SVLTE_RAT_MODE}, spend: 9, android.os.BinderProxy@2ce95dcb, ActivityInfo{346e9d41 com.mediatek.settings.cdma.LteDataOnlySwitchReceiver}
D/BroadcastQueue(  911): Non-ordered [background] BroadcastRecord{27e5b808 u-1 com.mediatek.intent.action.FINISH_SWITCH_SVLTE_RAT_MODE}, 1 receivers, Total: 18584, Waiting: 18575, Processing: 9
V/BroadcastQueue(  911): Processing ordered broadcast [background] BroadcastRecord{2b7d2587 u0 com.android.server.NetworkTimeUpdateService.action.POLL}, 1 receivers
D/BroadcastQueue(  911): BroadcastRecord{2b7d2587 u0 com.android.server.NetworkTimeUpdateService.action.POLL}, #0 BroadcastFilter{36aeed4e u0 ReceiverList{1b7f2650 911 system/1000/u0 local:1d9d3413}}
D/BroadcastQueue(  911): BDC-Delivered broadcast: Intent { act=com.android.server.NetworkTimeUpdateService.action.POLL flg=0x114 (has extras) }, queue=background, ordered=true, filter=BroadcastFilter{36aeed4e u0 ReceiverList{1b7f2650 911 system/1000/u0 local:1d9d3413}}, receiver=android.app.LoadedApk$ReceiverDispatcher$InnerReceiver@1d9d3413
D/ActivityThread(  911): BDC-Calling onReceive: intent=Intent { act=com.android.server.NetworkTimeUpdateService.action.POLL flg=0x114 (has extras) }, ordered=true, receiver=com.android.server.NetworkTimeUpdateService$1@31c5cc4d, IIntentReceiver=1d9d3413
D/ActivityThread(  911): BDC-Calling finishReceiver: IIntentReceiver=1d9d3413
D/ActivityManager(  911): BDC-Finishing receiver: android.app.LoadedApk$ReceiverDispatcher$InnerReceiver@1d9d3413
V/SettingsProvider(  911): call(global:auto_time) for 0
D/AlarmManager(  911): manual remove option = PendingIntent{1fef62bd: PendingIntentRecord{2430d0b2 android broadcastIntent}}
D/ActivityManager(  911): BroadcastRecord{2b7d2587 u0 com.android.server.NetworkTimeUpdateService.action.POLL}, spend: 5, android.app.LoadedApk$ReceiverDispatcher$InnerReceiver@1d9d3413, BroadcastFilter{36aeed4e u0 ReceiverList{1b7f2650 911 system/1000/u0 local:1d9d3413}}
V/AlarmManager(  911): APP set(PendingIntent{1fef62bd: PendingIntentRecord{2430d0b2 android broadcastIntent}}) : type=3 triggerAtTime=168724 win=0 tElapsed=168724 maxElapsed=168724 interval=0 standalone=true
D/BroadcastQueue(  911): Ordered [background] BroadcastRecord{2b7d2587 u0 com.android.server.NetworkTimeUpdateService.action.POLL}, 1 receivers, Total: 16629, Waiting: 16623, Processing: 6
V/BroadcastQueue(  911): Processing ordered broadcast [background] BroadcastRecord{31b0dd u-1 android.hardware.usb.action.USB_STATE}, 2 receivers
D/BroadcastQueue(  911): BroadcastRecord{31b0dd u-1 android.hardware.usb.action.USB_STATE}, #0 ActivityInfo{1dadf4cc com.mediatek.mtklogger.framework.LogReceiver}
D/ActivityThread( 2182): SVC-Destroying service: com.mediatek.schpwronoff.AlarmReceiverService@150d7870
D/ActivityManager(  911): SVC-Executing service done: ServiceRecord{1e6b561c u0 com.mediatek.schpwronoff/.AlarmReceiverService}, type=2, startId=0, res=0
D/ActivityThread( 2182): SVC-STOP_SERVICE handled : 0 / android.os.BinderProxy@1146fab3
D/BroadcastQueue(  911): BDC-Delivered broadcast: Intent { act=android.hardware.usb.action.USB_STATE flg=0x20000010 cmp=com.mediatek.mtklogger/.framework.LogReceiver (has extras) }, queue=background, ordered=false, app=ProcessRecord{2eb56d92 1878:com.mediatek.mtklogger/u0a38}, receiver=android.os.BinderProxy@3b8e5363
D/ActivityThread( 1878): BDC-Calling onReceive: intent=Intent { act=android.hardware.usb.action.USB_STATE flg=0x20000010 cmp=com.mediatek.mtklogger/.framework.LogReceiver (has extras) }, receiver=com.mediatek.mtklogger.framework.LogReceiver@8083d1e
D/AlarmManager(  911): onSendFinished begin
D/PowerManagerService(  911): updateWakeLockWorkSourceInternal: lock=1025200575 [*alarm*], ws=WorkSource{10001}
D/PowerManagerNotifier(  911): onWakeLockChanging: flags=1, tag="*alarm*", packageName=android, ownerUid=1000, ownerPid=911, workSource=WorkSource{10001}
D/ActivityThread( 1878): BDC-RECEIVER handled : 0 / ReceiverData{intent=Intent { act=android.hardware.usb.action.USB_STATE flg=0x20000010 cmp=com.mediatek.mtklogger/.framework.LogReceiver (has extras) } packageName=com.mediatek.mtklogger resultCode=-1 resultData=null resultExtras=null}
D/ActivityManager(  911): BDC-Finishing receiver: android.os.BinderProxy@3b8e5363
D/ActivityManager(  911): BroadcastRecord{31b0dd u-1 android.hardware.usb.action.USB_STATE}, spend: 32, android.os.BinderProxy@3b8e5363, ActivityInfo{1dadf4cc com.mediatek.mtklogger.framework.LogReceiver}
D/BroadcastQueue(  911): BroadcastRecord{31b0dd u-1 android.hardware.usb.action.USB_STATE}, #1 ActivityInfo{371969b5 com.android.providers.media.MtpReceiver}
D/BroadcastQueue(  911): BDC-Delivered broadcast: Intent { act=android.hardware.usb.action.USB_STATE flg=0x20000010 cmp=com.android.providers.media/.MtpReceiver (has extras) }, queue=background, ordered=false, app=ProcessRecord{211232e4 1937:android.process.media/u0a5}, receiver=android.os.BinderProxy@2099534d
D/ActivityThread( 1937): BDC-Calling onReceive: intent=Intent { act=android.hardware.usb.action.USB_STATE flg=0x20000010 cmp=com.android.providers.media/.MtpReceiver (has extras) }, receiver=com.android.providers.media.MtpReceiver@1f92ac00
D/ActivityManager(  911): SVC-Sent arguments: ServiceRecord{24686f21 u0 com.android.providers.media/.MtpService}, app=ProcessRecord{211232e4 1937:android.process.media/u0a5}, args=Intent { cmp=com.android.providers.media/.MtpService (has extras) }, flags=0
D/ActivityManager(  911): BDC-Finishing receiver: android.os.BinderProxy@2099534d
D/ActivityThread( 1937): BDC-RECEIVER handled : 0 / ReceiverData{intent=Intent { act=android.hardware.usb.action.USB_STATE flg=0x20000010 cmp=com.android.providers.media/.MtpReceiver (has extras) } packageName=com.android.providers.media resultCode=0 resultData=null resultExtras=null}
D/ActivityManager(  911): BroadcastRecord{31b0dd u-1 android.hardware.usb.action.USB_STATE}, spend: 13, android.os.BinderProxy@2099534d, ActivityInfo{371969b5 com.android.providers.media.MtpReceiver}
D/BroadcastQueue(  911): Non-ordered [background] BroadcastRecord{31b0dd u-1 android.hardware.usb.action.USB_STATE}, 2 receivers, Total: 16529, Waiting: 16483, Processing: 46
V/BroadcastQueue(  911): Processing ordered broadcast [background] BroadcastRecord{327c9323 u-1 com.mediatek.intent.action.FINISH_SWITCH_SVLTE_RAT_MODE}, 1 receivers
D/BroadcastQueue(  911): BroadcastRecord{327c9323 u-1 com.mediatek.intent.action.FINISH_SWITCH_SVLTE_RAT_MODE}, #0 ActivityInfo{346e9d41 com.mediatek.settings.cdma.LteDataOnlySwitchReceiver}
D/BroadcastQueue(  911): BDC-Delivered broadcast: Intent { act=com.mediatek.intent.action.FINISH_SWITCH_SVLTE_RAT_MODE flg=0x10 cmp=com.android.phone/com.mediatek.settings.cdma.LteDataOnlySwitchReceiver (has extras) }, queue=background, ordered=false, app=ProcessRecord{2a87b3b6 1794:com.android.phone/1001}, receiver=android.os.BinderProxy@2ce95dcb
D/ActivityThread( 1794): BDC-Calling onReceive: intent=Intent { act=com.mediatek.intent.action.FINISH_SWITCH_SVLTE_RAT_MODE flg=0x10 cmp=com.android.phone/com.mediatek.settings.cdma.LteDataOnlySwitchReceiver (has extras) }, receiver=com.mediatek.settings.cdma.LteDataOnlySwitchReceiver@38965020
D/ActivityManager(  911): BDC-Finishing receiver: android.os.BinderProxy@2ce95dcb
D/ActivityThread( 1794): BDC-RECEIVER handled : 0 / ReceiverData{intent=Intent { act=com.mediatek.intent.action.FINISH_SWITCH_SVLTE_RAT_MODE flg=0x10 cmp=com.android.phone/com.mediatek.settings.cdma.LteDataOnlySwitchReceiver (has extras) } packageName=com.android.phone resultCode=-1 resultData=null resultExtras=null}
D/ActivityManager(  911): BroadcastRecord{327c9323 u-1 com.mediatek.intent.action.FINISH_SWITCH_SVLTE_RAT_MODE}, spend: 9, android.os.BinderProxy@2ce95dcb, ActivityInfo{346e9d41 com.mediatek.settings.cdma.LteDataOnlySwitchReceiver}
D/BroadcastQueue(  911): Non-ordered [background] BroadcastRecord{327c9323 u-1 com.mediatek.intent.action.FINISH_SWITCH_SVLTE_RAT_MODE}, 1 receivers, Total: 16041, Waiting: 16031, Processing: 10
V/BroadcastQueue(  911): Processing ordered broadcast [background] BroadcastRecord{23f18020 u-1 com.mediatek.intent.action.FINISH_SWITCH_SVLTE_RAT_MODE}, 1 receivers
D/BroadcastQueue(  911): BroadcastRecord{23f18020 u-1 com.mediatek.intent.action.FINISH_SWITCH_SVLTE_RAT_MODE}, #0 ActivityInfo{346e9d41 com.mediatek.settings.cdma.LteDataOnlySwitchReceiver}
D/BroadcastQueue(  911): BDC-Delivered broadcast: Intent { act=com.mediatek.intent.action.FINISH_SWITCH_SVLTE_RAT_MODE flg=0x10 cmp=com.android.phone/com.mediatek.settings.cdma.LteDataOnlySwitchReceiver (has extras) }, queue=background, ordered=false, app=ProcessRecord{2a87b3b6 1794:com.android.phone/1001}, receiver=android.os.BinderProxy@2ce95dcb
D/ActivityThread( 1794): BDC-Calling onReceive: intent=Intent { act=com.mediatek.intent.action.FINISH_SWITCH_SVLTE_RAT_MODE flg=0x10 cmp=com.android.phone/com.mediatek.settings.cdma.LteDataOnlySwitchReceiver (has extras) }, receiver=com.mediatek.settings.cdma.LteDataOnlySwitchReceiver@3d2a0dd9
D/ActivityManager(  911): BDC-Finishing receiver: android.os.BinderProxy@2ce95dcb
D/ActivityThread( 1794): BDC-RECEIVER handled : 0 / ReceiverData{intent=Intent { act=com.mediatek.intent.action.FINISH_SWITCH_SVLTE_RAT_MODE flg=0x10 cmp=com.android.phone/com.mediatek.settings.cdma.LteDataOnlySwitchReceiver (has extras) } packageName=com.android.phone resultCode=-1 resultData=null resultExtras=null}
D/ActivityManager(  911): BroadcastRecord{23f18020 u-1 com.mediatek.intent.action.FINISH_SWITCH_SVLTE_RAT_MODE}, spend: 9, android.os.BinderProxy@2ce95dcb, ActivityInfo{346e9d41 com.mediatek.settings.cdma.LteDataOnlySwitchReceiver}
D/BroadcastQueue(  911): Non-ordered [background] BroadcastRecord{23f18020 u-1 com.mediatek.intent.action.FINISH_SWITCH_SVLTE_RAT_MODE}, 1 receivers, Total: 15815, Waiting: 15806, Processing: 9
V/BroadcastQueue(  911): Processing ordered broadcast [background] BroadcastRecord{1b9d7dd9 u-1 android.bluetooth.adapter.action.STATE_CHANGED}, 4 receivers
D/BroadcastQueue(  911): BroadcastRecord{1b9d7dd9 u-1 android.bluetooth.adapter.action.STATE_CHANGED}, #0 ActivityInfo{2d3ce39e com.android.settings.bluetooth.DockEventReceiver}
D/BroadcastQueue(  911): BDC-Delivered broadcast: Intent { act=android.bluetooth.adapter.action.STATE_CHANGED flg=0x4000010 cmp=com.android.settings/.bluetooth.DockEventReceiver (has extras) }, queue=background, ordered=false, app=ProcessRecord{1c1eb00b 1812:com.android.settings/1000}, receiver=android.os.BinderProxy@6367ee8
D/ActivityThread( 1812): BDC-Calling onReceive: intent=Intent { act=android.bluetooth.adapter.action.STATE_CHANGED flg=0x4000010 cmp=com.android.settings/.bluetooth.DockEventReceiver (has extras) }, receiver=com.android.settings.bluetooth.DockEventReceiver@9501273
D/ActivityManager(  911): BDC-Finishing receiver: android.os.BinderProxy@6367ee8
D/ActivityManager(  911): BroadcastRecord{1b9d7dd9 u-1 android.bluetooth.adapter.action.STATE_CHANGED}, spend: 10, android.os.BinderProxy@6367ee8, ActivityInfo{2d3ce39e com.android.settings.bluetooth.DockEventReceiver}
D/BroadcastQueue(  911): BroadcastRecord{1b9d7dd9 u-1 android.bluetooth.adapter.action.STATE_CHANGED}, #1 ActivityInfo{3a7b3e7f com.android.bluetooth.pbap.BluetoothPbapReceiver}
D/ActivityThread( 1812): BDC-RECEIVER handled : 0 / ReceiverData{intent=Intent { act=android.bluetooth.adapter.action.STATE_CHANGED flg=0x4000010 cmp=com.android.settings/.bluetooth.DockEventReceiver (has extras) } packageName=com.android.settings resultCode=-1 resultData=null resultExtras=null}
D/BroadcastQueue(  911): BDC-Delivered broadcast: Intent { act=android.bluetooth.adapter.action.STATE_CHANGED flg=0x4000010 cmp=com.android.bluetooth/.pbap.BluetoothPbapReceiver (has extras) }, queue=background, ordered=false, app=ProcessRecord{3f6c9ef8 2421:com.android.bluetooth/1002}, receiver=android.os.BinderProxy@8be7e4c
D/ActivityThread( 2421): BDC-Calling onReceive: intent=Intent { act=android.bluetooth.adapter.action.STATE_CHANGED flg=0x4000010 cmp=com.android.bluetooth/.pbap.BluetoothPbapReceiver (has extras) }, receiver=com.android.bluetooth.pbap.BluetoothPbapReceiver@31808356
D/ActivityManager(  911): SVC-Executing service done: ServiceRecord{24686f21 u0 com.android.providers.media/.MtpService}, type=1, startId=3, res=1
D/ActivityManager(  911): BDC-Finishing receiver: android.os.BinderProxy@8be7e4c
D/ActivityThread( 2421): BDC-RECEIVER handled : 0 / ReceiverData{intent=Intent { act=android.bluetooth.adapter.action.STATE_CHANGED flg=0x4000010 cmp=com.android.bluetooth/.pbap.BluetoothPbapReceiver (has extras) } packageName=com.android.bluetooth resultCode=0 resultData=null resultExtras=null}
D/ActivityManager(  911): BroadcastRecord{1b9d7dd9 u-1 android.bluetooth.adapter.action.STATE_CHANGED}, spend: 10, android.os.BinderProxy@8be7e4c, ActivityInfo{3a7b3e7f com.android.bluetooth.pbap.BluetoothPbapReceiver}
D/ActivityThread( 1937): SVC-SERVICE_ARGS handled : 0 / ServiceArgsData{token=android.os.BinderProxy@18ca49ed startId=3 args=Intent { cmp=com.android.providers.media/.MtpService (has extras) }}
D/BroadcastQueue(  911): BroadcastRecord{1b9d7dd9 u-1 android.bluetooth.adapter.action.STATE_CHANGED}, #2 ActivityInfo{374f3985 com.android.settings.widget.SettingsAppWidgetProvider}
D/BroadcastQueue(  911): BDC-Delivered broadcast: Intent { act=android.bluetooth.adapter.action.STATE_CHANGED flg=0x4000010 cmp=com.android.settings/.widget.SettingsAppWidgetProvider (has extras) }, queue=background, ordered=false, app=ProcessRecord{1c1eb00b 1812:com.android.settings/1000}, receiver=android.os.BinderProxy@6367ee8
D/ActivityThread( 1812): BDC-Calling onReceive: intent=Intent { act=android.bluetooth.adapter.action.STATE_CHANGED flg=0x4000010 cmp=com.android.settings/.widget.SettingsAppWidgetProvider (has extras) }, receiver=com.android.settings.widget.SettingsAppWidgetProvider@14a91530
V/SettingsProvider(  911): call(secure:location_providers_allowed) for 0
D/ActivityManager(  911): BDC-Finishing receiver: android.os.BinderProxy@6367ee8
D/ActivityThread( 1812): BDC-RECEIVER handled : 0 / ReceiverData{intent=Intent { act=android.bluetooth.adapter.action.STATE_CHANGED flg=0x4000010 cmp=com.android.settings/.widget.SettingsAppWidgetProvider (has extras) } packageName=com.android.settings resultCode=0 resultData=null resultExtras=null}
D/ActivityManager(  911): BroadcastRecord{1b9d7dd9 u-1 android.bluetooth.adapter.action.STATE_CHANGED}, spend: 28, android.os.BinderProxy@6367ee8, ActivityInfo{374f3985 com.android.settings.widget.SettingsAppWidgetProvider}
D/BroadcastQueue(  911): BroadcastRecord{1b9d7dd9 u-1 android.bluetooth.adapter.action.STATE_CHANGED}, #3 ActivityInfo{3e5f1e95 com.android.bluetooth.opp.BluetoothOppReceiver}
D/BroadcastQueue(  911): BDC-Delivered broadcast: Intent { act=android.bluetooth.adapter.action.STATE_CHANGED flg=0x4000010 cmp=com.android.bluetooth/.opp.BluetoothOppReceiver (has extras) }, queue=background, ordered=false, app=ProcessRecord{3f6c9ef8 2421:com.android.bluetooth/1002}, receiver=android.os.BinderProxy@8be7e4c
D/ActivityThread( 2421): BDC-Calling onReceive: intent=Intent { act=android.bluetooth.adapter.action.STATE_CHANGED flg=0x4000010 cmp=com.android.bluetooth/.opp.BluetoothOppReceiver (has extras) }, receiver=com.android.bluetooth.opp.BluetoothOppReceiver@26404fd7
D/ActivityManager(  911): BDC-Finishing receiver: android.os.BinderProxy@8be7e4c
D/ActivityThread( 2421): BDC-RECEIVER handled : 0 / ReceiverData{intent=Intent { act=android.bluetooth.adapter.action.STATE_CHANGED flg=0x4000010 cmp=com.android.bluetooth/.opp.BluetoothOppReceiver (has extras) } packageName=com.android.bluetooth resultCode=0 resultData=null resultExtras=null}
D/ActivityManager(  911): BroadcastRecord{1b9d7dd9 u-1 android.bluetooth.adapter.action.STATE_CHANGED}, spend: 10, android.os.BinderProxy@8be7e4c, ActivityInfo{3e5f1e95 com.android.bluetooth.opp.BluetoothOppReceiver}
D/BroadcastQueue(  911): Non-ordered [background] BroadcastRecord{1b9d7dd9 u-1 android.bluetooth.adapter.action.STATE_CHANGED}, 4 receivers, Total: 15822, Waiting: 15761, Processing: 61
V/BroadcastQueue(  911): Processing ordered broadcast [background] BroadcastRecord{60f9baa u0 android.intent.action.PACKAGE_CHANGED}, 4 receivers
D/BroadcastQueue(  911): BroadcastRecord{60f9baa u0 android.intent.action.PACKAGE_CHANGED}, #0 ActivityInfo{3ea81ae com.android.providers.contacts.PackageIntentReceiver}
D/BroadcastQueue(  911): BDC-Delivered broadcast: Intent { act=android.intent.action.PACKAGE_CHANGED dat=package:com.android.stk flg=0x4000010 cmp=com.android.providers.contacts/.PackageIntentReceiver (has extras) }, queue=background, ordered=false, app=ProcessRecord{25285f97 1616:android.process.acore/u0a2}, receiver=android.os.BinderProxy@18f06b4f
D/ActivityThread( 1616): BDC-Calling onReceive: intent=Intent { act=android.intent.action.PACKAGE_CHANGED dat=package:com.android.stk flg=0x4000010 cmp=com.android.providers.contacts/.PackageIntentReceiver (has extras) }, receiver=com.android.providers.contacts.PackageIntentReceiver@1983f6a3
D/ActivityManager(  911): BDC-Finishing receiver: android.os.BinderProxy@18f06b4f
D/ActivityThread( 1616): BDC-RECEIVER handled : 0 / ReceiverData{intent=Intent { act=android.intent.action.PACKAGE_CHANGED dat=package:com.android.stk flg=0x4000010 cmp=com.android.providers.contacts/.PackageIntentReceiver (has extras) } packageName=com.android.providers.contacts resultCode=0 resultData=null resultExtras=null}
D/ActivityManager(  911): BroadcastRecord{60f9baa u0 android.intent.action.PACKAGE_CHANGED}, spend: 8, android.os.BinderProxy@18f06b4f, ActivityInfo{3ea81ae com.android.providers.contacts.PackageIntentReceiver}
D/BroadcastQueue(  911): BroadcastRecord{60f9baa u0 android.intent.action.PACKAGE_CHANGED}, #1 ActivityInfo{2d29f2dc com.android.launcher3.PackageChangedReceiver}
D/BroadcastQueue(  911): BDC-Delivered broadcast: Intent { act=android.intent.action.PACKAGE_CHANGED dat=package:com.android.stk flg=0x4000010 cmp=com.android.launcher3/.PackageChangedReceiver (has extras) }, queue=background, ordered=false, app=ProcessRecord{123cc138 1973:com.android.launcher3/u0a7}, receiver=android.os.BinderProxy@35039fe5
D/ActivityThread( 1973): BDC-Calling onReceive: intent=Intent { act=android.intent.action.PACKAGE_CHANGED dat=package:com.android.stk flg=0x4000010 cmp=com.android.launcher3/.PackageChangedReceiver (has extras) }, receiver=com.android.launcher3.PackageChangedReceiver@3d441844
D/ActivityManager(  911): BDC-Finishing receiver: android.os.BinderProxy@35039fe5
D/ActivityThread( 1973): BDC-RECEIVER handled : 0 / ReceiverData{intent=Intent { act=android.intent.action.PACKAGE_CHANGED dat=package:com.android.stk flg=0x4000010 cmp=com.android.launcher3/.PackageChangedReceiver (has extras) } packageName=com.android.launcher3 resultCode=0 resultData=null resultExtras=null}
D/ActivityManager(  911): BroadcastRecord{60f9baa u0 android.intent.action.PACKAGE_CHANGED}, spend: 9, android.os.BinderProxy@35039fe5, ActivityInfo{2d29f2dc com.android.launcher3.PackageChangedReceiver}
D/BroadcastQueue(  911): BroadcastRecord{60f9baa u0 android.intent.action.PACKAGE_CHANGED}, #2 ActivityInfo{3d610aba com.android.systemui.floatpanel.FloatModel}
D/BroadcastQueue(  911): BDC-Delivered broadcast: Intent { act=android.intent.action.PACKAGE_CHANGED dat=package:com.android.stk flg=0x4000010 cmp=com.android.systemui/.floatpanel.FloatModel (has extras) }, queue=background, ordered=false, app=ProcessRecord{8952eb4 1635:com.android.systemui/u0a12}, receiver=android.os.BinderProxy@39726d6b
D/ActivityThread( 1635): BDC-Calling onReceive: intent=Intent { act=android.intent.action.PACKAGE_CHANGED dat=package:com.android.stk flg=0x4000010 cmp=com.android.systemui/.floatpanel.FloatModel (has extras) }, receiver=com.android.systemui.floatpanel.FloatModel@34d66a3e
D/ActivityManager(  911): BDC-Finishing receiver: android.os.BinderProxy@39726d6b
D/ActivityThread( 1635): BDC-RECEIVER handled : 0 / ReceiverData{intent=Intent { act=android.intent.action.PACKAGE_CHANGED dat=package:com.android.stk flg=0x4000010 cmp=com.android.systemui/.floatpanel.FloatModel (has extras) } packageName=com.android.systemui resultCode=0 resultData=null resultExtras=null}
D/ActivityManager(  911): BroadcastRecord{60f9baa u0 android.intent.action.PACKAGE_CHANGED}, spend: 8, android.os.BinderProxy@39726d6b, ActivityInfo{3d610aba com.android.systemui.floatpanel.FloatModel}
D/BroadcastQueue(  911): BroadcastRecord{60f9baa u0 android.intent.action.PACKAGE_CHANGED}, #3 ActivityInfo{258f439b com.android.gallery3d.app.PackagesMonitor}
I/ActivityManager(  911): Start proc 2874:com.android.gallery3d/u0a30 for broadcast com.android.gallery3d/.app.PackagesMonitor
D/ActivityManager(  911): ACT-attachApplication pid 2874 to thread android.app.ApplicationThreadProxy@97b3338
W/ActivityManager(  911): Skip forceProcessStateUpTo() to newState 8
D/BroadcastQueue(  911): BDC-Delivered broadcast: Intent { act=android.intent.action.PACKAGE_CHANGED dat=package:com.android.stk flg=0x4000010 cmp=com.android.gallery3d/.app.PackagesMonitor (has extras) }, queue=background, ordered=false, app=ProcessRecord{28600f11 2874:com.android.gallery3d/u0a30}, receiver=android.os.BinderProxy@2da3c876
D/ActivityManager(  911): getContentProviderImpl: from caller=android.app.ApplicationThreadProxy@17147e77 (pid=2874, userId=0) to get content provider settings cpr=ContentProviderRecord{3d66e8a5 u0 com.android.providers.settings/.SettingsProvider}
D/ActivityManager(  911): getContentProviderImpl: updateLruProcessLocked cpr.proc=ProcessRecord{2de91dc1 911:system/1000}
D/ActivityThread( 2874): hoder:android.app.IActivityManager$ContentProviderHolder@2855df3c,provider,holder.Provider:android.content.ContentProviderProxy@3afc84c5
V/SettingsProvider(  911): call(system:anr_debugging_mechanism) for 0
W/ResourcesManager( 2874): Asset path '/system/framework/com.mediatek.effect.jar' does not exist or contains no resources.
D/ActivityThread( 2874): installProvider: context.getPackageName()=com.android.gallery3d
D/ActivityThread( 2874): installProvider: context.getPackageName()=com.android.gallery3d
D/ActivityThread( 2874): installProvider: context.getPackageName()=com.android.gallery3d
D/ActivityManager(  911): publishContentProviders: from caller=android.app.ApplicationThreadProxy@194c4ae4 (pid=2874)
D/ActivityThread( 2874): BIND_APPLICATION handled : 0 / AppBindData{appInfo=ApplicationInfo{1a07be com.android.gallery3d}}
D/ActivityThread( 2874): BDC-Calling onReceive: intent=Intent { act=android.intent.action.PACKAGE_CHANGED dat=package:com.android.stk flg=0x4000010 cmp=com.android.gallery3d/.app.PackagesMonitor (has extras) }, receiver=com.android.gallery3d.app.PackagesMonitor@296d8f6c
D/ActivityManager(  911): SVC-Sent arguments: ServiceRecord{16f53150 u0 com.android.gallery3d/.app.PackagesMonitor$AsyncService}, app=ProcessRecord{28600f11 2874:com.android.gallery3d/u0a30}, args=Intent { act=android.intent.action.PACKAGE_CHANGED dat=package:com.android.stk flg=0x4000010 cmp=com.android.gallery3d/.app.PackagesMonitor$AsyncService (has extras) }, flags=0
D/ActivityManager(  911): BDC-Finishing receiver: android.os.BinderProxy@2da3c876
D/ActivityThread( 2874): BDC-RECEIVER handled : 0 / ReceiverData{intent=Intent { act=android.intent.action.PACKAGE_CHANGED dat=package:com.android.stk flg=0x4000010 cmp=com.android.gallery3d/.app.PackagesMonitor$AsyncService (has extras) } packageName=com.android.gallery3d resultCode=0 resultData=null resultExtras=null}
D/ActivityManager(  911): BroadcastRecord{60f9baa u0 android.intent.action.PACKAGE_CHANGED}, spend: 349, android.os.BinderProxy@2da3c876, ActivityInfo{258f439b com.android.gallery3d.app.PackagesMonitor}
D/BroadcastQueue(  911): BDC-mStartingBackground size = 1 mStartingBackground = [ServiceRecord{16f53150 u0 com.android.gallery3d/.app.PackagesMonitor$AsyncService}] mMaxStartingBackground = 1
I/ActivityManager(  911): BDC-Delay finish: com.android.gallery3d/.app.PackagesMonitor
D/ActivityThread( 2874): SVC-Creating service: CreateServiceData{token=android.os.BinderProxy@1ee12935 className=com.android.gallery3d.app.PackagesMonitor$AsyncService packageName=com.android.gallery3d intent=null}
D/ActivityManager(  911): SVC-Executing service done: ServiceRecord{16f53150 u0 com.android.gallery3d/.app.PackagesMonitor$AsyncService}, type=0, startId=0, res=0
D/ActivityThread( 2874): SVC-CREATE_SERVICE handled : 0 / CreateServiceData{token=android.os.BinderProxy@1ee12935 className=com.android.gallery3d.app.PackagesMonitor$AsyncService packageName=com.android.gallery3d intent=null}
D/ActivityManager(  911): SVC-Executing service done: ServiceRecord{16f53150 u0 com.android.gallery3d/.app.PackagesMonitor$AsyncService}, type=1, startId=1, res=2
D/ActivityThread( 2874): SVC-SERVICE_ARGS handled : 0 / ServiceArgsData{token=android.os.BinderProxy@1ee12935 startId=1 args=Intent { act=android.intent.action.PACKAGE_CHANGED dat=package:com.android.stk flg=0x4000010 cmp=com.android.gallery3d/.app.PackagesMonitor$AsyncService (has extras) }}
I/ActivityManager(  911): BDC-Resuming delayed broadcast
D/BroadcastQueue(  911): Non-ordered [background] BroadcastRecord{60f9baa u0 android.intent.action.PACKAGE_CHANGED}, 4 receivers, Total: 16061, Waiting: 15633, Processing: 428
V/BroadcastQueue(  911): Processing ordered broadcast [background] BroadcastRecord{2f4c8f49 u-1 android.intent.action.SIM_STATE_CHANGED}, 6 receivers
D/BroadcastQueue(  911): BroadcastRecord{2f4c8f49 u-1 android.intent.action.SIM_STATE_CHANGED}, #0 ActivityInfo{3dfd50d7 com.mediatek.ppl.PplReceiver}
D/BroadcastQueue(  911): BDC-Delivered broadcast: Intent { act=android.intent.action.SIM_STATE_CHANGED flg=0x4000010 cmp=com.mediatek.ppl/.PplReceiver (has extras) }, queue=background, ordered=false, app=ProcessRecord{18de7cde 2290:com.mediatek.ppl/1000}, receiver=android.os.BinderProxy@127afebf
D/ActivityThread( 2290): BDC-Calling onReceive: intent=Intent { act=android.intent.action.SIM_STATE_CHANGED flg=0x4000010 cmp=com.mediatek.ppl/.PplReceiver (has extras) }, receiver=com.mediatek.ppl.PplReceiver@355a3658
W/ContextImpl( 2290): Calling a method in the system process without a qualified user: android.app.ContextImpl.startService:1827 android.content.ContextWrapper.startService:516 android.content.ContextWrapper.startService:516 com.mediatek.ppl.PplReceiver.onReceive:53 android.app.ActivityThread.handleReceiver:2844 
D/ActivityManager(  911): SVC-Sent arguments: ServiceRecord{12b7704e u0 com.mediatek.ppl/.PplService}, app=ProcessRecord{18de7cde 2290:com.mediatek.ppl/1000}, args=Intent { act=android.intent.action.SIM_STATE_CHANGED flg=0x4000010 cmp=com.mediatek.ppl/.PplService (has extras) }, flags=0
D/ActivityManager(  911): BDC-Finishing receiver: android.os.BinderProxy@127afebf
D/ActivityThread( 2290): BDC-RECEIVER handled : 0 / ReceiverData{intent=Intent { act=android.intent.action.SIM_STATE_CHANGED flg=0x4000010 cmp=com.mediatek.ppl/.PplService (has extras) } packageName=com.mediatek.ppl resultCode=-1 resultData=null resultExtras=null}
D/ActivityManager(  911): BroadcastRecord{2f4c8f49 u-1 android.intent.action.SIM_STATE_CHANGED}, spend: 15, android.os.BinderProxy@127afebf, ActivityInfo{3dfd50d7 com.mediatek.ppl.PplReceiver}
D/BroadcastQueue(  911): BroadcastRecord{2f4c8f49 u-1 android.intent.action.SIM_STATE_CHANGED}, #1 ActivityInfo{79b5a09 com.mediatek.contacts.simcontact.BootCmpReceiver}
D/ActivityThread( 2290): SVC-Creating service: CreateServiceData{token=android.os.BinderProxy@140823b1 className=com.mediatek.ppl.PplService packageName=com.mediatek.ppl intent=null}
D/BroadcastQueue(  911): BDC-Delivered broadcast: Intent { act=android.intent.action.SIM_STATE_CHANGED flg=0x4000010 cmp=com.android.contacts/com.mediatek.contacts.simcontact.BootCmpReceiver (has extras) }, queue=background, ordered=false, app=ProcessRecord{2d1a90e9 2238:com.android.contacts/u0a2}, receiver=android.os.BinderProxy@9ace16e
D/ActivityThread( 2238): BDC-Calling onReceive: intent=Intent { act=android.intent.action.SIM_STATE_CHANGED flg=0x4000010 cmp=com.android.contacts/com.mediatek.contacts.simcontact.BootCmpReceiver (has extras) }, receiver=com.mediatek.contacts.simcontact.BootCmpReceiver@2af971b
D/ActivityManager(  911): BDC-Finishing receiver: android.os.BinderProxy@9ace16e
D/ActivityThread( 2238): BDC-RECEIVER handled : 0 / ReceiverData{intent=Intent { act=android.intent.action.SIM_STATE_CHANGED flg=0x4000010 cmp=com.android.contacts/com.mediatek.contacts.simcontact.BootCmpReceiver (has extras) } packageName=com.android.contacts resultCode=0 resultData=null resultExtras=null}
D/ActivityManager(  911): BroadcastRecord{2f4c8f49 u-1 android.intent.action.SIM_STATE_CHANGED}, spend: 14, android.os.BinderProxy@9ace16e, ActivityInfo{79b5a09 com.mediatek.contacts.simcontact.BootCmpReceiver}
D/BroadcastQueue(  911): BroadcastRecord{2f4c8f49 u-1 android.intent.action.SIM_STATE_CHANGED}, #2 ActivityInfo{3755d589 com.mediatek.wfc.WfcSettingsReceiver}
D/ActivityThread( 2874): SVC-Destroying service: com.android.gallery3d.app.PackagesMonitor$AsyncService@2e89df3b
D/ActivityThread( 2874): SVC-STOP_SERVICE handled : 0 / android.os.BinderProxy@1ee12935
D/BroadcastQueue(  911): BDC-Delivered broadcast: Intent { act=android.intent.action.SIM_STATE_CHANGED flg=0x4000010 cmp=com.android.settings/com.mediatek.wfc.WfcSettingsReceiver (has extras) }, queue=background, ordered=false, app=ProcessRecord{1c1eb00b 1812:com.android.settings/1000}, receiver=android.os.BinderProxy@6367ee8
D/ActivityThread( 1812): BDC-Calling onReceive: intent=Intent { act=android.intent.action.SIM_STATE_CHANGED flg=0x4000010 cmp=com.android.settings/com.mediatek.wfc.WfcSettingsReceiver (has extras) }, receiver=com.mediatek.wfc.WfcSettingsReceiver@1608083a
D/ActivityManager(  911): SVC-Executing service done: ServiceRecord{16f53150 u0 com.android.gallery3d/.app.PackagesMonitor$AsyncService}, type=2, startId=0, res=0
D/ActivityThread( 1812): BDC-RECEIVER handled : 0 / ReceiverData{intent=Intent { act=android.intent.action.SIM_STATE_CHANGED flg=0x4000010 cmp=com.android.settings/com.mediatek.wfc.WfcSettingsReceiver (has extras) } packageName=com.android.settings resultCode=0 resultData=null resultExtras=null}
D/ActivityManager(  911): BDC-Finishing receiver: android.os.BinderProxy@6367ee8
D/ActivityManager(  911): BroadcastRecord{2f4c8f49 u-1 android.intent.action.SIM_STATE_CHANGED}, spend: 12, android.os.BinderProxy@6367ee8, ActivityInfo{3755d589 com.mediatek.wfc.WfcSettingsReceiver}
D/BroadcastQueue(  911): BroadcastRecord{2f4c8f49 u-1 android.intent.action.SIM_STATE_CHANGED}, #3 ActivityInfo{2f56009a com.android.stk.BootCompletedReceiver}
D/ActivityThread( 2290): SVC-CREATE_SERVICE handled : 0 / CreateServiceData{token=android.os.BinderProxy@140823b1 className=com.mediatek.ppl.PplService packageName=com.mediatek.ppl intent=null}
D/BroadcastQueue(  911): BDC-Delivered broadcast: Intent { act=android.intent.action.SIM_STATE_CHANGED flg=0x4000010 cmp=com.android.stk/.BootCompletedReceiver (has extras) }, queue=background, ordered=false, app=ProcessRecord{2a87b3b6 1794:com.android.phone/1001}, receiver=android.os.BinderProxy@2ce95dcb
V/NotificationService(  911): enqueueNotificationInternal: pkg=com.mediatek.ppl id=1 notification=Notification(pri=0 contentView=com.mediatek.ppl/0x1090077 vibrate=null sound=null defaults=0x0 flags=0x10000040 color=0xff607d8b vis=PRIVATE)
D/ActivityThread( 1794): BDC-Calling onReceive: intent=Intent { act=android.intent.action.SIM_STATE_CHANGED flg=0x4000010 cmp=com.android.stk/.BootCompletedReceiver (has extras) }, receiver=com.android.stk.BootCompletedReceiver@29f6339e
D/ActivityManager(  911): SVC-Executing service done: ServiceRecord{12b7704e u0 com.mediatek.ppl/.PplService}, type=0, startId=0, res=0
V/MoMS.NotificationController(  911): notifications are enabled for com.mediatek.ppl
D/ActivityManager(  911): SVC-Executing service done: ServiceRecord{12b7704e u0 com.mediatek.ppl/.PplService}, type=1, startId=1, res=2
D/ActivityThread( 2290): SVC-SERVICE_ARGS handled : 0 / ServiceArgsData{token=android.os.BinderProxy@140823b1 startId=1 args=Intent { act=android.intent.action.SIM_STATE_CHANGED flg=0x4000010 cmp=com.mediatek.ppl/.PplService (has extras) }}
D/ActivityThread( 2290): SVC-Destroying service: com.mediatek.ppl.PplService@e3d5096
D/ActivityManager(  911): SVC-Sent arguments: ServiceRecord{3d4c6c08 u0 com.android.stk/.StkAppService}, app=ProcessRecord{2a87b3b6 1794:com.android.phone/1001}, args=Intent { cmp=com.android.stk/.StkAppService (has extras) }, flags=0
D/ActivityManager(  911): BDC-Finishing receiver: android.os.BinderProxy@2ce95dcb
D/ActivityThread( 1794): BDC-RECEIVER handled : 0 / ReceiverData{intent=Intent { act=android.intent.action.SIM_STATE_CHANGED flg=0x4000010 cmp=com.android.stk/.BootCompletedReceiver (has extras) } packageName=com.android.stk resultCode=0 resultData=null resultExtras=null}
D/ActivityManager(  911): BroadcastRecord{2f4c8f49 u-1 android.intent.action.SIM_STATE_CHANGED}, spend: 15, android.os.BinderProxy@2ce95dcb, ActivityInfo{2f56009a com.android.stk.BootCompletedReceiver}
D/BroadcastQueue(  911): BroadcastRecord{2f4c8f49 u-1 android.intent.action.SIM_STATE_CHANGED}, #4 ActivityInfo{1b8d04a9 com.mediatek.selfregister.RegisterReceiver}
E/NotificationService(  911): Not posting notification with icon==0: Notification(pri=0 contentView=com.mediatek.ppl/0x1090077 vibrate=null sound=null defaults=0x0 flags=0x10000062 color=0xff607d8b vis=PRIVATE)
E/NotificationService(  911): WARNING: In a future release this will crash the app: com.mediatek.ppl
V/NotificationService(  911): pkg=com.mediatek.ppl canInterrupt=true intercept=false
D/BroadcastQueue(  911): BDC-Delivered broadcast: Intent { act=android.intent.action.SIM_STATE_CHANGED flg=0x4000010 cmp=com.mediatek.selfregister/.RegisterReceiver (has extras) }, queue=background, ordered=false, app=ProcessRecord{3e60a1d9 2316:com.mediatek.selfregister/u0a51}, receiver=android.os.BinderProxy@74b379e
D/ActivityThread( 2316): BDC-Calling onReceive: intent=Intent { act=android.intent.action.SIM_STATE_CHANGED flg=0x4000010 cmp=com.mediatek.selfregister/.RegisterReceiver (has extras) }, receiver=com.mediatek.selfregister.RegisterReceiver@1ee12935
V/NotificationService(  911): Interrupting!
D/ActivityThread( 2290): SVC-STOP_SERVICE handled : 0 / android.os.BinderProxy@140823b1
D/ActivityManager(  911): BDC-Finishing receiver: android.os.BinderProxy@74b379e
D/ActivityManager(  911): BroadcastRecord{2f4c8f49 u-1 android.intent.action.SIM_STATE_CHANGED}, spend: 10, android.os.BinderProxy@74b379e, ActivityInfo{1b8d04a9 com.mediatek.selfregister.RegisterReceiver}
D/BroadcastQueue(  911): BroadcastRecord{2f4c8f49 u-1 android.intent.action.SIM_STATE_CHANGED}, #5 ActivityInfo{2ff6e738 com.android.utk.BootCompletedReceiver}
D/ActivityThread( 1794): SVC-SERVICE_ARGS handled : 0 / ServiceArgsData{token=android.os.BinderProxy@31920214 startId=3 args=Intent { cmp=com.android.stk/.StkAppService (has extras) }}
D/ActivityThread( 2316): BDC-RECEIVER handled : 0 / ReceiverData{intent=Intent { act=android.intent.action.SIM_STATE_CHANGED flg=0x4000010 cmp=com.mediatek.selfregister/.RegisterReceiver (has extras) } packageName=com.mediatek.selfregister resultCode=0 resultData=null resultExtras=null}
D/BroadcastQueue(  911): BDC-Delivered broadcast: Intent { act=android.intent.action.SIM_STATE_CHANGED flg=0x4000010 cmp=com.android.utk/.BootCompletedReceiver (has extras) }, queue=background, ordered=false, app=ProcessRecord{2a87b3b6 1794:com.android.phone/1001}, receiver=android.os.BinderProxy@2ce95dcb
D/ActivityThread( 1794): BDC-Calling onReceive: intent=Intent { act=android.intent.action.SIM_STATE_CHANGED flg=0x4000010 cmp=com.android.utk/.BootCompletedReceiver (has extras) }, receiver=com.android.utk.BootCompletedReceiver@ae04e4c
D/ActivityThread( 1794): BDC-RECEIVER handled : 0 / ReceiverData{intent=Intent { act=android.intent.action.SIM_STATE_CHANGED flg=0x4000010 cmp=com.android.utk/.BootCompletedReceiver (has extras) } packageName=com.android.utk resultCode=0 resultData=null resultExtras=null}
D/ActivityManager(  911): SVC-Executing service done: ServiceRecord{12b7704e u0 com.mediatek.ppl/.PplService}, type=2, startId=0, res=0
I/ActivityManager(  911): Killing 2145:com.mediatek.providers.drm/u0a26 (adj 15): empty #17
D/PowerManagerService(  911): userActivityFromNative
D/PowerManagerService(  911): userActivityNoUpdateLocked: eventTime=139376, event=2, flags=0x0, uid=1000
D/PowerManagerNotifier(  911): onUserActivity: event=2, uid=1000
D/PowerManagerService(  911): updateUserActivitySummaryLocked: mWakefulness=Awake, mUserActivitySummary=0x1, nextTimeout=147376 (in 7998 ms)
D/PowerManagerService(  911): mDisplayPowerRequest.policy = 3
D/DisplayPowerController(  911): requestPowerState: policy=BRIGHT, useProximitySensor=false, screenBrightness=102, screenAutoBrightnessAdjustment=0.0, useAutoBrightness=false, blockScreenOn=false, lowPowerMode=false, boostScreenBrightness=false, dozeScreenBrightness=-1, dozeScreenState=UNKNOWN, waitForNegativeProximity=false
I/PowerManagerService(  911): setBrightness mButtonLight 0.
D/PowerManagerService(  911): updateDisplayPowerStateLocked: mDisplayReady=true, policy=3, mWakefulness=1, mWakeLockSummary=0x1, mUserActivitySummary=0x1, mBootCompleted=true, mScreenBrightnessBoostInProgress=false
